Component: ARM Compiler 6.16 Tool: armlink [5dfeaa00]

==============================================================================

Section Cross References

    app.o(.text.App_Config) refers to clocks.o(.text.Clocks_Init) for Clocks_Init
    app.o(.text.App_Config) refers to timeout.o(.text.Timeout_Init) for Timeout_Init
    app.o(.text.App_Config) refers to radio.o(.text.Radio_Init) for Radio_Init
    app.o(.text.App_Config) refers to led.o(.text.LED_Init) for LED_Init
    app.o(.ARM.exidx.text.App_Config) refers to app.o(.text.App_Config) for [Anonymous Symbol]
    app.o(.text.App_Mainloop) refers to radio.o(.text.Radio_Rx) for Radio_Rx
    app.o(.text.App_Mainloop) refers to led.o(.text.LED_Set_State) for LED_Set_State
    app.o(.text.App_Mainloop) refers to timeout.o(.text.Timeout_Set_MicroSeconds) for Timeout_Set_MicroSeconds
    app.o(.text.App_Mainloop) refers to timeout.o(.text.Timeout_Error_Assign) for Timeout_Error_Assign
    app.o(.text.App_Mainloop) refers to timeout.o(.text.Timeout_Clear_Assignment) for Timeout_Clear_Assignment
    app.o(.ARM.exidx.text.App_Mainloop) refers to app.o(.text.App_Mainloop) for [Anonymous Symbol]
    main.o(.text.main) refers to app.o(.text.App_Config) for App_Config
    main.o(.text.main) refers to app.o(.text.App_Mainloop) for App_Mainloop
    main.o(.ARM.exidx.text.main) refers to main.o(.text.main) for [Anonymous Symbol]
    timeout.o(.text.Timeout_Struct_Init) refers to timeout.o(.bss.Timeout.0) for Timeout.0
    timeout.o(.text.Timeout_Struct_Init) refers to timeout.o(.bss.Timeout.1) for Timeout.1
    timeout.o(.ARM.exidx.text.Timeout_Struct_Init) refers to timeout.o(.text.Timeout_Struct_Init) for [Anonymous Symbol]
    timeout.o(.text.Timeout_Reg_Init) refers to clocks.o(.text.Clocks_LFCLK_RC_Start_Request) for Clocks_LFCLK_RC_Start_Request
    timeout.o(.ARM.exidx.text.Timeout_Reg_Init) refers to timeout.o(.text.Timeout_Reg_Init) for [Anonymous Symbol]
    timeout.o(.text.Timeout_Set_MicroSeconds) refers to rtc.o(.text.RTC_RTC1_Set_Timeout) for RTC_RTC1_Set_Timeout
    timeout.o(.ARM.exidx.text.Timeout_Set_MicroSeconds) refers to timeout.o(.text.Timeout_Set_MicroSeconds) for [Anonymous Symbol]
    timeout.o(.text.Timeout_Error_Assign) refers to rtc.o(.text.RTC_RTC1_Timeout_Event) for RTC_RTC1_Timeout_Event
    timeout.o(.text.Timeout_Error_Assign) refers to timeout.o(.bss.Timeout.1) for Timeout.1
    timeout.o(.text.Timeout_Error_Assign) refers to timeout.o(.bss.Timeout.0) for Timeout.0
    timeout.o(.text.Timeout_Error_Assign) refers to rtc.o(.text.RTC_RTC1_Timeout_Event_Clear) for RTC_RTC1_Timeout_Event_Clear
    timeout.o(.ARM.exidx.text.Timeout_Error_Assign) refers to timeout.o(.text.Timeout_Error_Assign) for [Anonymous Symbol]
    timeout.o(.text.Timeout_Error_Force_Assign) refers to timeout.o(.bss.Timeout.1) for Timeout.1
    timeout.o(.text.Timeout_Error_Force_Assign) refers to timeout.o(.bss.Timeout.0) for Timeout.0
    timeout.o(.ARM.exidx.text.Timeout_Error_Force_Assign) refers to timeout.o(.text.Timeout_Error_Force_Assign) for [Anonymous Symbol]
    timeout.o(.text.Timeout_Clear_Assignment) refers to rtc.o(.text.RTC_RTC1_Clear_Timeout) for RTC_RTC1_Clear_Timeout
    timeout.o(.text.Timeout_Clear_Assignment) refers to rtc.o(.text.RTC_RTC1_Timeout_Event_Clear) for RTC_RTC1_Timeout_Event_Clear
    timeout.o(.ARM.exidx.text.Timeout_Clear_Assignment) refers to timeout.o(.text.Timeout_Clear_Assignment) for [Anonymous Symbol]
    timeout.o(.text.Timeout_Error_Get) refers to timeout.o(.bss.Timeout.0) for Timeout.0
    timeout.o(.ARM.exidx.text.Timeout_Error_Get) refers to timeout.o(.text.Timeout_Error_Get) for [Anonymous Symbol]
    timeout.o(.text.Timeout_Error_Clear) refers to timeout.o(.bss.Timeout.0) for Timeout.0
    timeout.o(.ARM.exidx.text.Timeout_Error_Clear) refers to timeout.o(.text.Timeout_Error_Clear) for [Anonymous Symbol]
    timeout.o(.text.Timeout_Sticky_Error_Get) refers to timeout.o(.bss.Timeout.1) for Timeout.1
    timeout.o(.ARM.exidx.text.Timeout_Sticky_Error_Get) refers to timeout.o(.text.Timeout_Sticky_Error_Get) for [Anonymous Symbol]
    timeout.o(.text.Timeout_Sticky_Error_Clear) refers to timeout.o(.bss.Timeout.1) for Timeout.1
    timeout.o(.ARM.exidx.text.Timeout_Sticky_Error_Clear) refers to timeout.o(.text.Timeout_Sticky_Error_Clear) for [Anonymous Symbol]
    timeout.o(.text.Timeout_Init) refers to timeout.o(.text.Timeout_Struct_Init) for Timeout_Struct_Init
    timeout.o(.text.Timeout_Init) refers to timeout.o(.text.Timeout_Reg_Init) for Timeout_Reg_Init
    timeout.o(.ARM.exidx.text.Timeout_Init) refers to timeout.o(.text.Timeout_Init) for [Anonymous Symbol]
    radio.o(.text.Radio_Struct_Init) refers to radio.o(.bss.Radio) for Radio
    radio.o(.ARM.exidx.text.Radio_Struct_Init) refers to radio.o(.text.Radio_Struct_Init) for [Anonymous Symbol]
    radio.o(.text.Radio_Reg_Init) refers to radio.o(.bss.Radio) for Radio
[...]
    __rtentry4.o(.ARM.Collect$$rtentry$$00000004) refers to sys_stackheap_outer.o(.text) for __user_setup_stackheap
    __rtentry4.o(.ARM.exidx) refers to __rtentry4.o(.ARM.Collect$$rtentry$$00000004) for .ARM.Collect$$rtentry$$00000004
    sys_stackheap_outer.o(.text) refers to libspace.o(.text) for __user_perproc_libspace
    sys_stackheap_outer.o(.text) refers to arm_startup_nrf52.o(.text) for __user_initial_stackheap
    exit.o(.text) refers to rtexit.o(.ARM.Collect$$rtexit$$00000000) for __rt_exit
    libinit.o(.ARM.Collect$$libinit$$00000000) refers (Special) to libinit2.o(.ARM.Collect$$libinit$$0000002E) for __rt_lib_init_alloca_1
    libinit.o(.ARM.Collect$$libinit$$00000000) refers (Special) to libinit2.o(.ARM.Collect$$libinit$$0000002C) for __rt_lib_init_argv_1
    libinit.o(.ARM.Collect$$libinit$$00000000) refers (Special) to libinit2.o(.ARM.Collect$$libinit$$0000001B) for __rt_lib_init_atexit_1
    libinit.o(.ARM.Collect$$libinit$$00000000) refers (Special) to libinit2.o(.ARM.Collect$$libinit$$00000021) for __rt_lib_init_clock_1
    libinit.o(.ARM.Collect$$libinit$$00000000) refers (Special) to libinit2.o(.ARM.Collect$$libinit$$00000032) for __rt_lib_init_cpp_1
    libinit.o(.ARM.Collect$$libinit$$00000000) refers (Special) to libinit2.o(.ARM.Collect$$libinit$$00000030) for __rt_lib_init_exceptions_1
    libinit.o(.ARM.Collect$$libinit$$00000000) refers (Special) to libinit2.o(.ARM.Collect$$libinit$$00000001) for __rt_lib_init_fp_1
    libinit.o(.ARM.Collect$$libinit$$00000000) refers (Special) to libinit2.o(.ARM.Collect$$libinit$$0000001F) for __rt_lib_init_fp_trap_1
    libinit.o(.ARM.Collect$$libinit$$00000000) refers (Special) to libinit2.o(.ARM.Collect$$libinit$$00000023) for __rt_lib_init_getenv_1
    libinit.o(.ARM.Collect$$libinit$$00000000) refers (Special) to libinit2.o(.ARM.Collect$$libinit$$0000000A) for __rt_lib_init_heap_1
    libinit.o(.ARM.Collect$$libinit$$00000000) refers (Special) to libinit2.o(.ARM.Collect$$libinit$$00000011) for __rt_lib_init_lc_collate_1
    libinit.o(.ARM.Collect$$libinit$$00000000) refers (Special) to libinit2.o(.ARM.Collect$$libinit$$00000013) for __rt_lib_init_lc_ctype_1
    libinit.o(.ARM.Collect$$libinit$$00000000) refers (Special) to libinit2.o(.ARM.Collect$$libinit$$00000015) for __rt_lib_init_lc_monetary_1
    libinit.o(.ARM.Collect$$libinit$$00000000) refers (Special) to libinit2.o(.ARM.Collect$$libinit$$00000017) for __rt_lib_init_lc_numeric_1
    libinit.o(.ARM.Collect$$libinit$$00000000) refers (Special) to libinit2.o(.ARM.Collect$$libinit$$00000019) for __rt_lib_init_lc_time_1
    libinit.o(.ARM.Collect$$libinit$$00000000) refers (Special) to libinit2.o(.ARM.Collect$$libinit$$00000004) for __rt_lib_init_preinit_1
    libinit.o(.ARM.Collect$$libinit$$00000000) refers (Special) to libinit2.o(.ARM.Collect$$libinit$$0000000E) for __rt_lib_init_rand_1
    libinit.o(.ARM.Collect$$libinit$$00000000) refers (Special) to libinit2.o(.ARM.Collect$$libinit$$00000033) for __rt_lib_init_return
    libinit.o(.ARM.Collect$$libinit$$00000000) refers (Special) to libinit2.o(.ARM.Collect$$libinit$$0000001D) for __rt_lib_init_signal_1
    libinit.o(.ARM.Collect$$libinit$$00000000) refers (Special) to libinit2.o(.ARM.Collect$$libinit$$00000025) for __rt_lib_init_stdio_1
    libinit.o(.ARM.Collect$$libinit$$00000000) refers (Special) to libinit2.o(.ARM.Collect$$libinit$$0000000C) for __rt_lib_init_user_alloc_1
    libspace.o(.text) refers to libspace.o(.bss) for __libspace_start
    rtexit.o(.ARM.Collect$$rtexit$$00000000) refers (Special) to rtexit2.o(.ARM.Collect$$rtexit$$00000004) for __rt_exit_exit
    rtexit.o(.ARM.Collect$$rtexit$$00000000) refers (Special) to rtexit2.o(.ARM.Collect$$rtexit$$00000003) for __rt_exit_ls
    rtexit.o(.ARM.Collect$$rtexit$$00000000) refers (Special) to rtexit2.o(.ARM.Collect$$rtexit$$00000002) for __rt_exit_prels_1
    rtexit.o(.ARM.exidx) refers (Special) to rtexit2.o(.ARM.Collect$$rtexit$$00000004) for __rt_exit_exit
    rtexit.o(.ARM.exidx) refers (Special) to rtexit2.o(.ARM.Collect$$rtexit$$00000003) for __rt_exit_ls
    rtexit.o(.ARM.exidx) refers (Special) to rtexit2.o(.ARM.Collect$$rtexit$$00000002) for __rt_exit_prels_1
    rtexit.o(.ARM.exidx) refers to rtexit.o(.ARM.Collect$$rtexit$$00000000) for .ARM.Collect$$rtexit$$00000000
    libinit2.o(.ARM.Collect$$libinit$$00000001) refers to fpinit.o(x$fpl$fpinit) for _fp_init
    libinit2.o(.ARM.Collect$$libinit$$00000010) refers to libinit2.o(.ARM.Collect$$libinit$$0000000F) for .ARM.Collect$$libinit$$0000000F
    libinit2.o(.ARM.Collect$$libinit$$00000012) refers to libinit2.o(.ARM.Collect$$libinit$$0000000F) for .ARM.Collect$$libinit$$0000000F
    libinit2.o(.ARM.Collect$$libinit$$00000014) refers to libinit2.o(.ARM.Collect$$libinit$$0000000F) for .ARM.Collect$$libinit$$0000000F
    libinit2.o(.ARM.Collect$$libinit$$00000016) refers to libinit2.o(.ARM.Collect$$libinit$$0000000F) for .ARM.Collect$$libinit$$0000000F
    libinit2.o(.ARM.Collect$$libinit$$00000018) refers to libinit2.o(.ARM.Collect$$libinit$$0000000F) for .ARM.Collect$$libinit$$0000000F
    libinit2.o(.ARM.Collect$$libinit$$00000026) refers to argv_veneer.o(.emb_text) for __ARM_argv_veneer
    libinit2.o(.ARM.Collect$$libinit$$00000027) refers to argv_veneer.o(.emb_text) for __ARM_argv_veneer
    rtexit2.o(.ARM.Collect$$rtexit$$00000003) refers to libshutdown.o(.ARM.Collect$$libshutdown$$00000000) for __rt_lib_shutdown
    rtexit2.o(.ARM.Collect$$rtexit$$00000004) refers to sys_exit.o(.text) for _sys_exit
    rtexit2.o(.ARM.exidx) refers to rtexit2.o(.ARM.Collect$$rtexit$$00000001) for .ARM.Collect$$rtexit$$00000001
    rtexit2.o(.ARM.exidx) refers to rtexit2.o(.ARM.Collect$$rtexit$$00000003) for .ARM.Collect$$rtexit$$00000003
    rtexit2.o(.ARM.exidx) refers to rtexit2.o(.ARM.Collect$$rtexit$$00000004) for .ARM.Collect$$rtexit$$00000004
    argv_veneer.o(.emb_text) refers to no_argv.o(.text) for __ARM_get_argv
    sys_exit.o(.text) refers (Special) to use_no_semi.o(.text) for __I$use$semihosting
    sys_exit.o(.text) refers (Special) to indicate_semi.o(.text) for __semihosting_library_function
    sys_exit_hlt.o(.text) refers (Special) to use_no_semi.o(.text) for __I$use$semihosting
    sys_exit_hlt.o(.text) refers (Special) to indicate_semi.o(.text) for __semihosting_library_function
    _get_argv_nomalloc.o(.text) refers (Special) to hrguard.o(.text) for __heap_region$guard
    _get_argv_nomalloc.o(.text) refers to defsig_rtmem_outer.o(.text) for __rt_SIGRTMEM
    _get_argv_nomalloc.o(.text) refers to sys_command.o(.text) for _sys_command_string
    libshutdown.o(.ARM.Collect$$libshutdown$$00000000) refers (Special) to libshutdown2.o(.ARM.Collect$$libshutdown$$00000002) for __rt_lib_shutdown_cpp_1
    libshutdown.o(.ARM.Collect$$libshutdown$$00000000) refers (Special) to libshutdown2.o(.ARM.Collect$$libshutdown$$00000007) for __rt_lib_shutdown_fp_trap_1
    libshutdown.o(.ARM.Collect$$libshutdown$$00000000) refers (Special) to libshutdown2.o(.ARM.Collect$$libshutdown$$0000000F) for __rt_lib_shutdown_heap_1
    libshutdown.o(.ARM.Collect$$libshutdown$$00000000) refers (Special) to libshutdown2.o(.ARM.Collect$$libshutdown$$00000010) for __rt_lib_shutdown_return
    libshutdown.o(.ARM.Collect$$libshutdown$$00000000) refers (Special) to libshutdown2.o(.ARM.Collect$$libshutdown$$0000000A) for __rt_lib_shutdown_signal_1
    libshutdown.o(.ARM.Collect$$libshutdown$$00000000) refers (Special) to libshutdown2.o(.ARM.Collect$$libshutdown$$00000004) for __rt_lib_shutdown_stdio_1
    libshutdown.o(.ARM.Collect$$libshutdown$$00000000) refers (Special) to libshutdown2.o(.ARM.Collect$$libshutdown$$0000000C) for __rt_lib_shutdown_user_alloc_1
    sys_command.o(.text) refers (Special) to use_no_semi.o(.text) for __I$use$semihosting
    sys_command.o(.text) refers (Special) to indicate_semi.o(.text) for __semihosting_library_function
    sys_command_hlt.o(.text) refers (Special) to use_no_semi.o(.text) for __I$use$semihosting
    sys_command_hlt.o(.text) refers (Special) to indicate_semi.o(.text) for __semihosting_library_function
    defsig_rtmem_outer.o(.text) refers to defsig_rtmem_inner.o(.text) for __rt_SIGRTMEM_inner
    defsig_rtmem_outer.o(.text) refers to defsig_exit.o(.text) for __sig_exit
    defsig_rtmem_formal.o(.text) refers to rt_raise.o(.text) for __rt_raise
    rt_raise.o(.text) refers to __raise.o(.text) for __raise
    rt_raise.o(.text) refers to sys_exit.o(.text) for _sys_exit
    defsig_exit.o(.text) refers to sys_exit.o(.text) for _sys_exit
    defsig_rtmem_inner.o(.text) refers to defsig_general.o(.text) for __default_signal_display
    __raise.o(.text) refers to defsig.o(CL$$defsig) for __default_signal_handler
    defsig_general.o(.text) refers to sys_wrch.o(.text) for _ttywrch
    sys_wrch.o(.text) refers (Special) to use_no_semi.o(.text) for __I$use$semihosting
    sys_wrch.o(.text) refers (Special) to indicate_semi.o(.text) for __semihosting_library_function
    sys_wrch_hlt.o(.text) refers (Special) to use_no_semi.o(.text) for __I$use$semihosting
    sys_wrch_hlt.o(.text) refers (Special) to indicate_semi.o(.text) for __semihosting_library_function
    defsig.o(CL$$defsig) refers to defsig_rtmem_inner.o(.text) for __rt_SIGRTMEM_inner
    defsig_abrt_inner.o(.text) refers to defsig_general.o(.text) for __default_signal_display
    defsig_fpe_inner.o(.text) refers to defsig_general.o(.text) for __default_signal_display
    defsig_rtred_inner.o(.text) refers to defsig_general.o(.text) for __default_signal_display
    defsig_stak_inner.o(.text) refers to defsig_general.o(.text) for __default_signal_display
    defsig_pvfn_inner.o(.text) refers to defsig_general.o(.text) for __default_signal_display
    defsig_cppl_inner.o(.text) refers to defsig_general.o(.text) for __default_signal_display
    defsig_segv_inner.o(.text) refers to defsig_general.o(.text) for __default_signal_display
    defsig_other.o(.text) refers to defsig_general.o(.text) for __default_signal_display


==============================================================================

Removing Unused input sections from the image.

    Removing app.o(.text), (0 bytes).
    Removing app.o(.ARM.exidx.text.App_Config), (8 bytes).
    Removing app.o(.ARM.exidx.text.App_Mainloop), (8 bytes).
    Removing main.o(.text), (0 bytes).
    Removing main.o(.ARM.exidx.text.main), (8 bytes).
    Removing main.o(.ARM.use_no_argv), (4 bytes).
    Removing timeout.o(.text), (0 bytes).
    Removing timeout.o(.ARM.exidx.text.Timeout_Struct_Init), (8 bytes).
    Removing timeout.o(.ARM.exidx.text.Timeout_Reg_Init), (8 bytes).
    Removing timeout.o(.ARM.exidx.text.Timeout_Set_MicroSeconds), (8 bytes).
    Removing timeout.o(.ARM.exidx.text.Timeout_Error_Assign), (8 bytes).
    Removing timeout.o(.ARM.exidx.text.Timeout_Error_Force_Assign), (8 bytes).
    Removing timeout.o(.ARM.exidx.text.Timeout_Clear_Assignment), (8 bytes).
    Removing timeout.o(.ARM.exidx.text.Timeout_Error_Get), (8 bytes).
    Removing timeout.o(.ARM.exidx.text.Timeout_Error_Clear), (8 bytes).
    Removing timeout.o(.text.Timeout_Sticky_Error_Get), (12 bytes).
    Removing timeout.o(.ARM.exidx.text.Timeout_Sticky_Error_Get), (8 bytes).
    Removing timeout.o(.text.Timeout_Sticky_Error_Clear), (14 bytes).
    Removing timeout.o(.ARM.exidx.text.Timeout_Sticky_Error_Clear), (8 bytes).
    Removing timeout.o(.ARM.exidx.text.Timeout_Init), (8 bytes).
    Removing radio.o(.text), (0 bytes).
    Removing radio.o(.ARM.exidx.text.Radio_Struct_Init), (8 bytes).
    Removing radio.o(.ARM.exidx.text.Radio_Reg_Init), (8 bytes).
    Removing radio.o(.ARM.exidx.text.Radio_Power_Enable), (8 bytes).
    Removing radio.o(.ARM.exidx.text.Radio_Power_Disable), (8 bytes).
    Removing radio.o(.ARM.exidx.text.Radio_Active), (8 bytes).
    Removing radio.o(.ARM.exidx.text.Radio_Power_Down), (8 bytes).
    Removing radio.o(.text.Radio_Mode_Disable), (60 bytes).
    Removing radio.o(.ARM.exidx.text.Radio_Mode_Disable), (8 bytes).
    Removing radio.o(.text.Radio_Mode_Tx), (80 bytes).
    Removing radio.o(.ARM.exidx.text.Radio_Mode_Tx), (8 bytes).
    Removing radio.o(.ARM.exidx.text.Radio_Mode_Rx), (8 bytes).
    Removing radio.o(.text.Radio_Tx), (212 bytes).
    Removing radio.o(.ARM.exidx.text.Radio_Tx), (8 bytes).
    Removing radio.o(.ARM.exidx.text.Radio_Rx), (8 bytes).
    Removing radio.o(.ARM.exidx.text.Radio_Init), (8 bytes).
    Removing uart.o(.text), (0 bytes).
    Removing uart.o(.text.UART_Struct_Init), (78 bytes).
    Removing uart.o(.ARM.exidx.text.UART_Struct_Init), (8 bytes).
    Removing uart.o(.text.UART_RX_Packet_Struct_Init), (34 bytes).
    Removing uart.o(.ARM.exidx.text.UART_RX_Packet_Struct_Init), (8 bytes).
    Removing uart.o(.text.UART_Config_GPIO), (2 bytes).
    Removing uart.o(.ARM.exidx.text.UART_Config_GPIO), (8 bytes).
    Removing uart.o(.text.UART_Config_Clock), (2 bytes).
    Removing uart.o(.ARM.exidx.text.UART_Config_Clock), (8 bytes).
    Removing uart.o(.text.UART_Config_BAUD_Rate), (12 bytes).
    Removing uart.o(.ARM.exidx.text.UART_Config_BAUD_Rate), (8 bytes).
    Removing uart.o(.text.UART_Config_Tx), (36 bytes).
    Removing uart.o(.ARM.exidx.text.UART_Config_Tx), (8 bytes).
    Removing uart.o(.text.UART_Config_Rx), (36 bytes).
    Removing uart.o(.ARM.exidx.text.UART_Config_Rx), (8 bytes).
    Removing uart.o(.text.UART_Config_Rx_Interrupt), (2 bytes).
    Removing uart.o(.ARM.exidx.text.UART_Config_Rx_Interrupt), (8 bytes).
    Removing uart.o(.text.UART_Clear_Interrupt_Flag), (2 bytes).
    Removing uart.o(.ARM.exidx.text.UART_Clear_Interrupt_Flag), (8 bytes).
    Removing uart.o(.text.UART_Tx_Byte), (58 bytes).
    Removing uart.o(.ARM.exidx.text.UART_Tx_Byte), (8 bytes).
    Removing uart.o(.text.UART_Rx_Byte), (16 bytes).
    Removing uart.o(.ARM.exidx.text.UART_Rx_Byte), (8 bytes).
    Removing uart.o(.text.UART_Timer_Struct_Init), (20 bytes).
    Removing uart.o(.ARM.exidx.text.UART_Timer_Struct_Init), (8 bytes).
    Removing uart.o(.text.UART_Timer_Init), (2 bytes).
    Removing uart.o(.ARM.exidx.text.UART_Timer_Init), (8 bytes).
    Removing uart.o(.text.UART_Timer_Enable), (2 bytes).
    Removing uart.o(.ARM.exidx.text.UART_Timer_Enable), (8 bytes).
    Removing uart.o(.text.UART_Timer_Disable), (2 bytes).
    Removing uart.o(.ARM.exidx.text.UART_Timer_Disable), (8 bytes).
    Removing uart.o(.text.UART_Timer_Get_Status), (14 bytes).
    Removing uart.o(.ARM.exidx.text.UART_Timer_Get_Status), (8 bytes).
    Removing uart.o(.text.UART_Timer_Get_Val), (4 bytes).
    Removing uart.o(.ARM.exidx.text.UART_Timer_Get_Val), (8 bytes).
    Removing uart.o(.text.UART_Timer_Value_Reset), (2 bytes).
    Removing uart.o(.ARM.exidx.text.UART_Timer_Value_Reset), (8 bytes).
    Removing uart.o(.text.UART_Timer_Clear_Interrupt_Flag), (2 bytes).
    Removing uart.o(.ARM.exidx.text.UART_Timer_Clear_Interrupt_Flag), (8 bytes).
    Removing uart.o(.text.UART_Tx_Buf), (30 bytes).
    Removing uart.o(.ARM.exidx.text.UART_Tx_Buf), (8 bytes).
    Removing uart.o(.text.UART_Tx_NL), (16 bytes).
    Removing uart.o(.ARM.exidx.text.UART_Tx_NL), (8 bytes).
    Removing uart.o(.text.UART_Tx_SP), (10 bytes).
    Removing uart.o(.ARM.exidx.text.UART_Tx_SP), (8 bytes).
    Removing uart.o(.text.UART_Tx_CM), (10 bytes).
    Removing uart.o(.ARM.exidx.text.UART_Tx_CM), (8 bytes).
    Removing uart.o(.text.UART_Tx_Text), (34 bytes).
    Removing uart.o(.ARM.exidx.text.UART_Tx_Text), (8 bytes).
    Removing uart.o(.text.UART_Tx_Text_NL), (12 bytes).
    Removing uart.o(.ARM.exidx.text.UART_Tx_Text_NL), (8 bytes).
    Removing uart.o(.text.UART_Tx_Text_SP), (12 bytes).
    Removing uart.o(.ARM.exidx.text.UART_Tx_Text_SP), (8 bytes).
    Removing uart.o(.text.UART_Tx_Text_CM), (12 bytes).
    Removing uart.o(.ARM.exidx.text.UART_Tx_Text_CM), (8 bytes).
    Removing uart.o(.text.UART_Determine_Digit_Numbers), (72 bytes).
    Removing uart.o(.ARM.exidx.text.UART_Determine_Digit_Numbers), (8 bytes).
    Removing uart.o(.text.UART_Tx_Number_Digits), (36 bytes).
    Removing uart.o(.ARM.exidx.text.UART_Tx_Number_Digits), (8 bytes).
    Removing uart.o(.text.UART_Tx_Number), (30 bytes).
    Removing uart.o(.ARM.exidx.text.UART_Tx_Number), (8 bytes).
    Removing uart.o(.text.UART_Tx_Number_Hex_Raw), (180 bytes).
    Removing uart.o(.ARM.exidx.text.UART_Tx_Number_Hex_Raw), (8 bytes).
    Removing uart.o(.text.UART_Tx_Number_Hex), (28 bytes).
    Removing uart.o(.ARM.exidx.text.UART_Tx_Number_Hex), (8 bytes).
    Removing uart.o(.text.UART_Tx_Number_Bin_Raw), (136 bytes).
    Removing uart.o(.ARM.exidx.text.UART_Tx_Number_Bin_Raw), (8 bytes).
    Removing uart.o(.text.UART_Tx_Number_Bin), (28 bytes).
    Removing uart.o(.ARM.exidx.text.UART_Tx_Number_Bin), (8 bytes).
    Removing uart.o(.text.UART_Tx_Number_NL), (12 bytes).
    Removing uart.o(.ARM.exidx.text.UART_Tx_Number_NL), (8 bytes).
    Removing uart.o(.text.UART_Tx_Number_SP), (12 bytes).
    Removing uart.o(.ARM.exidx.text.UART_Tx_Number_SP), (8 bytes).
    Removing uart.o(.text.UART_Tx_Number_CM), (12 bytes).
    Removing uart.o(.ARM.exidx.text.UART_Tx_Number_CM), (8 bytes).
    Removing uart.o(.text.UART_Tx_Number_Hex_NL), (12 bytes).
    Removing uart.o(.ARM.exidx.text.UART_Tx_Number_Hex_NL), (8 bytes).
    Removing uart.o(.text.UART_Tx_Number_Hex_SP), (12 bytes).
    Removing uart.o(.ARM.exidx.text.UART_Tx_Number_Hex_SP), (8 bytes).
    Removing uart.o(.text.UART_Tx_Number_Hex_CM), (12 bytes).
    Removing uart.o(.ARM.exidx.text.UART_Tx_Number_Hex_CM), (8 bytes).
    Removing uart.o(.text.UART_Tx_Number_Bin_NL), (12 bytes).
    Removing uart.o(.ARM.exidx.text.UART_Tx_Number_Bin_NL), (8 bytes).
    Removing uart.o(.text.UART_Tx_Number_Bin_SP), (12 bytes).
    Removing uart.o(.ARM.exidx.text.UART_Tx_Number_Bin_SP), (8 bytes).
    Removing uart.o(.text.UART_Tx_Number_Bin_CM), (12 bytes).
    Removing uart.o(.ARM.exidx.text.UART_Tx_Number_Bin_CM), (8 bytes).
    Removing uart.o(.text.UART_Tx_Parameter_NL), (20 bytes).
    Removing uart.o(.ARM.exidx.text.UART_Tx_Parameter_NL), (8 bytes).
    Removing uart.o(.text.UART_Tx_Parameter_SP), (20 bytes).
    Removing uart.o(.ARM.exidx.text.UART_Tx_Parameter_SP), (8 bytes).
    Removing uart.o(.text.UART_Tx_Parameter_CM), (20 bytes).
    Removing uart.o(.ARM.exidx.text.UART_Tx_Parameter_CM), (8 bytes).
    Removing uart.o(.text.UART_Tx_Parameter_Hex_NL), (24 bytes).
    Removing uart.o(.ARM.exidx.text.UART_Tx_Parameter_Hex_NL), (8 bytes).
    Removing uart.o(.text.UART_Tx_Parameter_Hex_SP), (24 bytes).
    Removing uart.o(.ARM.exidx.text.UART_Tx_Parameter_Hex_SP), (8 bytes).
    Removing uart.o(.text.UART_Tx_Parameter_Hex_CM), (24 bytes).
    Removing uart.o(.ARM.exidx.text.UART_Tx_Parameter_Hex_CM), (8 bytes).
    Removing uart.o(.text.UART_Tx_Parameter_Bin_NL), (24 bytes).
    Removing uart.o(.ARM.exidx.text.UART_Tx_Parameter_Bin_NL), (8 bytes).
    Removing uart.o(.text.UART_Tx_Parameter_Bin_SP), (24 bytes).
    Removing uart.o(.ARM.exidx.text.UART_Tx_Parameter_Bin_SP), (8 bytes).
    Removing uart.o(.text.UART_Tx_Parameter_Bin_CM), (24 bytes).
    Removing uart.o(.ARM.exidx.text.UART_Tx_Parameter_Bin_CM), (8 bytes).
    Removing uart.o(.text.UART_Buf_Flush), (34 bytes).
    Removing uart.o(.ARM.exidx.text.UART_Buf_Flush), (8 bytes).
    Removing uart.o(.text.UART_Buf_Get), (14 bytes).
    Removing uart.o(.ARM.exidx.text.UART_Buf_Get), (8 bytes).
    Removing uart.o(.text.UART_Buf_Get_Index), (14 bytes).
    Removing uart.o(.ARM.exidx.text.UART_Buf_Get_Index), (8 bytes).
    Removing uart.o(.text.UART_Data_Available), (14 bytes).
    Removing uart.o(.ARM.exidx.text.UART_Data_Available), (8 bytes).
    Removing uart.o(.text.UART_Data_Len_Get), (8 bytes).
    Removing uart.o(.ARM.exidx.text.UART_Data_Len_Get), (8 bytes).
    Removing uart.o(.text.UART_Data_Calculated_CRC_Get), (14 bytes).
    Removing uart.o(.ARM.exidx.text.UART_Data_Calculated_CRC_Get), (8 bytes).
    Removing uart.o(.text.UART_Data_Received_CRC_Get), (14 bytes).
    Removing uart.o(.ARM.exidx.text.UART_Data_Received_CRC_Get), (8 bytes).
    Removing uart.o(.text.UART_Data_CRC_Status_Get), (14 bytes).
    Removing uart.o(.ARM.exidx.text.UART_Data_CRC_Status_Get), (8 bytes).
    Removing uart.o(.text.UART_Data_Read_Complete_Status), (14 bytes).
    Removing uart.o(.ARM.exidx.text.UART_Data_Read_Complete_Status), (8 bytes).
    Removing uart.o(.text.UART_Data_Clear_Available_Flag), (16 bytes).
    Removing uart.o(.ARM.exidx.text.UART_Data_Clear_Available_Flag), (8 bytes).
    Removing uart.o(.text.UART_Data_Clear_Read_Complete_Flag), (16 bytes).
    Removing uart.o(.ARM.exidx.text.UART_Data_Clear_Read_Complete_Flag), (8 bytes).
    Removing uart.o(.text.UART_Data_Copy_Buf), (46 bytes).
    Removing uart.o(.ARM.exidx.text.UART_Data_Copy_Buf), (8 bytes).
    Removing uart.o(.text.UART_Data_Print_Buf), (40 bytes).
    Removing uart.o(.ARM.exidx.text.UART_Data_Print_Buf), (8 bytes).
    Removing uart.o(.text.UART_Error_Code_Get), (12 bytes).
    Removing uart.o(.ARM.exidx.text.UART_Error_Code_Get), (8 bytes).
    Removing uart.o(.text.UART_Error_Code_Clear), (14 bytes).
    Removing uart.o(.ARM.exidx.text.UART_Error_Code_Clear), (8 bytes).
    Removing uart.o(.text.UART_ISR_Handler), (80 bytes).
    Removing uart.o(.ARM.exidx.text.UART_ISR_Handler), (8 bytes).
    Removing uart.o(.text.UART_Timer_ISR_Handler), (64 bytes).
    Removing uart.o(.ARM.exidx.text.UART_Timer_ISR_Handler), (8 bytes).
    Removing uart.o(.text.UART_RX_Packet_CRC_Check), (102 bytes).
    Removing uart.o(.ARM.exidx.text.UART_RX_Packet_CRC_Check), (8 bytes).
    Removing uart.o(.text.UART_RX_Packet_Disassemble), (2 bytes).
    Removing uart.o(.ARM.exidx.text.UART_RX_Packet_Disassemble), (8 bytes).
    Removing uart.o(.text.UART_CRC_Calculate_Byte), (40 bytes).
    Removing uart.o(.ARM.exidx.text.UART_CRC_Calculate_Byte), (8 bytes).
    Removing uart.o(.text.UART_CRC_Calculate_Block), (32 bytes).
    Removing uart.o(.ARM.exidx.text.UART_CRC_Calculate_Block), (8 bytes).
    Removing uart.o(.text.UART_RX_Packet_Read_Complete), (20 bytes).
    Removing uart.o(.ARM.exidx.text.UART_RX_Packet_Read_Complete), (8 bytes).
    Removing uart.o(.text.UART_Init), (36 bytes).
    Removing uart.o(.ARM.exidx.text.UART_Init), (8 bytes).
    Removing uart.o(.bss.UART), (90 bytes).
    Removing clocks.o(.text), (0 bytes).
    Removing clocks.o(.ARM.exidx.text.Clocks_Struct_Init), (8 bytes).
    Removing clocks.o(.ARM.exidx.text.Clocks_HFCLK_Xtal_Start), (8 bytes).
    Removing clocks.o(.ARM.exidx.text.Clocks_HFCLK_Xtal_Started), (8 bytes).
    Removing clocks.o(.ARM.exidx.text.Clocks_HFCLK_Xtal_Wait_Until_Ready), (8 bytes).
    Removing clocks.o(.ARM.exidx.text.Clocks_HFCLK_Xtal_Stop), (8 bytes).
    Removing clocks.o(.ARM.exidx.text.Clocks_HFCLK_Xtal_Stopped), (8 bytes).
    Removing clocks.o(.ARM.exidx.text.Clocks_HFCLK_Xtal_Wait_Until_Stopped), (8 bytes).
    Removing clocks.o(.ARM.exidx.text.Clocks_HFCLK_Xtal_Start_Request), (8 bytes).
    Removing clocks.o(.ARM.exidx.text.Clocks_HFCLK_Xtal_Stop_Request), (8 bytes).
    Removing clocks.o(.text.Clocks_HFCLK_Xtal_Request_Count_Get), (12 bytes).
    Removing clocks.o(.ARM.exidx.text.Clocks_HFCLK_Xtal_Request_Count_Get), (8 bytes).
    Removing clocks.o(.ARM.exidx.text.Clocks_LFCLK_RC_Start), (8 bytes).
    Removing clocks.o(.text.Clocks_LFCLK_RC_Stop), (28 bytes).
    Removing clocks.o(.ARM.exidx.text.Clocks_LFCLK_RC_Stop), (8 bytes).
    Removing clocks.o(.ARM.exidx.text.Clocks_LFCLK_RC_Start_Request), (8 bytes).
    Removing clocks.o(.text.Clocks_LFCLK_RC_Stop_Request), (32 bytes).
    Removing clocks.o(.ARM.exidx.text.Clocks_LFCLK_RC_Stop_Request), (8 bytes).
    Removing clocks.o(.text.Clocks_LFCLK_RC_Request_Count_Get), (12 bytes).
    Removing clocks.o(.ARM.exidx.text.Clocks_LFCLK_RC_Request_Count_Get), (8 bytes).
    Removing clocks.o(.text.Clocks_LFCLK_Xtal_Start), (52 bytes).
    Removing clocks.o(.ARM.exidx.text.Clocks_LFCLK_Xtal_Start), (8 bytes).
    Removing clocks.o(.text.Clocks_LFCLK_Xtal_Stop), (28 bytes).
    Removing clocks.o(.ARM.exidx.text.Clocks_LFCLK_Xtal_Stop), (8 bytes).
    Removing clocks.o(.text.Clocks_LFCLK_Xtal_Start_Request), (30 bytes).
    Removing clocks.o(.ARM.exidx.text.Clocks_LFCLK_Xtal_Start_Request), (8 bytes).
    Removing clocks.o(.text.Clocks_LFCLK_Xtal_Stop_Request), (32 bytes).
    Removing clocks.o(.ARM.exidx.text.Clocks_LFCLK_Xtal_Stop_Request), (8 bytes).
    Removing clocks.o(.text.Clocks_LFCLK_Xtal_Request_Count_Get), (12 bytes).
    Removing clocks.o(.ARM.exidx.text.Clocks_LFCLK_Xtal_Request_Count_Get), (8 bytes).
    Removing clocks.o(.ARM.exidx.text.Clocks_Init), (8 bytes).
    Removing led.o(.text), (0 bytes).
    Removing led.o(.ARM.exidx.text.LED_Init), (8 bytes).
    Removing led.o(.ARM.exidx.text.LED_On), (8 bytes).
    Removing led.o(.ARM.exidx.text.LED_Off), (8 bytes).
    Removing led.o(.text.LED_Get_State), (16 bytes).
    Removing led.o(.ARM.exidx.text.LED_Get_State), (8 bytes).
    Removing led.o(.ARM.exidx.text.LED_Set_State), (8 bytes).
    Removing led.o(.text.LED_Toggle), (22 bytes).
    Removing led.o(.ARM.exidx.text.LED_Toggle), (8 bytes).
    Removing pwm.o(.text), (0 bytes).
    Removing pwm.o(.text.PWM_Init), (82 bytes).
    Removing pwm.o(.ARM.exidx.text.PWM_Init), (8 bytes).
    Removing pwm.o(.text.PWM_Set_Duty), (28 bytes).
    Removing pwm.o(.ARM.exidx.text.PWM_Set_Duty), (8 bytes).
    Removing pwm.o(.data.pwm_seq), (8 bytes).
    Removing datahandler.o(.text), (0 bytes).
    Removing rtc.o(.text), (0 bytes).
    Removing rtc.o(.text.RTC_Struct_Init), (20 bytes).
    Removing rtc.o(.ARM.exidx.text.RTC_Struct_Init), (8 bytes).
    Removing rtc.o(.text.RTC_Clock_Init), (8 bytes).
    Removing rtc.o(.ARM.exidx.text.RTC_Clock_Init), (8 bytes).
    Removing rtc.o(.text.RTC_RTC0_Reg_Init), (90 bytes).
    Removing rtc.o(.ARM.exidx.text.RTC_RTC0_Reg_Init), (8 bytes).
    Removing rtc.o(.ARM.exidx.text.__NVIC_ClearPendingIRQ), (8 bytes).
    Removing rtc.o(.ARM.exidx.text.__NVIC_SetPriority), (8 bytes).
    Removing rtc.o(.ARM.exidx.text.__NVIC_EnableIRQ), (8 bytes).
    Removing rtc.o(.text.RTC_RTC0_Disable), (52 bytes).
    Removing rtc.o(.ARM.exidx.text.RTC_RTC0_Disable), (8 bytes).
    Removing rtc.o(.ARM.exidx.text.__NVIC_DisableIRQ), (8 bytes).
    Removing rtc.o(.ARM.exidx.text.RTC_RTC1_Set_Timeout), (8 bytes).
    Removing rtc.o(.ARM.exidx.text.RTC_RTC1_Clear_Timeout), (8 bytes).
    Removing rtc.o(.ARM.exidx.text.RTC_RTC1_Timeout_Event), (8 bytes).
    Removing rtc.o(.ARM.exidx.text.RTC_RTC1_Timeout_Event_Clear), (8 bytes).
    Removing rtc.o(.text.RTC_UpTime_Get), (12 bytes).
    Removing rtc.o(.ARM.exidx.text.RTC_UpTime_Get), (8 bytes).
    Removing rtc.o(.text.RTC_Interval_Time_Get), (12 bytes).
    Removing rtc.o(.ARM.exidx.text.RTC_Interval_Time_Get), (8 bytes).
    Removing rtc.o(.text.RTC_Interval_Time_Clear), (14 bytes).
    Removing rtc.o(.ARM.exidx.text.RTC_Interval_Time_Clear), (8 bytes).
    Removing rtc.o(.ARM.exidx.text.RTC0_IRQHandler), (8 bytes).
    Removing rtc.o(.ARM.exidx.text.RTC1_IRQHandler), (8 bytes).
    Removing rtc.o(.text.RTC_Init), (16 bytes).
    Removing rtc.o(.ARM.exidx.text.RTC_Init), (8 bytes).
    Removing arq.o(.text), (0 bytes).
    Removing arq.o(.text.ARQ_CRC16_Calculate_Byte), (40 bytes).
    Removing arq.o(.ARM.exidx.text.ARQ_CRC16_Calculate_Byte), (8 bytes).
    Removing arq.o(.text.ARQ_CRC16_Calculate_Block), (36 bytes).
    Removing arq.o(.ARM.exidx.text.ARQ_CRC16_Calculate_Block), (8 bytes).
    Removing arq.o(.text.ARQ_Checksum8_Calculate_Block), (34 bytes).
    Removing arq.o(.ARM.exidx.text.ARQ_Checksum8_Calculate_Block), (8 bytes).
    Removing system_nrf52.o(.text), (0 bytes).
    Removing system_nrf52.o(.text.nvmc_wait), (16 bytes).
    Removing system_nrf52.o(.ARM.exidx.text.nvmc_wait), (8 bytes).
    Removing system_nrf52.o(.text.nvmc_config), (18 bytes).
    Removing system_nrf52.o(.ARM.exidx.text.nvmc_config), (8 bytes).
    Removing system_nrf52.o(.ARM.exidx.text.SystemCoreClockUpdate), (8 bytes).
    Removing system_nrf52.o(.ARM.exidx.text.SystemInit), (8 bytes).
    Removing system_nrf52.o(.ARM.exidx.text.nrf52_errata_12), (8 bytes).
    Removing system_nrf52.o(.ARM.exidx.text.nrf52_errata_16), (8 bytes).
    Removing system_nrf52.o(.ARM.exidx.text.nrf52_errata_31), (8 bytes).
    Removing system_nrf52.o(.ARM.exidx.text.nrf52_errata_32), (8 bytes).
    Removing system_nrf52.o(.ARM.exidx.text.nrf52_errata_36), (8 bytes).
    Removing system_nrf52.o(.ARM.exidx.text.nrf52_errata_37), (8 bytes).
    Removing system_nrf52.o(.ARM.exidx.text.nrf52_errata_57), (8 bytes).
    Removing system_nrf52.o(.ARM.exidx.text.nrf52_errata_66), (8 bytes).
    Removing system_nrf52.o(.ARM.exidx.text.nrf52_errata_108), (8 bytes).
    Removing system_nrf52.o(.ARM.exidx.text.nrf52_errata_136), (8 bytes).
    Removing system_nrf52.o(.ARM.exidx.text.nrf52_errata_182), (8 bytes).
    Removing system_nrf52.o(.ARM.exidx.text.nrf52_handle_approtect), (8 bytes).
    Removing system_nrf52.o(.ARM.exidx.text.nrf52_configuration_249), (8 bytes).

289 unused section(s) (total 4522 bytes) removed from the image.

==============================================================================

Image Symbol Table

    Local Symbols

    Symbol Name                              Value     Ov Type        Size  Object(Section)

    ../clib/angel/boardlib.s                 0x00000000   Number         0  boardinit1.o ABSOLUTE
    ../clib/angel/boardlib.s                 0x00000000   Number         0  boardinit2.o ABSOLUTE
    ../clib/angel/boardlib.s                 0x00000000   Number         0  boardinit3.o ABSOLUTE
    ../clib/angel/boardlib.s                 0x00000000   Number         0  boardshut.o ABSOLUTE
    ../clib/angel/handlers.s                 0x00000000   Number         0  __scatter_copy.o ABSOLUTE
    ../clib/angel/handlers.s                 0x00000000   Number         0  __scatter_zi.o ABSOLUTE
    ../clib/angel/kernel.s                   0x00000000   Number         0  __rtentry.o ABSOLUTE
    ../clib/angel/kernel.s                   0x00000000   Number         0  __rtentry2.o ABSOLUTE
    ../clib/angel/kernel.s                   0x00000000   Number         0  __rtentry4.o ABSOLUTE
    ../clib/angel/kernel.s                   0x00000000   Number         0  rtexit.o ABSOLUTE
    ../clib/angel/kernel.s                   0x00000000   Number         0  rtexit2.o ABSOLUTE
    ../clib/angel/rt.s                       0x00000000   Number         0  rt_raise.o ABSOLUTE
    ../clib/angel/scatter.s                  0x00000000   Number         0  __scatter.o ABSOLUTE
    ../clib/angel/startup.s                  0x00000000   Number         0  __main.o ABSOLUTE
    ../clib/angel/sys.s                      0x00000000   Number         0  sys_stackheap_outer.o ABSOLUTE
    ../clib/angel/sys.s                      0x00000000   Number         0  libspace.o ABSOLUTE
    ../clib/angel/sys.s                      0x00000000   Number         0  use_no_semi.o ABSOLUTE
    ../clib/angel/sys.s                      0x00000000   Number         0  indicate_semi.o ABSOLUTE
    ../clib/angel/sysapp.c                   0x00000000   Number         0  sys_exit.o ABSOLUTE
    ../clib/angel/sysapp.c                   0x00000000   Number         0  sys_exit_hlt.o ABSOLUTE
    ../clib/angel/sysapp.c                   0x00000000   Number         0  sys_command.o ABSOLUTE
    ../clib/angel/sysapp.c                   0x00000000   Number         0  sys_command_hlt.o ABSOLUTE
    ../clib/angel/sysapp.c                   0x00000000   Number         0  sys_wrch.o ABSOLUTE
    ../clib/angel/sysapp.c                   0x00000000   Number         0  sys_wrch_hlt.o ABSOLUTE
    ../clib/armsys.c                         0x00000000   Number         0  argv_veneer.o ABSOLUTE
    ../clib/armsys.c                         0x00000000   Number         0  argv_veneer.o ABSOLUTE
    ../clib/armsys.c                         0x00000000   Number         0  _get_argv_nomalloc.o ABSOLUTE
    ../clib/armsys.c                         0x00000000   Number         0  no_argv.o ABSOLUTE
    ../clib/heapalloc.c                      0x00000000   Number         0  hrguard.o ABSOLUTE
    ../clib/heapaux.c                        0x00000000   Number         0  heapauxi.o ABSOLUTE
    ../clib/libinit.s                        0x00000000   Number         0  libinit.o ABSOLUTE
    ../clib/libinit.s                        0x00000000   Number         0  libinit2.o ABSOLUTE
    ../clib/libinit.s                        0x00000000   Number         0  libshutdown.o ABSOLUTE
    ../clib/libinit.s                        0x00000000   Number         0  libshutdown2.o ABSOLUTE
    ../clib/signal.c                         0x00000000   Number         0  defsig_rtmem_outer.o ABSOLUTE
    ../clib/signal.c                         0x00000000   Number         0  defsig_rtmem_formal.o ABSOLUTE
    ../clib/signal.c                         0x00000000   Number         0  defsig_exit.o ABSOLUTE
    ../clib/signal.c                         0x00000000   Number         0  defsig_rtmem_inner.o ABSOLUTE
    ../clib/signal.c                         0x00000000   Number         0  __raise.o ABSOLUTE
    ../clib/signal.c                         0x00000000   Number         0  defsig_general.o ABSOLUTE
    ../clib/signal.c                         0x00000000   Number         0  defsig_abrt_inner.o ABSOLUTE
    ../clib/signal.c                         0x00000000   Number         0  defsig_fpe_inner.o ABSOLUTE
    ../clib/signal.c                         0x00000000   Number         0  defsig_rtred_inner.o ABSOLUTE
    ../clib/signal.c                         0x00000000   Number         0  defsig_stak_inner.o ABSOLUTE
    ../clib/signal.c                         0x00000000   Number         0  defsig_pvfn_inner.o ABSOLUTE
    ../clib/signal.c                         0x00000000   Number         0  defsig_cppl_inner.o ABSOLUTE
    ../clib/signal.c                         0x00000000   Number         0  defsig_segv_inner.o ABSOLUTE
    ../clib/signal.c                         0x00000000   Number         0  defsig_other.o ABSOLUTE
    ../clib/signal.s                         0x00000000   Number         0  defsig.o ABSOLUTE
    ../clib/stdlib.c                         0x00000000   Number         0  exit.o ABSOLUTE
    ../fplib/fpinit.s                        0x00000000   Number         0  fpinit.o ABSOLUTE
    RTE/Device/nRF52832_xxAA/arm_startup_nrf52.s 0x00000000   Number         0  arm_startup_nrf52.o ABSOLUTE
    app.c                                    0x00000000   Number         0  app.o ABSOLUTE
    arq.c                                    0x00000000   Number         0  arq.o ABSOLUTE
    clocks.c                                 0x00000000   Number         0  clocks.o ABSOLUTE
    datahandler.c                            0x00000000   Number         0  datahandler.o ABSOLUTE
    dc.s                                     0x00000000   Number         0  dc.o ABSOLUTE
    led.c                                    0x00000000   Number         0  led.o ABSOLUTE
    main.c                                   0x00000000   Number         0  main.o ABSOLUTE
    pwm.c                                    0x00000000   Number         0  pwm.o ABSOLUTE
    radio.c                                  0x00000000   Number         0  radio.o ABSOLUTE
    rtc.c                                    0x00000000   Number         0  rtc.o ABSOLUTE
    system_nrf52.c                           0x00000000   Number         0  system_nrf52.o ABSOLUTE
    timeout.c                                0x00000000   Number         0  timeout.o ABSOLUTE
    uart.c                                   0x00000000   Number         0  uart.o ABSOLUTE
    RESET                                    0x00000000   Section      512  arm_startup_nrf52.o(RESET)
    !!!main                                  0x00000200   Section        8  __main.o(!!!main)
    !!!scatter                               0x00000208   Section       52  __scatter.o(!!!scatter)
    !!handler_copy                           0x0000023c   Section       26  __scatter_copy.o(!!handler_copy)
    !!handler_zi                             0x00000258   Section       28  __scatter_zi.o(!!handler_zi)
    .ARM.Collect$$libinit$$00000000          0x00000274   Section        2  libinit.o(.ARM.Collect$$libinit$$00000000)
    .ARM.Collect$$libinit$$00000001          0x00000276   Section        4  libinit2.o(.ARM.Collect$$libinit$$00000001)
    .ARM.Collect$$libinit$$00000004          0x0000027a   Section        0  libinit2.o(.ARM.Collect$$libinit$$00000004)
    .ARM.Collect$$libinit$$0000000A          0x0000027a   Section        0  libinit2.o(.ARM.Collect$$libinit$$0000000A)
    .ARM.Collect$$libinit$$0000000C          0x0000027a   Section        0  libinit2.o(.ARM.Collect$$libinit$$0000000C)
    .ARM.Collect$$libinit$$0000000E          0x0000027a   Section        0  libinit2.o(.ARM.Collect$$libinit$$0000000E)
    .ARM.Collect$$libinit$$00000011          0x0000027a   Section        0  libinit2.o(.ARM.Collect$$libinit$$00000011)
    .ARM.Collect$$libinit$$00000013          0x0000027a   Section        0  libinit2.o(.ARM.Collect$$libinit$$00000013)
    .ARM.Collect$$libinit$$00000015          0x0000027a   Section        0  libinit2.o(.ARM.Collect$$libinit$$00000015)
    .ARM.Collect$$libinit$$00000017          0x0000027a   Section        0  libinit2.o(.ARM.Collect$$libinit$$00000017)
    .ARM.Collect$$libinit$$00000019          0x0000027a   Section        0  libinit2.o(.ARM.Collect$$libinit$$00000019)
    .ARM.Collect$$libinit$$0000001B          0x0000027a   Section        0  libinit2.o(.ARM.Collect$$libinit$$0000001B)
    .ARM.Collect$$libinit$$0000001D          0x0000027a   Section        0  libinit2.o(.ARM.Collect$$libinit$$0000001D)
    .ARM.Collect$$libinit$$0000001F          0x0000027a   Section        0  libinit2.o(.ARM.Collect$$libinit$$0000001F)
    .ARM.Collect$$libinit$$00000021          0x0000027a   Section        0  libinit2.o(.ARM.Collect$$libinit$$00000021)
    .ARM.Collect$$libinit$$00000023          0x0000027a   Section        0  libinit2.o(.ARM.Collect$$libinit$$00000023)
    .ARM.Collect$$libinit$$00000025          0x0000027a   Section        0  libinit2.o(.ARM.Collect$$libinit$$00000025)
    .ARM.Collect$$libinit$$0000002C          0x0000027a   Section        0  libinit2.o(.ARM.Collect$$libinit$$0000002C)
    .ARM.Collect$$libinit$$0000002E          0x0000027a   Section        0  libinit2.o(.ARM.Collect$$libinit$$0000002E)
    .ARM.Collect$$libinit$$00000030          0x0000027a   Section        0  libinit2.o(.ARM.Collect$$libinit$$00000030)
    .ARM.Collect$$libinit$$00000032          0x0000027a   Section        0  libinit2.o(.ARM.Collect$$libinit$$00000032)
    .ARM.Collect$$libinit$$00000033          0x0000027a   Section        2  libinit2.o(.ARM.Collect$$libinit$$00000033)
    .ARM.Collect$$libshutdown$$00000000      0x0000027c   Section        2  libshutdown.o(.ARM.Collect$$libshutdown$$00000000)
    .ARM.Collect$$libshutdown$$00000002      0x0000027e   Section        0  libshutdown2.o(.ARM.Collect$$libshutdown$$00000002)
    .ARM.Collect$$libshutdown$$00000004      0x0000027e   Section        0  libshutdown2.o(.ARM.Collect$$libshutdown$$00000004)
    .ARM.Collect$$libshutdown$$00000007      0x0000027e   Section        0  libshutdown2.o(.ARM.Collect$$libshutdown$$00000007)
    .ARM.Collect$$libshutdown$$0000000A      0x0000027e   Section        0  libshutdown2.o(.ARM.Collect$$libshutdown$$0000000A)
    .ARM.Collect$$libshutdown$$0000000C      0x0000027e   Section        0  libshutdown2.o(.ARM.Collect$$libshutdown$$0000000C)
    .ARM.Collect$$libshutdown$$0000000F      0x0000027e   Section        0  libshutdown2.o(.ARM.Collect$$libshutdown$$0000000F)
    .ARM.Collect$$libshutdown$$00000010      0x0000027e   Section        2  libshutdown2.o(.ARM.Collect$$libshutdown$$00000010)
    .ARM.Collect$$rtentry$$00000000          0x00000280   Section        0  __rtentry.o(.ARM.Collect$$rtentry$$00000000)
    .ARM.Collect$$rtentry$$00000002          0x00000280   Section        0  __rtentry2.o(.ARM.Collect$$rtentry$$00000002)
    .ARM.Collect$$rtentry$$00000004          0x00000280   Section        6  __rtentry4.o(.ARM.Collect$$rtentry$$00000004)
    .ARM.Collect$$rtentry$$00000009          0x00000286   Section        0  __rtentry2.o(.ARM.Collect$$rtentry$$00000009)
    .ARM.Collect$$rtentry$$0000000A          0x00000286   Section        4  __rtentry2.o(.ARM.Collect$$rtentry$$0000000A)
    .ARM.Collect$$rtentry$$0000000C          0x0000028a   Section        0  __rtentry2.o(.ARM.Collect$$rtentry$$0000000C)
    .ARM.Collect$$rtentry$$0000000D          0x0000028a   Section        8  __rtentry2.o(.ARM.Collect$$rtentry$$0000000D)
    .ARM.Collect$$rtexit$$00000000           0x00000292   Section        2  rtexit.o(.ARM.Collect$$rtexit$$00000000)
    .ARM.Collect$$rtexit$$00000002           0x00000294   Section        0  rtexit2.o(.ARM.Collect$$rtexit$$00000002)
    .ARM.Collect$$rtexit$$00000003           0x00000294   Section        4  rtexit2.o(.ARM.Collect$$rtexit$$00000003)
    .ARM.Collect$$rtexit$$00000004           0x00000298   Section        6  rtexit2.o(.ARM.Collect$$rtexit$$00000004)
    $v0                                      0x000002a0   Number         0  arm_startup_nrf52.o(.text)
    .text                                    0x000002a0   Section       64  arm_startup_nrf52.o(.text)
    .text                                    0x000002e0   Section        0  heapauxi.o(.text)
    .text                                    0x000002e6   Section       74  sys_stackheap_outer.o(.text)
    .text                                    0x00000330   Section        0  exit.o(.text)
    .text                                    0x00000344   Section        8  libspace.o(.text)
    .text                                    0x0000034c   Section        0  sys_exit.o(.text)
    .text                                    0x00000358   Section        2  use_no_semi.o(.text)
    .text                                    0x0000035a   Section        0  indicate_semi.o(.text)
    [Anonymous Symbol]                       0x0000035c   Section        0  app.o(.text.App_Config)
    [Anonymous Symbol]                       0x00000370   Section        0  app.o(.text.App_Mainloop)
    [Anonymous Symbol]                       0x000003a4   Section        0  clocks.o(.text.Clocks_HFCLK_Xtal_Start)
    [Anonymous Symbol]                       0x000003d0   Section        0  clocks.o(.text.Clocks_HFCLK_Xtal_Start_Request)
    [Anonymous Symbol]                       0x000003f4   Section        0  clocks.o(.text.Clocks_HFCLK_Xtal_Started)
    [Anonymous Symbol]                       0x00000404   Section        0  clocks.o(.text.Clocks_HFCLK_Xtal_Stop)
    [Anonymous Symbol]                       0x00000428   Section        0  clocks.o(.text.Clocks_HFCLK_Xtal_Stop_Request)
    [Anonymous Symbol]                       0x0000044c   Section        0  clocks.o(.text.Clocks_HFCLK_Xtal_Stopped)
    [Anonymous Symbol]                       0x00000460   Section        0  clocks.o(.text.Clocks_HFCLK_Xtal_Wait_Until_Ready)
    [Anonymous Symbol]                       0x00000470   Section        0  clocks.o(.text.Clocks_HFCLK_Xtal_Wait_Until_Stopped)
    [Anonymous Symbol]                       0x00000480   Section        0  clocks.o(.text.Clocks_Init)
    [Anonymous Symbol]                       0x00000488   Section        0  clocks.o(.text.Clocks_LFCLK_RC_Start)
    [Anonymous Symbol]                       0x000004b8   Section        0  clocks.o(.text.Clocks_LFCLK_RC_Start_Request)
    [Anonymous Symbol]                       0x000004d8   Section        0  clocks.o(.text.Clocks_Struct_Init)
    [Anonymous Symbol]                       0x000004fc   Section        0  led.o(.text.LED_Init)
    [Anonymous Symbol]                       0x00000518   Section        0  led.o(.text.LED_Off)
    [Anonymous Symbol]                       0x0000052c   Section        0  led.o(.text.LED_On)
    [Anonymous Symbol]                       0x00000540   Section        0  led.o(.text.LED_Set_State)
    [Anonymous Symbol]                       0x00000558   Section        0  rtc.o(.text.RTC0_IRQHandler)
    [Anonymous Symbol]                       0x00000590   Section        0  rtc.o(.text.RTC1_IRQHandler)
    [Anonymous Symbol]                       0x000005c4   Section        0  rtc.o(.text.RTC_RTC1_Clear_Timeout)
    [Anonymous Symbol]                       0x00000600   Section        0  rtc.o(.text.RTC_RTC1_Set_Timeout)
    [Anonymous Symbol]                       0x0000066c   Section        0  rtc.o(.text.RTC_RTC1_Timeout_Event)
    [Anonymous Symbol]                       0x00000678   Section        0  rtc.o(.text.RTC_RTC1_Timeout_Event_Clear)
    [Anonymous Symbol]                       0x00000688   Section        0  radio.o(.text.Radio_Active)
    [Anonymous Symbol]                       0x000006ac   Section        0  radio.o(.text.Radio_Init)
    [Anonymous Symbol]                       0x000006bc   Section        0  radio.o(.text.Radio_Mode_Rx)
    [Anonymous Symbol]                       0x00000718   Section        0  radio.o(.text.Radio_Power_Disable)
    [Anonymous Symbol]                       0x0000072c   Section        0  radio.o(.text.Radio_Power_Down)
    [Anonymous Symbol]                       0x00000750   Section        0  radio.o(.text.Radio_Power_Enable)
    [Anonymous Symbol]                       0x00000764   Section        0  radio.o(.text.Radio_Reg_Init)
    [Anonymous Symbol]                       0x000007e4   Section        0  radio.o(.text.Radio_Rx)
    [Anonymous Symbol]                       0x00000868   Section        0  radio.o(.text.Radio_Struct_Init)
    [Anonymous Symbol]                       0x00000884   Section        0  system_nrf52.o(.text.SystemCoreClockUpdate)
    [Anonymous Symbol]                       0x00000898   Section        0  system_nrf52.o(.text.SystemInit)
    [Anonymous Symbol]                       0x00000a20   Section        0  timeout.o(.text.Timeout_Clear_Assignment)
    [Anonymous Symbol]                       0x00000a2c   Section        0  timeout.o(.text.Timeout_Error_Assign)
    [Anonymous Symbol]                       0x00000a60   Section        0  timeout.o(.text.Timeout_Error_Clear)
    [Anonymous Symbol]                       0x00000a70   Section        0  timeout.o(.text.Timeout_Error_Force_Assign)
    [Anonymous Symbol]                       0x00000a8c   Section        0  timeout.o(.text.Timeout_Error_Get)
    [Anonymous Symbol]                       0x00000a98   Section        0  timeout.o(.text.Timeout_Init)
    [Anonymous Symbol]                       0x00000aa4   Section        0  timeout.o(.text.Timeout_Reg_Init)
    [Anonymous Symbol]                       0x00000aac   Section        0  timeout.o(.text.Timeout_Set_MicroSeconds)
    [Anonymous Symbol]                       0x00000ab4   Section        0  timeout.o(.text.Timeout_Struct_Init)
    __NVIC_ClearPendingIRQ                   0x00000acd   Thumb Code    22  rtc.o(.text.__NVIC_ClearPendingIRQ)
    [Anonymous Symbol]                       0x00000acc   Section        0  rtc.o(.text.__NVIC_ClearPendingIRQ)
    __NVIC_DisableIRQ                        0x00000ae5   Thumb Code    30  rtc.o(.text.__NVIC_DisableIRQ)
    [Anonymous Symbol]                       0x00000ae4   Section        0  rtc.o(.text.__NVIC_DisableIRQ)
    __NVIC_EnableIRQ                         0x00000b05   Thumb Code    22  rtc.o(.text.__NVIC_EnableIRQ)
    [Anonymous Symbol]                       0x00000b04   Section        0  rtc.o(.text.__NVIC_EnableIRQ)
    __NVIC_SetPriority                       0x00000b1d   Thumb Code    16  rtc.o(.text.__NVIC_SetPriority)
    [Anonymous Symbol]                       0x00000b1c   Section        0  rtc.o(.text.__NVIC_SetPriority)
    [Anonymous Symbol]                       0x00000b2c   Section        0  main.o(.text.main)
    nrf52_configuration_249                  0x00000b39   Thumb Code    40  system_nrf52.o(.text.nrf52_configuration_249)
    [Anonymous Symbol]                       0x00000b38   Section        0  system_nrf52.o(.text.nrf52_configuration_249)
    nrf52_errata_108                         0x00000b61   Thumb Code    34  system_nrf52.o(.text.nrf52_errata_108)
    [Anonymous Symbol]                       0x00000b60   Section        0  system_nrf52.o(.text.nrf52_errata_108)
    nrf52_errata_12                          0x00000b85   Thumb Code    34  system_nrf52.o(.text.nrf52_errata_12)
    [Anonymous Symbol]                       0x00000b84   Section        0  system_nrf52.o(.text.nrf52_errata_12)
    nrf52_errata_136                         0x00000ba9   Thumb Code    34  system_nrf52.o(.text.nrf52_errata_136)
    [Anonymous Symbol]                       0x00000ba8   Section        0  system_nrf52.o(.text.nrf52_errata_136)
    nrf52_errata_16                          0x00000bcd   Thumb Code    42  system_nrf52.o(.text.nrf52_errata_16)
    [Anonymous Symbol]                       0x00000bcc   Section        0  system_nrf52.o(.text.nrf52_errata_16)
    nrf52_errata_182                         0x00000bf9   Thumb Code    48  system_nrf52.o(.text.nrf52_errata_182)
    [Anonymous Symbol]                       0x00000bf8   Section        0  system_nrf52.o(.text.nrf52_errata_182)
    nrf52_errata_31                          0x00000c29   Thumb Code    34  system_nrf52.o(.text.nrf52_errata_31)
    [Anonymous Symbol]                       0x00000c28   Section        0  system_nrf52.o(.text.nrf52_errata_31)
    nrf52_errata_32                          0x00000c4d   Thumb Code    42  system_nrf52.o(.text.nrf52_errata_32)
    [Anonymous Symbol]                       0x00000c4c   Section        0  system_nrf52.o(.text.nrf52_errata_32)
    nrf52_errata_36                          0x00000c79   Thumb Code    34  system_nrf52.o(.text.nrf52_errata_36)
    [Anonymous Symbol]                       0x00000c78   Section        0  system_nrf52.o(.text.nrf52_errata_36)
    nrf52_errata_37                          0x00000c9d   Thumb Code    42  system_nrf52.o(.text.nrf52_errata_37)
    [Anonymous Symbol]                       0x00000c9c   Section        0  system_nrf52.o(.text.nrf52_errata_37)
    nrf52_errata_57                          0x00000cc9   Thumb Code    42  system_nrf52.o(.text.nrf52_errata_57)
    [Anonymous Symbol]                       0x00000cc8   Section        0  system_nrf52.o(.text.nrf52_errata_57)
    nrf52_errata_66                          0x00000cf5   Thumb Code    74  system_nrf52.o(.text.nrf52_errata_66)
    [Anonymous Symbol]                       0x00000cf4   Section        0  system_nrf52.o(.text.nrf52_errata_66)
    nrf52_handle_approtect                   0x00000d41   Thumb Code    34  system_nrf52.o(.text.nrf52_handle_approtect)
    [Anonymous Symbol]                       0x00000d40   Section        0  system_nrf52.o(.text.nrf52_handle_approtect)
    $v0                                      0x00000d62   Number         0  fpinit.o(x$fpl$fpinit)
    x$fpl$fpinit                             0x00000d62   Section       26  fpinit.o(x$fpl$fpinit)
    __tagsym$$used.0                         0x20000000   Number         0  system_nrf52.o(.data.SystemCoreClock)
    .bss                                     0x20000008   Section       96  libspace.o(.bss)
    Clocks.0                                 0x20000068   Data           1  clocks.o(.bss.Clocks.0)
    [Anonymous Symbol]                       0x20000068   Section        0  clocks.o(.bss.Clocks.0)
    Clocks.1                                 0x20000069   Data           1  clocks.o(.bss.Clocks.1)
    [Anonymous Symbol]                       0x20000069   Section        0  clocks.o(.bss.Clocks.1)
    Clocks.2                                 0x2000006a   Data           1  clocks.o(.bss.Clocks.2)
    [Anonymous Symbol]                       0x2000006a   Section        0  clocks.o(.bss.Clocks.2)
    RTC                                      0x2000006c   Data          12  rtc.o(.bss.RTC)
    [Anonymous Symbol]                       0x2000006c   Section        0  rtc.o(.bss.RTC)
    Radio                                    0x20000078   Data          96  radio.o(.bss.Radio)
    [Anonymous Symbol]                       0x20000078   Section        0  radio.o(.bss.Radio)
    Timeout.0                                0x200000d8   Data           1  timeout.o(.bss.Timeout.0)
    [Anonymous Symbol]                       0x200000d8   Section        0  timeout.o(.bss.Timeout.0)
    Timeout.1                                0x200000d9   Data           1  timeout.o(.bss.Timeout.1)
    [Anonymous Symbol]                       0x200000d9   Section        0  timeout.o(.bss.Timeout.1)
    Heap_Mem                                 0x200000e0   Data        4096  arm_startup_nrf52.o(HEAP)
    HEAP                                     0x200000e0   Section     4096  arm_startup_nrf52.o(HEAP)
    Stack_Mem                                0x200010e0   Data        4096  arm_startup_nrf52.o(STACK)
    STACK                                    0x200010e0   Section     4096  arm_startup_nrf52.o(STACK)
    __initial_sp                             0x200020e0   Data           0  arm_startup_nrf52.o(STACK)

    Global Symbols

    Symbol Name                              Value     Ov Type        Size  Object(Section)

    BuildAttributes$$THM_ISAv4$E$P$D$K$B$S$7EM$VFPi3$EXTD16$VFPS$VFMA$PE$A:L22UL41UL21$X:L11$S22US41US21$IEEE1$IW$~IW$USESV6$~STKCKD$USESV7$~SHL$OTIME$ROPI$EBA8$UX$STANDARDLIB$REQ8$PRES8$EABIv2 0x00000000   Number         0  anon$$obj.o ABSOLUTE
    __Vectors                                0x00000000   Data           4  arm_startup_nrf52.o(RESET)
    __ARM_exceptions_init                     - Undefined Weak Reference
    __alloca_initialize                       - Undefined Weak Reference
    __arm_preinit_                            - Undefined Weak Reference
    __cpp_initialize__aeabi_                  - Undefined Weak Reference
    __cxa_finalize                            - Undefined Weak Reference
    __rt_locale                               - Undefined Weak Reference
    __sigvec_lookup                           - Undefined Weak Reference
    _atexit_init                              - Undefined Weak Reference
    _call_atexit_fns                          - Undefined Weak Reference
    _clock_init                               - Undefined Weak Reference
    _fp_trap_init                             - Undefined Weak Reference
    _fp_trap_shutdown                         - Undefined Weak Reference
    _get_lc_collate                           - Undefined Weak Reference
    _get_lc_ctype                             - Undefined Weak Reference
    _get_lc_monetary                          - Undefined Weak Reference
    _get_lc_numeric                           - Undefined Weak Reference
    _get_lc_time                              - Undefined Weak Reference
    _getenv_init                              - Undefined Weak Reference
    _handle_redirection                       - Undefined Weak Reference
    _init_alloc                               - Undefined Weak Reference
    _init_user_alloc                          - Undefined Weak Reference
    _initio                                   - Undefined Weak Reference
    _rand_init                                - Undefined Weak Reference
    _signal_finish                            - Undefined Weak Reference
    _signal_init                              - Undefined Weak Reference
    _terminate_alloc                          - Undefined Weak Reference
    _terminate_user_alloc                     - Undefined Weak Reference
    _terminateio                              - Undefined Weak Reference
    __Vectors_End                            0x00000200   Data           0  arm_startup_nrf52.o(RESET)
    __Vectors_Size                           0x00000200   Number         0  arm_startup_nrf52.o ABSOLUTE
    __main                                   0x00000201   Thumb Code     8  __main.o(!!!main)
    __scatterload                            0x00000209   Thumb Code     0  __scatter.o(!!!scatter)
    __scatterload_rt2                        0x00000209   Thumb Code    44  __scatter.o(!!!scatter)
    __scatterload_rt2_thumb_only             0x00000209   Thumb Code     0  __scatter.o(!!!scatter)
    __scatterload_null                       0x00000217   Thumb Code     0  __scatter.o(!!!scatter)
    __scatterload_copy                       0x0000023d   Thumb Code    26  __scatter_copy.o(!!handler_copy)
    __scatterload_zeroinit                   0x00000259   Thumb Code    28  __scatter_zi.o(!!handler_zi)
    __rt_lib_init                            0x00000275   Thumb Code     0  libinit.o(.ARM.Collect$$libinit$$00000000)
    __rt_lib_init_fp_1                       0x00000277   Thumb Code     0  libinit2.o(.ARM.Collect$$libinit$$00000001)
    __rt_lib_init_alloca_1                   0x0000027b   Thumb Code     0  libinit2.o(.ARM.Collect$$libinit$$0000002E)
    __rt_lib_init_argv_1                     0x0000027b   Thumb Code     0  libinit2.o(.ARM.Collect$$libinit$$0000002C)
    __rt_lib_init_atexit_1                   0x0000027b   Thumb Code     0  libinit2.o(.ARM.Collect$$libinit$$0000001B)
    __rt_lib_init_clock_1                    0x0000027b   Thumb Code     0  libinit2.o(.ARM.Collect$$libinit$$00000021)
    __rt_lib_init_cpp_1                      0x0000027b   Thumb Code     0  libinit2.o(.ARM.Collect$$libinit$$00000032)
    __rt_lib_init_exceptions_1               0x0000027b   Thumb Code     0  libinit2.o(.ARM.Collect$$libinit$$00000030)
    __rt_lib_init_fp_trap_1                  0x0000027b   Thumb Code     0  libinit2.o(.ARM.Collect$$libinit$$0000001F)
    __rt_lib_init_getenv_1                   0x0000027b   Thumb Code     0  libinit2.o(.ARM.Collect$$libinit$$00000023)
    __rt_lib_init_heap_1                     0x0000027b   Thumb Code     0  libinit2.o(.ARM.Collect$$libinit$$0000000A)
    __rt_lib_init_lc_collate_1               0x0000027b   Thumb Code     0  libinit2.o(.ARM.Collect$$libinit$$00000011)
    __rt_lib_init_lc_ctype_1                 0x0000027b   Thumb Code     0  libinit2.o(.ARM.Collect$$libinit$$00000013)
    __rt_lib_init_lc_monetary_1              0x0000027b   Thumb Code     0  libinit2.o(.ARM.Collect$$libinit$$00000015)
    __rt_lib_init_lc_numeric_1               0x0000027b   Thumb Code     0  libinit2.o(.ARM.Collect$$libinit$$00000017)
    __rt_lib_init_lc_time_1                  0x0000027b   Thumb Code     0  libinit2.o(.ARM.Collect$$libinit$$00000019)
    __rt_lib_init_preinit_1                  0x0000027b   Thumb Code     0  libinit2.o(.ARM.Collect$$libinit$$00000004)
    __rt_lib_init_rand_1                     0x0000027b   Thumb Code     0  libinit2.o(.ARM.Collect$$libinit$$0000000E)
    __rt_lib_init_return                     0x0000027b   Thumb Code     0  libinit2.o(.ARM.Collect$$libinit$$00000033)
    __rt_lib_init_signal_1                   0x0000027b   Thumb Code     0  libinit2.o(.ARM.Collect$$libinit$$0000001D)
    __rt_lib_init_stdio_1                    0x0000027b   Thumb Code     0  libinit2.o(.ARM.Collect$$libinit$$00000025)
    __rt_lib_init_user_alloc_1               0x0000027b   Thumb Code     0  libinit2.o(.ARM.Collect$$libinit$$0000000C)
    __rt_lib_shutdown                        0x0000027d   Thumb Code     0  libshutdown.o(.ARM.Collect$$libshutdown$$00000000)
    __rt_lib_shutdown_cpp_1                  0x0000027f   Thumb Code     0  libshutdown2.o(.ARM.Collect$$libshutdown$$00000002)
    __rt_lib_shutdown_fp_trap_1              0x0000027f   Thumb Code     0  libshutdown2.o(.ARM.Collect$$libshutdown$$00000007)
    __rt_lib_shutdown_heap_1                 0x0000027f   Thumb Code     0  libshutdown2.o(.ARM.Collect$$libshutdown$$0000000F)
    __rt_lib_shutdown_return                 0x0000027f   Thumb Code     0  libshutdown2.o(.ARM.Collect$$libshutdown$$00000010)
    __rt_lib_shutdown_signal_1               0x0000027f   Thumb Code     0  libshutdown2.o(.ARM.Collect$$libshutdown$$0000000A)
    __rt_lib_shutdown_stdio_1                0x0000027f   Thumb Code     0  libshutdown2.o(.ARM.Collect$$libshutdown$$00000004)
    __rt_lib_shutdown_user_alloc_1           0x0000027f   Thumb Code     0  libshutdown2.o(.ARM.Collect$$libshutdown$$0000000C)
    __rt_entry                               0x00000281   Thumb Code     0  __rtentry.o(.ARM.Collect$$rtentry$$00000000)
    __rt_entry_presh_1                       0x00000281   Thumb Code     0  __rtentry2.o(.ARM.Collect$$rtentry$$00000002)
    __rt_entry_sh                            0x00000281   Thumb Code     0  __rtentry4.o(.ARM.Collect$$rtentry$$00000004)
    __rt_entry_li                            0x00000287   Thumb Code     0  __rtentry2.o(.ARM.Collect$$rtentry$$0000000A)
    __rt_entry_postsh_1                      0x00000287   Thumb Code     0  __rtentry2.o(.ARM.Collect$$rtentry$$00000009)
    __rt_entry_main                          0x0000028b   Thumb Code     0  __rtentry2.o(.ARM.Collect$$rtentry$$0000000D)
    __rt_entry_postli_1                      0x0000028b   Thumb Code     0  __rtentry2.o(.ARM.Collect$$rtentry$$0000000C)
    __rt_exit                                0x00000293   Thumb Code     0  rtexit.o(.ARM.Collect$$rtexit$$00000000)
    __rt_exit_ls                             0x00000295   Thumb Code     0  rtexit2.o(.ARM.Collect$$rtexit$$00000003)
    __rt_exit_prels_1                        0x00000295   Thumb Code     0  rtexit2.o(.ARM.Collect$$rtexit$$00000002)
    __rt_exit_exit                           0x00000299   Thumb Code     0  rtexit2.o(.ARM.Collect$$rtexit$$00000004)
    Reset_Handler                            0x000002a1   Thumb Code     8  arm_startup_nrf52.o(.text)
    NMI_Handler                              0x000002a9   Thumb Code     2  arm_startup_nrf52.o(.text)
    HardFault_Handler                        0x000002ab   Thumb Code     2  arm_startup_nrf52.o(.text)
    MemoryManagement_Handler                 0x000002ad   Thumb Code     2  arm_startup_nrf52.o(.text)
    BusFault_Handler                         0x000002af   Thumb Code     2  arm_startup_nrf52.o(.text)
    UsageFault_Handler                       0x000002b1   Thumb Code     2  arm_startup_nrf52.o(.text)
    SVC_Handler                              0x000002b3   Thumb Code     2  arm_startup_nrf52.o(.text)
    DebugMon_Handler                         0x000002b5   Thumb Code     2  arm_startup_nrf52.o(.text)
    PendSV_Handler                           0x000002b7   Thumb Code     2  arm_startup_nrf52.o(.text)
    SysTick_Handler                          0x000002b9   Thumb Code     2  arm_startup_nrf52.o(.text)
    CCM_AAR_IRQHandler                       0x000002bb   Thumb Code     0  arm_startup_nrf52.o(.text)
    COMP_LPCOMP_IRQHandler                   0x000002bb   Thumb Code     0  arm_startup_nrf52.o(.text)
    ECB_IRQHandler                           0x000002bb   Thumb Code     0  arm_startup_nrf52.o(.text)
    FPU_IRQHandler                           0x000002bb   Thumb Code     0  arm_startup_nrf52.o(.text)
    GPIOTE_IRQHandler                        0x000002bb   Thumb Code     0  arm_startup_nrf52.o(.text)
    I2S_IRQHandler                           0x000002bb   Thumb Code     0  arm_startup_nrf52.o(.text)
    MWU_IRQHandler                           0x000002bb   Thumb Code     0  arm_startup_nrf52.o(.text)
    NFCT_IRQHandler                          0x000002bb   Thumb Code     0  arm_startup_nrf52.o(.text)
    PDM_IRQHandler                           0x000002bb   Thumb Code     0  arm_startup_nrf52.o(.text)
    POWER_CLOCK_IRQHandler                   0x000002bb   Thumb Code     0  arm_startup_nrf52.o(.text)
    PWM0_IRQHandler                          0x000002bb   Thumb Code     0  arm_startup_nrf52.o(.text)
    PWM1_IRQHandler                          0x000002bb   Thumb Code     0  arm_startup_nrf52.o(.text)
    PWM2_IRQHandler                          0x000002bb   Thumb Code     0  arm_startup_nrf52.o(.text)
    QDEC_IRQHandler                          0x000002bb   Thumb Code     0  arm_startup_nrf52.o(.text)
    RADIO_IRQHandler                         0x000002bb   Thumb Code     0  arm_startup_nrf52.o(.text)
    RNG_IRQHandler                           0x000002bb   Thumb Code     0  arm_startup_nrf52.o(.text)
    RTC2_IRQHandler                          0x000002bb   Thumb Code     0  arm_startup_nrf52.o(.text)
    SAADC_IRQHandler                         0x000002bb   Thumb Code     0  arm_startup_nrf52.o(.text)
    SPIM0_SPIS0_TWIM0_TWIS0_SPI0_TWI0_IRQHandler 0x000002bb   Thumb Code     0  arm_startup_nrf52.o(.text)
    SPIM1_SPIS1_TWIM1_TWIS1_SPI1_TWI1_IRQHandler 0x000002bb   Thumb Code     0  arm_startup_nrf52.o(.text)
    SPIM2_SPIS2_SPI2_IRQHandler              0x000002bb   Thumb Code     0  arm_startup_nrf52.o(.text)
    SWI0_EGU0_IRQHandler                     0x000002bb   Thumb Code     0  arm_startup_nrf52.o(.text)
    SWI1_EGU1_IRQHandler                     0x000002bb   Thumb Code     0  arm_startup_nrf52.o(.text)
    SWI2_EGU2_IRQHandler                     0x000002bb   Thumb Code     0  arm_startup_nrf52.o(.text)
    SWI3_EGU3_IRQHandler                     0x000002bb   Thumb Code     0  arm_startup_nrf52.o(.text)
    SWI4_EGU4_IRQHandler                     0x000002bb   Thumb Code     0  arm_startup_nrf52.o(.text)
    SWI5_EGU5_IRQHandler                     0x000002bb   Thumb Code     0  arm_startup_nrf52.o(.text)
    TEMP_IRQHandler                          0x000002bb   Thumb Code     0  arm_startup_nrf52.o(.text)
    TIMER0_IRQHandler                        0x000002bb   Thumb Code     0  arm_startup_nrf52.o(.text)
    TIMER1_IRQHandler                        0x000002bb   Thumb Code     0  arm_startup_nrf52.o(.text)
    TIMER2_IRQHandler                        0x000002bb   Thumb Code     0  arm_startup_nrf52.o(.text)
    TIMER3_IRQHandler                        0x000002bb   Thumb Code     0  arm_startup_nrf52.o(.text)
    TIMER4_IRQHandler                        0x000002bb   Thumb Code     0  arm_startup_nrf52.o(.text)
    UARTE0_UART0_IRQHandler                  0x000002bb   Thumb Code     0  arm_startup_nrf52.o(.text)
    WDT_IRQHandler                           0x000002bb   Thumb Code     0  arm_startup_nrf52.o(.text)
    __user_initial_stackheap                 0x000002bd   Thumb Code    10  arm_startup_nrf52.o(.text)
    __use_two_region_memory                  0x000002e1   Thumb Code     2  heapauxi.o(.text)
    __rt_heap_escrow$2region                 0x000002e3   Thumb Code     2  heapauxi.o(.text)
    __rt_heap_expand$2region                 0x000002e5   Thumb Code     2  heapauxi.o(.text)
    __user_setup_stackheap                   0x000002e7   Thumb Code    74  sys_stackheap_outer.o(.text)
    exit                                     0x00000331   Thumb Code    18  exit.o(.text)
    __user_libspace                          0x00000345   Thumb Code     8  libspace.o(.text)
    __user_perproc_libspace                  0x00000345   Thumb Code     0  libspace.o(.text)
    __user_perthread_libspace                0x00000345   Thumb Code     0  libspace.o(.text)
    _sys_exit                                0x0000034d   Thumb Code     8  sys_exit.o(.text)
    __I$use$semihosting                      0x00000359   Thumb Code     0  use_no_semi.o(.text)
    __use_no_semihosting_swi                 0x00000359   Thumb Code     2  use_no_semi.o(.text)
    __semihosting_library_function           0x0000035b   Thumb Code     0  indicate_semi.o(.text)
    App_Config                               0x0000035d   Thumb Code    20  app.o(.text.App_Config)
    App_Mainloop                             0x00000371   Thumb Code    50  app.o(.text.App_Mainloop)
    Clocks_HFCLK_Xtal_Start                  0x000003a5   Thumb Code    44  clocks.o(.text.Clocks_HFCLK_Xtal_Start)
    Clocks_HFCLK_Xtal_Start_Request          0x000003d1   Thumb Code    34  clocks.o(.text.Clocks_HFCLK_Xtal_Start_Request)
    Clocks_HFCLK_Xtal_Started                0x000003f5   Thumb Code    14  clocks.o(.text.Clocks_HFCLK_Xtal_Started)
    Clocks_HFCLK_Xtal_Stop                   0x00000405   Thumb Code    36  clocks.o(.text.Clocks_HFCLK_Xtal_Stop)
    Clocks_HFCLK_Xtal_Stop_Request           0x00000429   Thumb Code    34  clocks.o(.text.Clocks_HFCLK_Xtal_Stop_Request)
    Clocks_HFCLK_Xtal_Stopped                0x0000044d   Thumb Code    18  clocks.o(.text.Clocks_HFCLK_Xtal_Stopped)
    Clocks_HFCLK_Xtal_Wait_Until_Ready       0x00000461   Thumb Code    14  clocks.o(.text.Clocks_HFCLK_Xtal_Wait_Until_Ready)
    Clocks_HFCLK_Xtal_Wait_Until_Stopped     0x00000471   Thumb Code    14  clocks.o(.text.Clocks_HFCLK_Xtal_Wait_Until_Stopped)
    Clocks_Init                              0x00000481   Thumb Code     8  clocks.o(.text.Clocks_Init)
    Clocks_LFCLK_RC_Start                    0x00000489   Thumb Code    48  clocks.o(.text.Clocks_LFCLK_RC_Start)
    Clocks_LFCLK_RC_Start_Request            0x000004b9   Thumb Code    30  clocks.o(.text.Clocks_LFCLK_RC_Start_Request)
    Clocks_Struct_Init                       0x000004d9   Thumb Code    34  clocks.o(.text.Clocks_Struct_Init)
    LED_Init                                 0x000004fd   Thumb Code    26  led.o(.text.LED_Init)
    LED_Off                                  0x00000519   Thumb Code    18  led.o(.text.LED_Off)
    LED_On                                   0x0000052d   Thumb Code    18  led.o(.text.LED_On)
    LED_Set_State                            0x00000541   Thumb Code    22  led.o(.text.LED_Set_State)
    RTC0_IRQHandler                          0x00000559   Thumb Code    54  rtc.o(.text.RTC0_IRQHandler)
    RTC1_IRQHandler                          0x00000591   Thumb Code    50  rtc.o(.text.RTC1_IRQHandler)
    RTC_RTC1_Clear_Timeout                   0x000005c5   Thumb Code    60  rtc.o(.text.RTC_RTC1_Clear_Timeout)
    RTC_RTC1_Set_Timeout                     0x00000601   Thumb Code   108  rtc.o(.text.RTC_RTC1_Set_Timeout)
    RTC_RTC1_Timeout_Event                   0x0000066d   Thumb Code    12  rtc.o(.text.RTC_RTC1_Timeout_Event)
    RTC_RTC1_Timeout_Event_Clear             0x00000679   Thumb Code    14  rtc.o(.text.RTC_RTC1_Timeout_Event_Clear)
    Radio_Active                             0x00000689   Thumb Code    36  radio.o(.text.Radio_Active)
    Radio_Init                               0x000006ad   Thumb Code    16  radio.o(.text.Radio_Init)
    Radio_Mode_Rx                            0x000006bd   Thumb Code    90  radio.o(.text.Radio_Mode_Rx)
    Radio_Power_Disable                      0x00000719   Thumb Code    20  radio.o(.text.Radio_Power_Disable)
    Radio_Power_Down                         0x0000072d   Thumb Code    36  radio.o(.text.Radio_Power_Down)
    Radio_Power_Enable                       0x00000751   Thumb Code    20  radio.o(.text.Radio_Power_Enable)
    Radio_Reg_Init                           0x00000765   Thumb Code   128  radio.o(.text.Radio_Reg_Init)
    Radio_Rx                                 0x000007e5   Thumb Code   130  radio.o(.text.Radio_Rx)
    Radio_Struct_Init                        0x00000869   Thumb Code    26  radio.o(.text.Radio_Struct_Init)
    SystemCoreClockUpdate                    0x00000885   Thumb Code    20  system_nrf52.o(.text.SystemCoreClockUpdate)
    SystemInit                               0x00000899   Thumb Code   392  system_nrf52.o(.text.SystemInit)
    Timeout_Clear_Assignment                 0x00000a21   Thumb Code    12  timeout.o(.text.Timeout_Clear_Assignment)
    Timeout_Error_Assign                     0x00000a2d   Thumb Code    50  timeout.o(.text.Timeout_Error_Assign)
    Timeout_Error_Clear                      0x00000a61   Thumb Code    14  timeout.o(.text.Timeout_Error_Clear)
    Timeout_Error_Force_Assign               0x00000a71   Thumb Code    28  timeout.o(.text.Timeout_Error_Force_Assign)
    Timeout_Error_Get                        0x00000a8d   Thumb Code    12  timeout.o(.text.Timeout_Error_Get)
    Timeout_Init                             0x00000a99   Thumb Code    12  timeout.o(.text.Timeout_Init)
    Timeout_Reg_Init                         0x00000aa5   Thumb Code     8  timeout.o(.text.Timeout_Reg_Init)
    Timeout_Set_MicroSeconds                 0x00000aad   Thumb Code     8  timeout.o(.text.Timeout_Set_MicroSeconds)
    Timeout_Struct_Init                      0x00000ab5   Thumb Code    24  timeout.o(.text.Timeout_Struct_Init)
    main                                     0x00000b2d   Thumb Code    10  main.o(.text.main)
    _fp_init                                 0x00000d63   Thumb Code    26  fpinit.o(x$fpl$fpinit)
    __fplib_config_fpu_vfp                   0x00000d7b   Thumb Code     0  fpinit.o(x$fpl$fpinit)
    __fplib_config_pureend_doubles           0x00000d7b   Thumb Code     0  fpinit.o(x$fpl$fpinit)
    Region$$Table$$Base                      0x00000d7c   Number         0  anon$$obj.o(Region$$Table)
    Region$$Table$$Limit                     0x00000d9c   Number         0  anon$$obj.o(Region$$Table)
    SystemCoreClock                          0x20000000   Data           4  system_nrf52.o(.data.SystemCoreClock)
    __libspace_start                         0x20000008   Data          96  libspace.o(.bss)
    __temporary_stack_top$libspace           0x20000068   Data           0  libspace.o(.bss)



==============================================================================

Memory Map of the image

  Image Entry point : 0x000002a1

  Load Region LR_1 (Base: 0x00000000, Size: 0x00000da0, Max: 0xffffffff, ABSOLUTE)

    Execution Region ER_RO (Exec base: 0x00000000, Load base: 0x00000000, Size: 0x00000d9c, Max: 0xffffffff, ABSOLUTE)

    Exec Addr    Load Addr    Size         Type   Attr      Idx    E Section Name        Object

    0x00000000   0x00000000   0x00000200   Data   RO          392    RESET               arm_startup_nrf52.o
    0x00000200   0x00000200   0x00000008   Code   RO          446  * !!!main             c_w.l(__main.o)
    0x00000208   0x00000208   0x00000034   Code   RO          609    !!!scatter          c_w.l(__scatter.o)
    0x0000023c   0x0000023c   0x0000001a   Code   RO          611    !!handler_copy      c_w.l(__scatter_copy.o)
    0x00000256   0x00000256   0x00000002   PAD
    0x00000258   0x00000258   0x0000001c   Code   RO          613    !!handler_zi        c_w.l(__scatter_zi.o)
    0x00000274   0x00000274   0x00000002   Code   RO          473    .ARM.Collect$$libinit$$00000000  c_w.l(libinit.o)
    0x00000276   0x00000276   0x00000004   Code   RO          479    .ARM.Collect$$libinit$$00000001  c_w.l(libinit2.o)
    0x0000027a   0x0000027a   0x00000000   Code   RO          482    .ARM.Collect$$libinit$$00000004  c_w.l(libinit2.o)
    0x0000027a   0x0000027a   0x00000000   Code   RO          485    .ARM.Collect$$libinit$$0000000A  c_w.l(libinit2.o)
    0x0000027a   0x0000027a   0x00000000   Code   RO          487    .ARM.Collect$$libinit$$0000000C  c_w.l(libinit2.o)
    0x0000027a   0x0000027a   0x00000000   Code   RO          489    .ARM.Collect$$libinit$$0000000E  c_w.l(libinit2.o)
    0x0000027a   0x0000027a   0x00000000   Code   RO          492    .ARM.Collect$$libinit$$00000011  c_w.l(libinit2.o)
    0x0000027a   0x0000027a   0x00000000   Code   RO          494    .ARM.Collect$$libinit$$00000013  c_w.l(libinit2.o)
    0x0000027a   0x0000027a   0x00000000   Code   RO          496    .ARM.Collect$$libinit$$00000015  c_w.l(libinit2.o)
    0x0000027a   0x0000027a   0x00000000   Code   RO          498    .ARM.Collect$$libinit$$00000017  c_w.l(libinit2.o)
    0x0000027a   0x0000027a   0x00000000   Code   RO          500    .ARM.Collect$$libinit$$00000019  c_w.l(libinit2.o)
    0x0000027a   0x0000027a   0x00000000   Code   RO          502    .ARM.Collect$$libinit$$0000001B  c_w.l(libinit2.o)
    0x0000027a   0x0000027a   0x00000000   Code   RO          504    .ARM.Collect$$libinit$$0000001D  c_w.l(libinit2.o)
    0x0000027a   0x0000027a   0x00000000   Code   RO          506    .ARM.Collect$$libinit$$0000001F  c_w.l(libinit2.o)
    0x0000027a   0x0000027a   0x00000000   Code   RO          508    .ARM.Collect$$libinit$$00000021  c_w.l(libinit2.o)
    0x0000027a   0x0000027a   0x00000000   Code   RO          510    .ARM.Collect$$libinit$$00000023  c_w.l(libinit2.o)
    0x0000027a   0x0000027a   0x00000000   Code   RO          512    .ARM.Collect$$libinit$$00000025  c_w.l(libinit2.o)
    0x0000027a   0x0000027a   0x00000000   Code   RO          516    .ARM.Collect$$libinit$$0000002C  c_w.l(libinit2.o)
    0x0000027a   0x0000027a   0x00000000   Code   RO          518    .ARM.Collect$$libinit$$0000002E  c_w.l(libinit2.o)
    0x0000027a   0x0000027a   0x00000000   Code   RO          520    .ARM.Collect$$libinit$$00000030  c_w.l(libinit2.o)
    0x0000027a   0x0000027a   0x00000000   Code   RO          522    .ARM.Collect$$libinit$$00000032  c_w.l(libinit2.o)
    0x0000027a   0x0000027a   0x00000002   Code   RO          523    .ARM.Collect$$libinit$$00000033  c_w.l(libinit2.o)
    0x0000027c   0x0000027c   0x00000002   Code   RO          545    .ARM.Collect$$libshutdown$$00000000  c_w.l(libshutdown.o)
    0x0000027e   0x0000027e   0x00000000   Code   RO          560    .ARM.Collect$$libshutdown$$00000002  c_w.l(libshutdown2.o)
    0x0000027e   0x0000027e   0x00000000   Code   RO          562    .ARM.Collect$$libshutdown$$00000004  c_w.l(libshutdown2.o)
    0x0000027e   0x0000027e   0x00000000   Code   RO          565    .ARM.Collect$$libshutdown$$00000007  c_w.l(libshutdown2.o)
    0x0000027e   0x0000027e   0x00000000   Code   RO          568    .ARM.Collect$$libshutdown$$0000000A  c_w.l(libshutdown2.o)
    0x0000027e   0x0000027e   0x00000000   Code   RO          570    .ARM.Collect$$libshutdown$$0000000C  c_w.l(libshutdown2.o)
    0x0000027e   0x0000027e   0x00000000   Code   RO          573    .ARM.Collect$$libshutdown$$0000000F  c_w.l(libshutdown2.o)
    0x0000027e   0x0000027e   0x00000002   Code   RO          574    .ARM.Collect$$libshutdown$$00000010  c_w.l(libshutdown2.o)
    0x00000280   0x00000280   0x00000000   Code   RO          448    .ARM.Collect$$rtentry$$00000000  c_w.l(__rtentry.o)
    0x00000280   0x00000280   0x00000000   Code   RO          450    .ARM.Collect$$rtentry$$00000002  c_w.l(__rtentry2.o)
    0x00000280   0x00000280   0x00000006   Code   RO          462    .ARM.Collect$$rtentry$$00000004  c_w.l(__rtentry4.o)
    0x00000286   0x00000286   0x00000000   Code   RO          452    .ARM.Collect$$rtentry$$00000009  c_w.l(__rtentry2.o)
    0x00000286   0x00000286   0x00000004   Code   RO          453    .ARM.Collect$$rtentry$$0000000A  c_w.l(__rtentry2.o)
    0x0000028a   0x0000028a   0x00000000   Code   RO          455    .ARM.Collect$$rtentry$$0000000C  c_w.l(__rtentry2.o)
    0x0000028a   0x0000028a   0x00000008   Code   RO          456    .ARM.Collect$$rtentry$$0000000D  c_w.l(__rtentry2.o)
    0x00000292   0x00000292   0x00000002   Code   RO          477    .ARM.Collect$$rtexit$$00000000  c_w.l(rtexit.o)
    0x00000294   0x00000294   0x00000000   Code   RO          525    .ARM.Collect$$rtexit$$00000002  c_w.l(rtexit2.o)
    0x00000294   0x00000294   0x00000004   Code   RO          526    .ARM.Collect$$rtexit$$00000003  c_w.l(rtexit2.o)
    0x00000298   0x00000298   0x00000006   Code   RO          527    .ARM.Collect$$rtexit$$00000004  c_w.l(rtexit2.o)
    0x0000029e   0x0000029e   0x00000002   PAD
    0x000002a0   0x000002a0   0x00000040   Code   RO          393  * .text               arm_startup_nrf52.o
    0x000002e0   0x000002e0   0x00000006   Code   RO          444    .text               c_w.l(heapauxi.o)
    0x000002e6   0x000002e6   0x0000004a   Code   RO          464    .text               c_w.l(sys_stackheap_outer.o)
    0x00000330   0x00000330   0x00000012   Code   RO          466    .text               c_w.l(exit.o)
    0x00000342   0x00000342   0x00000002   PAD
    0x00000344   0x00000344   0x00000008   Code   RO          474    .text               c_w.l(libspace.o)
    0x0000034c   0x0000034c   0x0000000c   Code   RO          535    .text               c_w.l(sys_exit.o)
    0x00000358   0x00000358   0x00000002   Code   RO          550    .text               c_w.l(use_no_semi.o)
    0x0000035a   0x0000035a   0x00000000   Code   RO          552    .text               c_w.l(indicate_semi.o)
    0x0000035a   0x0000035a   0x00000002   PAD
    0x0000035c   0x0000035c   0x00000014   Code   RO            2    .text.App_Config    app.o
    0x00000370   0x00000370   0x00000032   Code   RO            4    .text.App_Mainloop  app.o
    0x000003a2   0x000003a2   0x00000002   PAD
    0x000003a4   0x000003a4   0x0000002c   Code   RO          248    .text.Clocks_HFCLK_Xtal_Start  clocks.o
    0x000003d0   0x000003d0   0x00000022   Code   RO          260    .text.Clocks_HFCLK_Xtal_Start_Request  clocks.o
    0x000003f2   0x000003f2   0x00000002   PAD
    0x000003f4   0x000003f4   0x0000000e   Code   RO          250    .text.Clocks_HFCLK_Xtal_Started  clocks.o
    0x00000402   0x00000402   0x00000002   PAD
    0x00000404   0x00000404   0x00000024   Code   RO          254    .text.Clocks_HFCLK_Xtal_Stop  clocks.o
    0x00000428   0x00000428   0x00000022   Code   RO          262    .text.Clocks_HFCLK_Xtal_Stop_Request  clocks.o
    0x0000044a   0x0000044a   0x00000002   PAD
    0x0000044c   0x0000044c   0x00000012   Code   RO          256    .text.Clocks_HFCLK_Xtal_Stopped  clocks.o
    0x0000045e   0x0000045e   0x00000002   PAD
    0x00000460   0x00000460   0x0000000e   Code   RO          252    .text.Clocks_HFCLK_Xtal_Wait_Until_Ready  clocks.o
    0x0000046e   0x0000046e   0x00000002   PAD
    0x00000470   0x00000470   0x0000000e   Code   RO          258    .text.Clocks_HFCLK_Xtal_Wait_Until_Stopped  clocks.o
    0x0000047e   0x0000047e   0x00000002   PAD
    0x00000480   0x00000480   0x00000008   Code   RO          286    .text.Clocks_Init   clocks.o
    0x00000488   0x00000488   0x00000030   Code   RO          266    .text.Clocks_LFCLK_RC_Start  clocks.o
    0x000004b8   0x000004b8   0x0000001e   Code   RO          270    .text.Clocks_LFCLK_RC_Start_Request  clocks.o
    0x000004d6   0x000004d6   0x00000002   PAD
    0x000004d8   0x000004d8   0x00000022   Code   RO          246    .text.Clocks_Struct_Init  clocks.o
    0x000004fa   0x000004fa   0x00000002   PAD
    0x000004fc   0x000004fc   0x0000001a   Code   RO          298    .text.LED_Init      led.o
    0x00000516   0x00000516   0x00000002   PAD
    0x00000518   0x00000518   0x00000012   Code   RO          302    .text.LED_Off       led.o
    0x0000052a   0x0000052a   0x00000002   PAD
    0x0000052c   0x0000052c   0x00000012   Code   RO          300    .text.LED_On        led.o
    0x0000053e   0x0000053e   0x00000002   PAD
    0x00000540   0x00000540   0x00000016   Code   RO          306    .text.LED_Set_State  led.o
    0x00000556   0x00000556   0x00000002   PAD
    0x00000558   0x00000558   0x00000036   Code   RO          362    .text.RTC0_IRQHandler  rtc.o
    0x0000058e   0x0000058e   0x00000002   PAD
    0x00000590   0x00000590   0x00000032   Code   RO          364    .text.RTC1_IRQHandler  rtc.o
    0x000005c2   0x000005c2   0x00000002   PAD
    0x000005c4   0x000005c4   0x0000003c   Code   RO          350    .text.RTC_RTC1_Clear_Timeout  rtc.o
    0x00000600   0x00000600   0x0000006c   Code   RO          348    .text.RTC_RTC1_Set_Timeout  rtc.o
    0x0000066c   0x0000066c   0x0000000c   Code   RO          352    .text.RTC_RTC1_Timeout_Event  rtc.o
    0x00000678   0x00000678   0x0000000e   Code   RO          354    .text.RTC_RTC1_Timeout_Event_Clear  rtc.o
    0x00000686   0x00000686   0x00000002   PAD
    0x00000688   0x00000688   0x00000024   Code   RO           62    .text.Radio_Active  radio.o
    0x000006ac   0x000006ac   0x00000010   Code   RO           76    .text.Radio_Init    radio.o
    0x000006bc   0x000006bc   0x0000005a   Code   RO           70    .text.Radio_Mode_Rx  radio.o
    0x00000716   0x00000716   0x00000002   PAD
    0x00000718   0x00000718   0x00000014   Code   RO           60    .text.Radio_Power_Disable  radio.o
    0x0000072c   0x0000072c   0x00000024   Code   RO           64    .text.Radio_Power_Down  radio.o
    0x00000750   0x00000750   0x00000014   Code   RO           58    .text.Radio_Power_Enable  radio.o
    0x00000764   0x00000764   0x00000080   Code   RO           56    .text.Radio_Reg_Init  radio.o
    0x000007e4   0x000007e4   0x00000082   Code   RO           74    .text.Radio_Rx      radio.o
    0x00000866   0x00000866   0x00000002   PAD
    0x00000868   0x00000868   0x0000001a   Code   RO           54    .text.Radio_Struct_Init  radio.o
    0x00000882   0x00000882   0x00000002   PAD
    0x00000884   0x00000884   0x00000014   Code   RO          404    .text.SystemCoreClockUpdate  system_nrf52.o
    0x00000898   0x00000898   0x00000188   Code   RO          406    .text.SystemInit    system_nrf52.o
    0x00000a20   0x00000a20   0x0000000c   Code   RO           32    .text.Timeout_Clear_Assignment  timeout.o
    0x00000a2c   0x00000a2c   0x00000032   Code   RO           28    .text.Timeout_Error_Assign  timeout.o
    0x00000a5e   0x00000a5e   0x00000002   PAD
    0x00000a60   0x00000a60   0x0000000e   Code   RO           36    .text.Timeout_Error_Clear  timeout.o
    0x00000a6e   0x00000a6e   0x00000002   PAD
    0x00000a70   0x00000a70   0x0000001c   Code   RO           30    .text.Timeout_Error_Force_Assign  timeout.o
    0x00000a8c   0x00000a8c   0x0000000c   Code   RO           34    .text.Timeout_Error_Get  timeout.o
    0x00000a98   0x00000a98   0x0000000c   Code   RO           42    .text.Timeout_Init  timeout.o
    0x00000aa4   0x00000aa4   0x00000008   Code   RO           24    .text.Timeout_Reg_Init  timeout.o
    0x00000aac   0x00000aac   0x00000008   Code   RO           26    .text.Timeout_Set_MicroSeconds  timeout.o
    0x00000ab4   0x00000ab4   0x00000018   Code   RO           22    .text.Timeout_Struct_Init  timeout.o
    0x00000acc   0x00000acc   0x00000016   Code   RO          338    .text.__NVIC_ClearPendingIRQ  rtc.o
    0x00000ae2   0x00000ae2   0x00000002   PAD
    0x00000ae4   0x00000ae4   0x0000001e   Code   RO          346    .text.__NVIC_DisableIRQ  rtc.o
    0x00000b02   0x00000b02   0x00000002   PAD
    0x00000b04   0x00000b04   0x00000016   Code   RO          342    .text.__NVIC_EnableIRQ  rtc.o
    0x00000b1a   0x00000b1a   0x00000002   PAD
    0x00000b1c   0x00000b1c   0x00000010   Code   RO          340    .text.__NVIC_SetPriority  rtc.o
    0x00000b2c   0x00000b2c   0x0000000a   Code   RO           13    .text.main          main.o
    0x00000b36   0x00000b36   0x00000002   PAD
    0x00000b38   0x00000b38   0x00000028   Code   RO          432    .text.nrf52_configuration_249  system_nrf52.o
    0x00000b60   0x00000b60   0x00000022   Code   RO          424    .text.nrf52_errata_108  system_nrf52.o
    0x00000b82   0x00000b82   0x00000002   PAD
    0x00000b84   0x00000b84   0x00000022   Code   RO          408    .text.nrf52_errata_12  system_nrf52.o
    0x00000ba6   0x00000ba6   0x00000002   PAD
    0x00000ba8   0x00000ba8   0x00000022   Code   RO          426    .text.nrf52_errata_136  system_nrf52.o
    0x00000bca   0x00000bca   0x00000002   PAD
    0x00000bcc   0x00000bcc   0x0000002a   Code   RO          410    .text.nrf52_errata_16  system_nrf52.o
    0x00000bf6   0x00000bf6   0x00000002   PAD
    0x00000bf8   0x00000bf8   0x00000030   Code   RO          428    .text.nrf52_errata_182  system_nrf52.o
    0x00000c28   0x00000c28   0x00000022   Code   RO          412    .text.nrf52_errata_31  system_nrf52.o
    0x00000c4a   0x00000c4a   0x00000002   PAD
    0x00000c4c   0x00000c4c   0x0000002a   Code   RO          414    .text.nrf52_errata_32  system_nrf52.o
    0x00000c76   0x00000c76   0x00000002   PAD
    0x00000c78   0x00000c78   0x00000022   Code   RO          416    .text.nrf52_errata_36  system_nrf52.o
    0x00000c9a   0x00000c9a   0x00000002   PAD
    0x00000c9c   0x00000c9c   0x0000002a   Code   RO          418    .text.nrf52_errata_37  system_nrf52.o
    0x00000cc6   0x00000cc6   0x00000002   PAD
    0x00000cc8   0x00000cc8   0x0000002a   Code   RO          420    .text.nrf52_errata_57  system_nrf52.o
    0x00000cf2   0x00000cf2   0x00000002   PAD
    0x00000cf4   0x00000cf4   0x0000004a   Code   RO          422    .text.nrf52_errata_66  system_nrf52.o
    0x00000d3e   0x00000d3e   0x00000002   PAD
    0x00000d40   0x00000d40   0x00000022   Code   RO          430    .text.nrf52_handle_approtect  system_nrf52.o
    0x00000d62   0x00000d62   0x0000001a   Code   RO          533    x$fpl$fpinit        fz_wm.l(fpinit.o)
    0x00000d7c   0x00000d7c   0x00000020   Data   RO          608    Region$$Table       anon$$obj.o


    Execution Region ER_RW (Exec base: 0x20000000, Load base: 0x00000d9c, Size: 0x00000004, Max: 0xffffffff, ABSOLUTE)

    Exec Addr    Load Addr    Size         Type   Attr      Idx    E Section Name        Object

    0x20000000   0x00000d9c   0x00000004   Data   RW          434    .data.SystemCoreClock  system_nrf52.o


    Execution Region ER_ZI (Exec base: 0x20000008, Load base: 0x00000da0, Size: 0x000020d8, Max: 0xffffffff, ABSOLUTE)

    Exec Addr    Load Addr    Size         Type   Attr      Idx    E Section Name        Object

    0x20000008        -       0x00000060   Zero   RW          475    .bss                c_w.l(libspace.o)
    0x20000068        -       0x00000001   Zero   RW          288    .bss.Clocks.0       clocks.o
    0x20000069        -       0x00000001   Zero   RW          289    .bss.Clocks.1       clocks.o
    0x2000006a        -       0x00000001   Zero   RW          290    .bss.Clocks.2       clocks.o
    0x2000006b   0x00000da0   0x00000001   PAD
    0x2000006c        -       0x0000000c   Zero   RW          368    .bss.RTC            rtc.o
    0x20000078        -       0x00000060   Zero   RW           78    .bss.Radio          radio.o
    0x200000d8        -       0x00000001   Zero   RW           44    .bss.Timeout.0      timeout.o
    0x200000d9        -       0x00000001   Zero   RW           45    .bss.Timeout.1      timeout.o
    0x200000da   0x00000da0   0x00000006   PAD
    0x200000e0        -       0x00001000   Zero   RW          391    HEAP                arm_startup_nrf52.o
    0x200010e0        -       0x00001000   Zero   RW          390    STACK               arm_startup_nrf52.o


==============================================================================

Image component sizes


      Code (inc. data)   RO Data    RW Data    ZI Data      Debug   Object Name

        70          0          0          0          0        477   app.o
        64         26        512          0       8192        960   arm_startup_nrf52.o
       328          0          0          0          3       4170   clocks.o
        84          0          0          0          0       1676   led.o
        10          0          0          0          0        371   main.o
       502          0          0          0         96       5525   radio.o
       388          0          0          0         12       6708   rtc.o
       946          0          0          4          0       9087   system_nrf52.o
       168          0          0          0          2       1904   timeout.o

    ----------------------------------------------------------------------
      2630         26        544          4       8312      30878   Object Totals
         0          0         32          0          0          0   (incl. Generated)
        70          0          0          0          7          0   (incl. Padding)

    ----------------------------------------------------------------------

      Code (inc. data)   RO Data    RW Data    ZI Data      Debug   Library Member Name

         8          0          0          0          0         68   __main.o
         0          0          0          0          0          0   __rtentry.o
        12          0          0          0          0          0   __rtentry2.o
         6          0          0          0          0          0   __rtentry4.o
        52          8          0          0          0          0   __scatter.o
        26          0          0          0          0          0   __scatter_copy.o
        28          0          0          0          0          0   __scatter_zi.o
        18          0          0          0          0         80   exit.o
         6          0          0          0          0        152   heapauxi.o
         0          0          0          0          0          0   indicate_semi.o
         2          0          0          0          0          0   libinit.o
         6          0          0          0          0          0   libinit2.o
         2          0          0          0          0          0   libshutdown.o
         2          0          0          0          0          0   libshutdown2.o
         8          4          0          0         96         68   libspace.o
         2          0          0          0          0          0   rtexit.o
        10          0          0          0          0          0   rtexit2.o
        12          4          0          0          0         68   sys_exit.o
        74          0          0          0          0         80   sys_stackheap_outer.o
         2          0          0          0          0         68   use_no_semi.o
        26          0          0          0          0        116   fpinit.o

    ----------------------------------------------------------------------
       310         16          0          0         96        700   Library Totals
         8          0          0          0          0          0   (incl. Padding)

    ----------------------------------------------------------------------

      Code (inc. data)   RO Data    RW Data    ZI Data      Debug   Library Name

       276         16          0          0         96        584   c_w.l
        26          0          0          0          0        116   fz_wm.l

    ----------------------------------------------------------------------
       310         16          0          0         96        700   Library Totals

    ----------------------------------------------------------------------

==============================================================================


      Code (inc. data)   RO Data    RW Data    ZI Data      Debug   

      2940         42        544          4       8408      31282   Grand Totals
      2940         42        544          4       8408      31282   ELF Image Totals
      2940         42        544          4          0          0   ROM Totals

==============================================================================

    Total RO  Size (Code + RO Data)                 3484 (   3.40kB)
    Total RW  Size (RW Data + ZI Data)              8412 (   8.21kB)
    Total ROM Size (Code + RO Data + RW Data)       3488 (   3.41kB)

==============================================================================

