<html>
<body>
<pre>
<h1>µVision Build Log</h1>
<h2>Tool Versions:</h2>
IDE-Version: µVision V5.41.0.0
Copyright (C) 2024 ARM Ltd and ARM Germany GmbH. All rights reserved.
License Information: faridul islam
NA
User-based license: Keil MDK Community (non-commercial free of charge)
Valid until: Jun 1 2033. Cached until: Jan 10 2026
 
Tool Versions:
Toolchain:       Keil MDK Community (non-commercial free of charge  Version: 5.41.0.0
Toolchain Path:  C:\Keil\ARM\ARMCLANG\Bin
C Compiler:      ArmClang.exe V6.22
Assembler:       Armasm.exe V6.22
Linker/Locator:  ArmLink.exe V6.22
Library Manager: ArmAr.exe V6.22
Hex Converter:   FromElf.exe V6.22
CPU DLL:         SARMCM3.DLL V5.41.0.0
Dialog DLL:      DCM.DLL V1.17.5.0
Target DLL:      Segger\JL2CM3.dll V2.99.45.0
Dialog DLL:      TCM.DLL V1.56.4.0
 
<h2>Project:</h2>
E:\Embedded Projects\Running\Keil Projects\NRF52832_Radio_Driver\Receiver\nrf52832_radio_driver.uvprojx
Project File Date:  01/03/2026

<h2>Output:</h2>
*** Using Compiler 'V6.22', folder: 'C:\Keil\ARM\ARMCLANG\Bin'
Rebuild target 'NRF52832'
compiling led.c...
compiling timeout.c...
compiling main.c...
compiling app.c...
compiling datahandler.c...
assembling arm_startup_nrf52.s...
compiling arq.c...
compiling pwm.c...
compiling radio.c...
compiling clocks.c...
compiling rtc.c...
compiling system_nrf52.c...
compiling uart.c...
linking...
Program Size: Code=4984 RO-data=544 RW-data=36 ZI-data=8560  
".\Objects\nrf52832_radio_driver.axf" - 0 Error(s), 0 Warning(s).

<h2>Software Packages used:</h2>

Package Vendor: ARM
                https://www.keil.com/pack/ARM.CMSIS.6.2.0.pack
                ARM::CMSIS@6.2.0
                CMSIS (Common Microcontroller Software Interface Standard)
   * Component: CORE Version: 6.1.1

Package Vendor: NordicSemiconductor
                http://developer.nordicsemi.com/nRF5_SDK/pieces/nRF_DeviceFamilyPack/NordicSemiconductor.nRF_DeviceFamilyPack.8.44.1.pack
                NordicSemiconductor::nRF_DeviceFamilyPack@8.44.1
                Nordic Semiconductor nRF ARM devices Device Family Pack with BSD license.
   * Component: Startup Version: 8.44.1

<h2>Collection of Component include folders:</h2>
  ./RTE/_NRF52832
  C:/Keil/ARM/CMSIS/6.2.0/CMSIS/Core/Include
  C:/Keil/NordicSemiconductor/nRF_DeviceFamilyPack/8.44.1/Device/Include

<h2>Collection of Component Files used:</h2>

   * Component: ARM::CMSIS:CORE@6.1.1

   * Component: NordicSemiconductor::Device:Startup@8.44.1
      Source file:   Device/Source/arm/arm_startup_nrf52.s
      Source file:   Device/Source/system_nrf52.c
      Include file:  Device/Include/system_nrf52.h
      Include file:  Device/Include/system_nrf.h
Build Time Elapsed:  00:00:01
</pre>
</body>
</html>
