Component: ARM Compiler 6.16 Tool: armlink [5dfeaa00]

==============================================================================

Section Cross References

    app.o(.text.App_Config) refers to timeout.o(.text.Timeout_Init) for Timeout_Init
    app.o(.text.App_Config) refers to radio.o(.text.Radio_Init) for Radio_Init
    app.o(.text.App_Config) refers to uart.o(.text.UART_Init) for UART_Init
    app.o(.text.App_Config) refers to uart.o(.text.UART_Tx_Text_NL) for UART_Tx_Text_NL
    app.o(.ARM.exidx.text.App_Config) refers to app.o(.text.App_Config) for [Anonymous Symbol]
    app.o(.text.App_Mainloop) refers to radio.o(.text.Radio_Rx_Ack) for Radio_Rx_Ack
    app.o(.text.App_Mainloop) refers to radio.o(.text.Radio_Rx_Extract_SrcH) for Radio_Rx_Extract_SrcH
    app.o(.text.App_Mainloop) refers to uart.o(.text.UART_Tx_Parameter_Hex_SP) for UART_Tx_Parameter_Hex_SP
    app.o(.text.App_Mainloop) refers to radio.o(.text.Radio_Rx_Extract_SrcL) for Radio_Rx_Extract_SrcL
    app.o(.text.App_Mainloop) refers to uart.o(.text.UART_Tx_Number_Hex_SP) for UART_Tx_Number_Hex_SP
    app.o(.text.App_Mainloop) refers to radio.o(.text.Radio_Rx_Extract_DstH) for Radio_Rx_Extract_DstH
    app.o(.text.App_Mainloop) refers to radio.o(.text.Radio_Rx_Extract_DstL) for Radio_Rx_Extract_DstL
    app.o(.text.App_Mainloop) refers to radio.o(.text.Radio_Rx_Get_Data_Buf) for Radio_Rx_Get_Data_Buf
    app.o(.text.App_Mainloop) refers to uart.o(.text.UART_Tx_Parameter_SP) for UART_Tx_Parameter_SP
    app.o(.text.App_Mainloop) refers to radio.o(.text.Radio_Get_Sys_Param0) for Radio_Get_Sys_Param0
    app.o(.text.App_Mainloop) refers to radio.o(.text.Radio_Get_Sys_Param1) for Radio_Get_Sys_Param1
    app.o(.text.App_Mainloop) refers to uart.o(.text.UART_Tx_Parameter_NL) for UART_Tx_Parameter_NL
    app.o(.text.App_Mainloop) refers to timeout.o(.text.Timeout_Sticky_Error_Get) for Timeout_Sticky_Error_Get
    app.o(.text.App_Mainloop) refers to uart.o(.text.UART_Tx_Parameter_Hex_NL) for UART_Tx_Parameter_Hex_NL
    app.o(.text.App_Mainloop) refers to timeout.o(.text.Timeout_Sticky_Error_Clear) for Timeout_Sticky_Error_Clear
    app.o(.ARM.exidx.text.App_Mainloop) refers to app.o(.text.App_Mainloop) for [Anonymous Symbol]
    main.o(.text.main) refers to app.o(.text.App_Config) for App_Config
    main.o(.text.main) refers to app.o(.text.App_Mainloop) for App_Mainloop
    main.o(.ARM.exidx.text.main) refers to main.o(.text.main) for [Anonymous Symbol]
    timeout.o(.text.Timeout_Struct_Init) refers to timeout.o(.bss.Timeout.0) for Timeout.0
    timeout.o(.text.Timeout_Struct_Init) refers to timeout.o(.bss.Timeout.1) for Timeout.1
    timeout.o(.text.Timeout_Struct_Init) refers to timeout.o(.bss.Timeout.2) for Timeout.2
    timeout.o(.text.Timeout_Struct_Init) refers to timeout.o(.bss.Timeout.3) for Timeout.3
    timeout.o(.text.Timeout_Struct_Init) refers to timeout.o(.bss.Timeout.4) for Timeout.4
    timeout.o(.ARM.exidx.text.Timeout_Struct_Init) refers to timeout.o(.text.Timeout_Struct_Init) for [Anonymous Symbol]
    timeout.o(.ARM.exidx.text.Timeout_Reg_Init) refers to timeout.o(.text.Timeout_Reg_Init) for [Anonymous Symbol]
    timeout.o(.ARM.exidx.text.Timeout_Delay_1us) refers to timeout.o(.text.Timeout_Delay_1us) for [Anonymous Symbol]
    timeout.o(.text.Timeout_Delay_us) refers to timeout.o(.text.Timeout_Delay_1us) for Timeout_Delay_1us
    timeout.o(.ARM.exidx.text.Timeout_Delay_us) refers to timeout.o(.text.Timeout_Delay_us) for [Anonymous Symbol]
    timeout.o(.text.Timeout_Delay_ms) refers to timeout.o(.text.Timeout_Delay_1us) for Timeout_Delay_1us
    timeout.o(.ARM.exidx.text.Timeout_Delay_ms) refers to timeout.o(.text.Timeout_Delay_ms) for [Anonymous Symbol]
    timeout.o(.text.Timeout_Set_MicroSeconds) refers to timeout.o(.bss.Timeout.0) for Timeout.0
    timeout.o(.text.Timeout_Set_MicroSeconds) refers to timeout.o(.bss.Timeout.3) for Timeout.3
    timeout.o(.ARM.exidx.text.Timeout_Set_MicroSeconds) refers to timeout.o(.text.Timeout_Set_MicroSeconds) for [Anonymous Symbol]
    timeout.o(.text.Timeout_Occured) refers to timeout.o(.bss.Timeout.4) for Timeout.4
    timeout.o(.text.Timeout_Occured) refers to timeout.o(.bss.Timeout.3) for Timeout.3
    timeout.o(.text.Timeout_Occured) refers to timeout.o(.text.Timeout_Delay_1us) for Timeout_Delay_1us
    timeout.o(.text.Timeout_Occured) refers to timeout.o(.bss.Timeout.0) for Timeout.0
    timeout.o(.ARM.exidx.text.Timeout_Occured) refers to timeout.o(.text.Timeout_Occured) for [Anonymous Symbol]
    timeout.o(.text.Timeout_Error_Assign) refers to timeout.o(.text.Timeout_Set_MicroSeconds) for Timeout_Set_MicroSeconds
    timeout.o(.text.Timeout_Error_Assign) refers to timeout.o(.text.Timeout_Occured) for Timeout_Occured
    timeout.o(.text.Timeout_Error_Assign) refers to timeout.o(.bss.Timeout.2) for Timeout.2
    timeout.o(.text.Timeout_Error_Assign) refers to timeout.o(.bss.Timeout.1) for Timeout.1
[...]
    libinit2.o(.ARM.Collect$$libinit$$00000026) refers to argv_veneer.o(.emb_text) for __ARM_argv_veneer
    libinit2.o(.ARM.Collect$$libinit$$00000027) refers to argv_veneer.o(.emb_text) for __ARM_argv_veneer
    rtexit2.o(.ARM.Collect$$rtexit$$00000003) refers to libshutdown.o(.ARM.Collect$$libshutdown$$00000000) for __rt_lib_shutdown
    rtexit2.o(.ARM.Collect$$rtexit$$00000004) refers to sys_exit.o(.text) for _sys_exit
    rtexit2.o(.ARM.exidx) refers to rtexit2.o(.ARM.Collect$$rtexit$$00000001) for .ARM.Collect$$rtexit$$00000001
    rtexit2.o(.ARM.exidx) refers to rtexit2.o(.ARM.Collect$$rtexit$$00000003) for .ARM.Collect$$rtexit$$00000003
    rtexit2.o(.ARM.exidx) refers to rtexit2.o(.ARM.Collect$$rtexit$$00000004) for .ARM.Collect$$rtexit$$00000004
    argv_veneer.o(.emb_text) refers to no_argv.o(.text) for __ARM_get_argv
    sys_exit.o(.text) refers (Special) to use_no_semi.o(.text) for __I$use$semihosting
    sys_exit.o(.text) refers (Special) to indicate_semi.o(.text) for __semihosting_library_function
    sys_exit_hlt.o(.text) refers (Special) to use_no_semi.o(.text) for __I$use$semihosting
    sys_exit_hlt.o(.text) refers (Special) to indicate_semi.o(.text) for __semihosting_library_function
    _get_argv_nomalloc.o(.text) refers (Special) to hrguard.o(.text) for __heap_region$guard
    _get_argv_nomalloc.o(.text) refers to defsig_rtmem_outer.o(.text) for __rt_SIGRTMEM
    _get_argv_nomalloc.o(.text) refers to sys_command.o(.text) for _sys_command_string
    libshutdown.o(.ARM.Collect$$libshutdown$$00000000) refers (Special) to libshutdown2.o(.ARM.Collect$$libshutdown$$00000002) for __rt_lib_shutdown_cpp_1
    libshutdown.o(.ARM.Collect$$libshutdown$$00000000) refers (Special) to libshutdown2.o(.ARM.Collect$$libshutdown$$00000007) for __rt_lib_shutdown_fp_trap_1
    libshutdown.o(.ARM.Collect$$libshutdown$$00000000) refers (Special) to libshutdown2.o(.ARM.Collect$$libshutdown$$0000000F) for __rt_lib_shutdown_heap_1
    libshutdown.o(.ARM.Collect$$libshutdown$$00000000) refers (Special) to libshutdown2.o(.ARM.Collect$$libshutdown$$00000010) for __rt_lib_shutdown_return
    libshutdown.o(.ARM.Collect$$libshutdown$$00000000) refers (Special) to libshutdown2.o(.ARM.Collect$$libshutdown$$0000000A) for __rt_lib_shutdown_signal_1
    libshutdown.o(.ARM.Collect$$libshutdown$$00000000) refers (Special) to libshutdown2.o(.ARM.Collect$$libshutdown$$00000004) for __rt_lib_shutdown_stdio_1
    libshutdown.o(.ARM.Collect$$libshutdown$$00000000) refers (Special) to libshutdown2.o(.ARM.Collect$$libshutdown$$0000000C) for __rt_lib_shutdown_user_alloc_1
    sys_command.o(.text) refers (Special) to use_no_semi.o(.text) for __I$use$semihosting
    sys_command.o(.text) refers (Special) to indicate_semi.o(.text) for __semihosting_library_function
    sys_command_hlt.o(.text) refers (Special) to use_no_semi.o(.text) for __I$use$semihosting
    sys_command_hlt.o(.text) refers (Special) to indicate_semi.o(.text) for __semihosting_library_function
    defsig_rtmem_outer.o(.text) refers to defsig_rtmem_inner.o(.text) for __rt_SIGRTMEM_inner
    defsig_rtmem_outer.o(.text) refers to defsig_exit.o(.text) for __sig_exit
    defsig_rtmem_formal.o(.text) refers to rt_raise.o(.text) for __rt_raise
    rt_raise.o(.text) refers to __raise.o(.text) for __raise
    rt_raise.o(.text) refers to sys_exit.o(.text) for _sys_exit
    defsig_exit.o(.text) refers to sys_exit.o(.text) for _sys_exit
    defsig_rtmem_inner.o(.text) refers to defsig_general.o(.text) for __default_signal_display
    __raise.o(.text) refers to defsig.o(CL$$defsig) for __default_signal_handler
    defsig_general.o(.text) refers to sys_wrch.o(.text) for _ttywrch
    sys_wrch.o(.text) refers (Special) to use_no_semi.o(.text) for __I$use$semihosting
    sys_wrch.o(.text) refers (Special) to indicate_semi.o(.text) for __semihosting_library_function
    sys_wrch_hlt.o(.text) refers (Special) to use_no_semi.o(.text) for __I$use$semihosting
    sys_wrch_hlt.o(.text) refers (Special) to indicate_semi.o(.text) for __semihosting_library_function
    defsig.o(CL$$defsig) refers to defsig_rtmem_inner.o(.text) for __rt_SIGRTMEM_inner
    defsig_abrt_inner.o(.text) refers to defsig_general.o(.text) for __default_signal_display
    defsig_fpe_inner.o(.text) refers to defsig_general.o(.text) for __default_signal_display
    defsig_rtred_inner.o(.text) refers to defsig_general.o(.text) for __default_signal_display
    defsig_stak_inner.o(.text) refers to defsig_general.o(.text) for __default_signal_display
    defsig_pvfn_inner.o(.text) refers to defsig_general.o(.text) for __default_signal_display
    defsig_cppl_inner.o(.text) refers to defsig_general.o(.text) for __default_signal_display
    defsig_segv_inner.o(.text) refers to defsig_general.o(.text) for __default_signal_display
    defsig_other.o(.text) refers to defsig_general.o(.text) for __default_signal_display


==============================================================================

Removing Unused input sections from the image.

    Removing app.o(.text), (0 bytes).
    Removing app.o(.ARM.exidx.text.App_Config), (8 bytes).
    Removing app.o(.ARM.exidx.text.App_Mainloop), (8 bytes).
    Removing app.o(.bss.buf), (64 bytes).
    Removing main.o(.text), (0 bytes).
    Removing main.o(.ARM.exidx.text.main), (8 bytes).
    Removing main.o(.ARM.use_no_argv), (4 bytes).
    Removing timeout.o(.text), (0 bytes).
    Removing timeout.o(.ARM.exidx.text.Timeout_Struct_Init), (8 bytes).
    Removing timeout.o(.text.Timeout_Reg_Init), (2 bytes).
    Removing timeout.o(.ARM.exidx.text.Timeout_Reg_Init), (8 bytes).
    Removing timeout.o(.ARM.exidx.text.Timeout_Delay_1us), (8 bytes).
    Removing timeout.o(.text.Timeout_Delay_us), (22 bytes).
    Removing timeout.o(.ARM.exidx.text.Timeout_Delay_us), (8 bytes).
    Removing timeout.o(.text.Timeout_Delay_ms), (32 bytes).
    Removing timeout.o(.ARM.exidx.text.Timeout_Delay_ms), (8 bytes).
    Removing timeout.o(.ARM.exidx.text.Timeout_Set_MicroSeconds), (8 bytes).
    Removing timeout.o(.ARM.exidx.text.Timeout_Occured), (8 bytes).
    Removing timeout.o(.ARM.exidx.text.Timeout_Error_Assign), (8 bytes).
    Removing timeout.o(.ARM.exidx.text.Timeout_Error_Force_Assign), (8 bytes).
    Removing timeout.o(.ARM.exidx.text.Timeout_Error_Get), (8 bytes).
    Removing timeout.o(.ARM.exidx.text.Timeout_Error_Clear), (8 bytes).
    Removing timeout.o(.ARM.exidx.text.Timeout_Sticky_Error_Get), (8 bytes).
    Removing timeout.o(.ARM.exidx.text.Timeout_Sticky_Error_Clear), (8 bytes).
    Removing timeout.o(.text.Timeout_CurrVal_Get), (12 bytes).
    Removing timeout.o(.ARM.exidx.text.Timeout_CurrVal_Get), (8 bytes).
    Removing timeout.o(.ARM.exidx.text.Timeout_CurrVal_Clear), (8 bytes).
    Removing timeout.o(.text.Timeout_SetVal_Get), (12 bytes).
    Removing timeout.o(.ARM.exidx.text.Timeout_SetVal_Get), (8 bytes).
    Removing timeout.o(.ARM.exidx.text.Timeout_SetVal_Clear), (8 bytes).
    Removing timeout.o(.ARM.exidx.text.Timeout_Status_Clear), (8 bytes).
    Removing timeout.o(.ARM.exidx.text.Timeout_Arm), (8 bytes).
    Removing timeout.o(.text.Timeout_Handler), (2 bytes).
    Removing timeout.o(.ARM.exidx.text.Timeout_Handler), (8 bytes).
    Removing timeout.o(.ARM.exidx.text.Timeout_Init), (8 bytes).
    Removing radio.o(.text), (0 bytes).
    Removing radio.o(.ARM.exidx.text.Radio_Struct_Init), (8 bytes).
    Removing radio.o(.text.Radio_Tx_Set_Dst_Addr), (14 bytes).
    Removing radio.o(.ARM.exidx.text.Radio_Tx_Set_Dst_Addr), (8 bytes).
    Removing radio.o(.ARM.exidx.text.Radio_Tx_Load_Dst_Addr), (8 bytes).
    Removing radio.o(.ARM.exidx.text.Radio_Tx_Copy_Dst_Addr), (8 bytes).
    Removing radio.o(.text.Radio_Tx_Set_Len), (20 bytes).
    Removing radio.o(.ARM.exidx.text.Radio_Tx_Set_Len), (8 bytes).
    Removing radio.o(.text.Radio_Tx_Set_PID), (14 bytes).
    Removing radio.o(.ARM.exidx.text.Radio_Tx_Set_PID), (8 bytes).
    Removing radio.o(.text.Radio_Tx_Clear_Buf), (20 bytes).
    Removing radio.o(.ARM.exidx.text.Radio_Tx_Clear_Buf), (8 bytes).
    Removing radio.o(.ARM.exidx.text.Radio_Tx_Clear_System_Buf), (8 bytes).
    Removing radio.o(.text.Radio_Tx_Clear_Data_Buf), (22 bytes).
    Removing radio.o(.ARM.exidx.text.Radio_Tx_Clear_Data_Buf), (8 bytes).
    Removing radio.o(.text.Radio_Tx_Set_Buf), (14 bytes).
    Removing radio.o(.ARM.exidx.text.Radio_Tx_Set_Buf), (8 bytes).
    Removing radio.o(.text.Radio_Tx_Set_Sys_Buf), (16 bytes).
    Removing radio.o(.ARM.exidx.text.Radio_Tx_Set_Sys_Buf), (8 bytes).
    Removing radio.o(.text.Radio_Tx_Set_Data_Buf), (16 bytes).
    Removing radio.o(.ARM.exidx.text.Radio_Tx_Set_Data_Buf), (8 bytes).
    Removing radio.o(.ARM.exidx.text.Radio_Rx_Extract_SrcH), (8 bytes).
    Removing radio.o(.ARM.exidx.text.Radio_Rx_Extract_SrcL), (8 bytes).
    Removing radio.o(.ARM.exidx.text.Radio_Rx_Extract_DstH), (8 bytes).
    Removing radio.o(.ARM.exidx.text.Radio_Rx_Extract_DstL), (8 bytes).
    Removing radio.o(.ARM.exidx.text.Radio_Rx_Get_Buf), (8 bytes).
    Removing radio.o(.ARM.exidx.text.Radio_Rx_Get_Data_Buf), (8 bytes).
    Removing radio.o(.ARM.exidx.text.Radio_Rx_Get_Sys_Buf), (8 bytes).
    Removing radio.o(.ARM.exidx.text.Radio_CRC_Calculate_Byte), (8 bytes).
    Removing radio.o(.ARM.exidx.text.Radio_CRC_Calculate_Block), (8 bytes).
    Removing radio.o(.text.Radio_Build_Sys_Packet), (80 bytes).
    Removing radio.o(.ARM.exidx.text.Radio_Build_Sys_Packet), (8 bytes).
    Removing radio.o(.ARM.exidx.text.Radio_Process_Sys_Data), (8 bytes).
    Removing radio.o(.text.Radio_Sys_Data_Available), (24 bytes).
    Removing radio.o(.ARM.exidx.text.Radio_Sys_Data_Available), (8 bytes).
    Removing radio.o(.text.Radio_Clear_Sys_Data_Available), (14 bytes).
    Removing radio.o(.ARM.exidx.text.Radio_Clear_Sys_Data_Available), (8 bytes).
    Removing radio.o(.ARM.exidx.text.Radio_Get_Sys_Param0), (8 bytes).
    Removing radio.o(.ARM.exidx.text.Radio_Get_Sys_Param1), (8 bytes).
    Removing radio.o(.ARM.exidx.text.Radio_HFCLK_Start), (8 bytes).
    Removing radio.o(.text.Radio_HFCLK_Stop), (56 bytes).
    Removing radio.o(.ARM.exidx.text.Radio_HFCLK_Stop), (8 bytes).
    Removing radio.o(.ARM.exidx.text.Radio_Reg_Init), (8 bytes).
    Removing radio.o(.ARM.exidx.text.Radio_Power_Enable), (8 bytes).
    Removing radio.o(.text.Radio_Power_Disable), (48 bytes).
    Removing radio.o(.ARM.exidx.text.Radio_Power_Disable), (8 bytes).
    Removing radio.o(.ARM.exidx.text.Radio_Active), (8 bytes).
    Removing radio.o(.text.Radio_Power_Down), (24 bytes).
    Removing radio.o(.ARM.exidx.text.Radio_Power_Down), (8 bytes).
    Removing radio.o(.ARM.exidx.text.Radio_Mode_Disable), (8 bytes).
    Removing radio.o(.ARM.exidx.text.Radio_Mode_Tx), (8 bytes).
    Removing radio.o(.ARM.exidx.text.Radio_Mode_Rx), (8 bytes).
    Removing radio.o(.ARM.exidx.text.Radio_Start_Task), (8 bytes).
    Removing radio.o(.ARM.exidx.text.Radio_Tx), (8 bytes).
    Removing radio.o(.ARM.exidx.text.Radio_Rx), (8 bytes).
    Removing radio.o(.text.Radio_Tx_Ack), (60 bytes).
    Removing radio.o(.ARM.exidx.text.Radio_Tx_Ack), (8 bytes).
    Removing radio.o(.ARM.exidx.text.Radio_Rx_Ack), (8 bytes).
    Removing radio.o(.ARM.exidx.text.Radio_Init), (8 bytes).
    Removing uart.o(.text), (0 bytes).
    Removing uart.o(.ARM.exidx.text.UART_Struct_Init), (8 bytes).
    Removing uart.o(.ARM.exidx.text.UART_RX_Packet_Struct_Init), (8 bytes).
    Removing uart.o(.text.UART_Config_GPIO), (2 bytes).
    Removing uart.o(.ARM.exidx.text.UART_Config_GPIO), (8 bytes).
    Removing uart.o(.text.UART_Config_Clock), (2 bytes).
    Removing uart.o(.ARM.exidx.text.UART_Config_Clock), (8 bytes).
    Removing uart.o(.ARM.exidx.text.UART_Config_BAUD_Rate), (8 bytes).
    Removing uart.o(.ARM.exidx.text.UART_Enable), (8 bytes).
    Removing uart.o(.text.UART_Disable), (24 bytes).
    Removing uart.o(.ARM.exidx.text.UART_Disable), (8 bytes).
    Removing uart.o(.ARM.exidx.text.UART_Config_Tx), (8 bytes).
    Removing uart.o(.ARM.exidx.text.UART_Config_Rx), (8 bytes).
    Removing uart.o(.text.UART_Config_Rx_Interrupt), (2 bytes).
    Removing uart.o(.ARM.exidx.text.UART_Config_Rx_Interrupt), (8 bytes).
    Removing uart.o(.text.UART_Clear_Interrupt_Flag), (2 bytes).
    Removing uart.o(.ARM.exidx.text.UART_Clear_Interrupt_Flag), (8 bytes).
    Removing uart.o(.ARM.exidx.text.UART_Tx_Byte), (8 bytes).
    Removing uart.o(.text.UART_Rx_Byte), (16 bytes).
    Removing uart.o(.ARM.exidx.text.UART_Rx_Byte), (8 bytes).
    Removing uart.o(.ARM.exidx.text.UART_Timer_Struct_Init), (8 bytes).
    Removing uart.o(.text.UART_Timer_Init), (2 bytes).
    Removing uart.o(.ARM.exidx.text.UART_Timer_Init), (8 bytes).
    Removing uart.o(.text.UART_Timer_Enable), (2 bytes).
    Removing uart.o(.ARM.exidx.text.UART_Timer_Enable), (8 bytes).
    Removing uart.o(.text.UART_Timer_Disable), (2 bytes).
    Removing uart.o(.ARM.exidx.text.UART_Timer_Disable), (8 bytes).
    Removing uart.o(.text.UART_Timer_Get_Status), (14 bytes).
    Removing uart.o(.ARM.exidx.text.UART_Timer_Get_Status), (8 bytes).
    Removing uart.o(.text.UART_Timer_Get_Val), (4 bytes).
    Removing uart.o(.ARM.exidx.text.UART_Timer_Get_Val), (8 bytes).
    Removing uart.o(.text.UART_Timer_Value_Reset), (2 bytes).
    Removing uart.o(.ARM.exidx.text.UART_Timer_Value_Reset), (8 bytes).
    Removing uart.o(.text.UART_Timer_Clear_Interrupt_Flag), (2 bytes).
    Removing uart.o(.ARM.exidx.text.UART_Timer_Clear_Interrupt_Flag), (8 bytes).
    Removing uart.o(.text.UART_Tx_Buf), (26 bytes).
    Removing uart.o(.ARM.exidx.text.UART_Tx_Buf), (8 bytes).
    Removing uart.o(.ARM.exidx.text.UART_Tx_NL), (8 bytes).
    Removing uart.o(.ARM.exidx.text.UART_Tx_SP), (8 bytes).
    Removing uart.o(.text.UART_Tx_CM), (10 bytes).
    Removing uart.o(.ARM.exidx.text.UART_Tx_CM), (8 bytes).
    Removing uart.o(.ARM.exidx.text.UART_Tx_Text), (8 bytes).
    Removing uart.o(.ARM.exidx.text.UART_Tx_Text_NL), (8 bytes).
    Removing uart.o(.text.UART_Tx_Text_SP), (12 bytes).
    Removing uart.o(.ARM.exidx.text.UART_Tx_Text_SP), (8 bytes).
    Removing uart.o(.text.UART_Tx_Text_CM), (12 bytes).
    Removing uart.o(.ARM.exidx.text.UART_Tx_Text_CM), (8 bytes).
    Removing uart.o(.ARM.exidx.text.UART_Determine_Digit_Numbers), (8 bytes).
    Removing uart.o(.ARM.exidx.text.UART_Tx_Number_Digits), (8 bytes).
    Removing uart.o(.ARM.exidx.text.UART_Tx_Number), (8 bytes).
    Removing uart.o(.ARM.exidx.text.UART_Tx_Number_Hex), (8 bytes).
    Removing uart.o(.text.UART_Tx_Number_Bin), (64 bytes).
    Removing uart.o(.ARM.exidx.text.UART_Tx_Number_Bin), (8 bytes).
    Removing uart.o(.ARM.exidx.text.UART_Tx_Number_NL), (8 bytes).
    Removing uart.o(.ARM.exidx.text.UART_Tx_Number_SP), (8 bytes).
    Removing uart.o(.text.UART_Tx_Number_CM), (12 bytes).
    Removing uart.o(.ARM.exidx.text.UART_Tx_Number_CM), (8 bytes).
    Removing uart.o(.ARM.exidx.text.UART_Tx_Number_Hex_NL), (8 bytes).
    Removing uart.o(.ARM.exidx.text.UART_Tx_Number_Hex_SP), (8 bytes).
    Removing uart.o(.text.UART_Tx_Number_Hex_CM), (12 bytes).
    Removing uart.o(.ARM.exidx.text.UART_Tx_Number_Hex_CM), (8 bytes).
    Removing uart.o(.text.UART_Tx_Number_Bin_NL), (12 bytes).
    Removing uart.o(.ARM.exidx.text.UART_Tx_Number_Bin_NL), (8 bytes).
    Removing uart.o(.text.UART_Tx_Number_Bin_SP), (12 bytes).
    Removing uart.o(.ARM.exidx.text.UART_Tx_Number_Bin_SP), (8 bytes).
    Removing uart.o(.text.UART_Tx_Number_Bin_CM), (12 bytes).
    Removing uart.o(.ARM.exidx.text.UART_Tx_Number_Bin_CM), (8 bytes).
    Removing uart.o(.ARM.exidx.text.UART_Tx_Parameter_NL), (8 bytes).
    Removing uart.o(.ARM.exidx.text.UART_Tx_Parameter_SP), (8 bytes).
    Removing uart.o(.text.UART_Tx_Parameter_CM), (20 bytes).
    Removing uart.o(.ARM.exidx.text.UART_Tx_Parameter_CM), (8 bytes).
    Removing uart.o(.ARM.exidx.text.UART_Tx_Parameter_Hex_NL), (8 bytes).
    Removing uart.o(.ARM.exidx.text.UART_Tx_Parameter_Hex_SP), (8 bytes).
    Removing uart.o(.text.UART_Tx_Parameter_Hex_CM), (20 bytes).
    Removing uart.o(.ARM.exidx.text.UART_Tx_Parameter_Hex_CM), (8 bytes).
    Removing uart.o(.text.UART_Tx_Parameter_Bin_NL), (20 bytes).
    Removing uart.o(.ARM.exidx.text.UART_Tx_Parameter_Bin_NL), (8 bytes).
    Removing uart.o(.text.UART_Tx_Parameter_Bin_SP), (20 bytes).
    Removing uart.o(.ARM.exidx.text.UART_Tx_Parameter_Bin_SP), (8 bytes).
    Removing uart.o(.text.UART_Tx_Parameter_Bin_CM), (20 bytes).
    Removing uart.o(.ARM.exidx.text.UART_Tx_Parameter_Bin_CM), (8 bytes).
    Removing uart.o(.ARM.exidx.text.UART_Buf_Flush), (8 bytes).
    Removing uart.o(.text.UART_Buf_Get), (14 bytes).
    Removing uart.o(.ARM.exidx.text.UART_Buf_Get), (8 bytes).
    Removing uart.o(.text.UART_Buf_Get_Index), (14 bytes).
    Removing uart.o(.ARM.exidx.text.UART_Buf_Get_Index), (8 bytes).
    Removing uart.o(.text.UART_Data_Available), (14 bytes).
    Removing uart.o(.ARM.exidx.text.UART_Data_Available), (8 bytes).
    Removing uart.o(.text.UART_Data_Len_Get), (8 bytes).
    Removing uart.o(.ARM.exidx.text.UART_Data_Len_Get), (8 bytes).
    Removing uart.o(.text.UART_Data_Calculated_CRC_Get), (14 bytes).
    Removing uart.o(.ARM.exidx.text.UART_Data_Calculated_CRC_Get), (8 bytes).
    Removing uart.o(.text.UART_Data_Received_CRC_Get), (14 bytes).
    Removing uart.o(.ARM.exidx.text.UART_Data_Received_CRC_Get), (8 bytes).
    Removing uart.o(.text.UART_Data_CRC_Status_Get), (14 bytes).
    Removing uart.o(.ARM.exidx.text.UART_Data_CRC_Status_Get), (8 bytes).
    Removing uart.o(.text.UART_Data_Read_Complete_Status), (14 bytes).
    Removing uart.o(.ARM.exidx.text.UART_Data_Read_Complete_Status), (8 bytes).
    Removing uart.o(.text.UART_Data_Clear_Available_Flag), (16 bytes).
    Removing uart.o(.ARM.exidx.text.UART_Data_Clear_Available_Flag), (8 bytes).
    Removing uart.o(.text.UART_Data_Clear_Read_Complete_Flag), (22 bytes).
    Removing uart.o(.ARM.exidx.text.UART_Data_Clear_Read_Complete_Flag), (8 bytes).
    Removing uart.o(.text.UART_Data_Copy_Buf), (46 bytes).
    Removing uart.o(.ARM.exidx.text.UART_Data_Copy_Buf), (8 bytes).
    Removing uart.o(.text.UART_Data_Print_Buf), (40 bytes).
    Removing uart.o(.ARM.exidx.text.UART_Data_Print_Buf), (8 bytes).
    Removing uart.o(.text.UART_Error_Code_Get), (12 bytes).
    Removing uart.o(.ARM.exidx.text.UART_Error_Code_Get), (8 bytes).
    Removing uart.o(.text.UART_Error_Code_Clear), (14 bytes).
    Removing uart.o(.ARM.exidx.text.UART_Error_Code_Clear), (8 bytes).
    Removing uart.o(.text.UART_ISR_Handler), (80 bytes).
    Removing uart.o(.ARM.exidx.text.UART_ISR_Handler), (8 bytes).
    Removing uart.o(.text.UART_Timer_ISR_Handler), (64 bytes).
    Removing uart.o(.ARM.exidx.text.UART_Timer_ISR_Handler), (8 bytes).
    Removing uart.o(.text.UART_RX_Packet_CRC_Check), (102 bytes).
    Removing uart.o(.ARM.exidx.text.UART_RX_Packet_CRC_Check), (8 bytes).
    Removing uart.o(.text.UART_CRC_Calculate_Byte), (40 bytes).
    Removing uart.o(.ARM.exidx.text.UART_CRC_Calculate_Byte), (8 bytes).
    Removing uart.o(.text.UART_CRC_Calculate_Block), (32 bytes).
    Removing uart.o(.ARM.exidx.text.UART_CRC_Calculate_Block), (8 bytes).
    Removing uart.o(.text.UART_RX_Packet_Read_Complete), (16 bytes).
    Removing uart.o(.ARM.exidx.text.UART_RX_Packet_Read_Complete), (8 bytes).
    Removing uart.o(.ARM.exidx.text.UART_Init), (8 bytes).
    Removing system_nrf52.o(.text), (0 bytes).
    Removing system_nrf52.o(.text.nvmc_wait), (16 bytes).
    Removing system_nrf52.o(.ARM.exidx.text.nvmc_wait), (8 bytes).
    Removing system_nrf52.o(.text.nvmc_config), (18 bytes).
    Removing system_nrf52.o(.ARM.exidx.text.nvmc_config), (8 bytes).
    Removing system_nrf52.o(.ARM.exidx.text.SystemCoreClockUpdate), (8 bytes).
    Removing system_nrf52.o(.ARM.exidx.text.SystemInit), (8 bytes).
    Removing system_nrf52.o(.ARM.exidx.text.nrf52_errata_12), (8 bytes).
    Removing system_nrf52.o(.ARM.exidx.text.nrf52_errata_16), (8 bytes).
    Removing system_nrf52.o(.ARM.exidx.text.nrf52_errata_31), (8 bytes).
    Removing system_nrf52.o(.ARM.exidx.text.nrf52_errata_32), (8 bytes).
    Removing system_nrf52.o(.ARM.exidx.text.nrf52_errata_36), (8 bytes).
    Removing system_nrf52.o(.ARM.exidx.text.nrf52_errata_37), (8 bytes).
    Removing system_nrf52.o(.ARM.exidx.text.nrf52_errata_57), (8 bytes).
    Removing system_nrf52.o(.ARM.exidx.text.nrf52_errata_66), (8 bytes).
    Removing system_nrf52.o(.ARM.exidx.text.nrf52_errata_108), (8 bytes).
    Removing system_nrf52.o(.ARM.exidx.text.nrf52_errata_136), (8 bytes).
    Removing system_nrf52.o(.ARM.exidx.text.nrf52_errata_182), (8 bytes).
    Removing system_nrf52.o(.ARM.exidx.text.nrf52_handle_approtect), (8 bytes).
    Removing system_nrf52.o(.ARM.exidx.text.nrf52_configuration_249), (8 bytes).

237 unused section(s) (total 2840 bytes) removed from the image.

==============================================================================

Image Symbol Table

    Local Symbols

    Symbol Name                              Value     Ov Type        Size  Object(Section)

    ../clib/angel/boardlib.s                 0x00000000   Number         0  boardinit1.o ABSOLUTE
    ../clib/angel/boardlib.s                 0x00000000   Number         0  boardinit2.o ABSOLUTE
    ../clib/angel/boardlib.s                 0x00000000   Number         0  boardinit3.o ABSOLUTE
    ../clib/angel/boardlib.s                 0x00000000   Number         0  boardshut.o ABSOLUTE
    ../clib/angel/handlers.s                 0x00000000   Number         0  __scatter_copy.o ABSOLUTE
    ../clib/angel/handlers.s                 0x00000000   Number         0  __scatter_zi.o ABSOLUTE
    ../clib/angel/kernel.s                   0x00000000   Number         0  __rtentry.o ABSOLUTE
    ../clib/angel/kernel.s                   0x00000000   Number         0  __rtentry2.o ABSOLUTE
    ../clib/angel/kernel.s                   0x00000000   Number         0  __rtentry4.o ABSOLUTE
    ../clib/angel/kernel.s                   0x00000000   Number         0  rtexit.o ABSOLUTE
    ../clib/angel/kernel.s                   0x00000000   Number         0  rtexit2.o ABSOLUTE
    ../clib/angel/rt.s                       0x00000000   Number         0  rt_raise.o ABSOLUTE
    ../clib/angel/scatter.s                  0x00000000   Number         0  __scatter.o ABSOLUTE
    ../clib/angel/startup.s                  0x00000000   Number         0  __main.o ABSOLUTE
    ../clib/angel/sys.s                      0x00000000   Number         0  sys_stackheap_outer.o ABSOLUTE
    ../clib/angel/sys.s                      0x00000000   Number         0  libspace.o ABSOLUTE
    ../clib/angel/sys.s                      0x00000000   Number         0  use_no_semi.o ABSOLUTE
    ../clib/angel/sys.s                      0x00000000   Number         0  indicate_semi.o ABSOLUTE
    ../clib/angel/sysapp.c                   0x00000000   Number         0  sys_exit.o ABSOLUTE
    ../clib/angel/sysapp.c                   0x00000000   Number         0  sys_exit_hlt.o ABSOLUTE
    ../clib/angel/sysapp.c                   0x00000000   Number         0  sys_command.o ABSOLUTE
    ../clib/angel/sysapp.c                   0x00000000   Number         0  sys_command_hlt.o ABSOLUTE
    ../clib/angel/sysapp.c                   0x00000000   Number         0  sys_wrch.o ABSOLUTE
    ../clib/angel/sysapp.c                   0x00000000   Number         0  sys_wrch_hlt.o ABSOLUTE
    ../clib/armsys.c                         0x00000000   Number         0  argv_veneer.o ABSOLUTE
    ../clib/armsys.c                         0x00000000   Number         0  argv_veneer.o ABSOLUTE
    ../clib/armsys.c                         0x00000000   Number         0  _get_argv_nomalloc.o ABSOLUTE
    ../clib/armsys.c                         0x00000000   Number         0  no_argv.o ABSOLUTE
    ../clib/heapalloc.c                      0x00000000   Number         0  hrguard.o ABSOLUTE
    ../clib/heapaux.c                        0x00000000   Number         0  heapauxi.o ABSOLUTE
    ../clib/libinit.s                        0x00000000   Number         0  libinit.o ABSOLUTE
    ../clib/libinit.s                        0x00000000   Number         0  libinit2.o ABSOLUTE
    ../clib/libinit.s                        0x00000000   Number         0  libshutdown.o ABSOLUTE
    ../clib/libinit.s                        0x00000000   Number         0  libshutdown2.o ABSOLUTE
    ../clib/memcpset.s                       0x00000000   Number         0  rt_memclr_w.o ABSOLUTE
    ../clib/signal.c                         0x00000000   Number         0  defsig_rtmem_outer.o ABSOLUTE
    ../clib/signal.c                         0x00000000   Number         0  defsig_rtmem_formal.o ABSOLUTE
    ../clib/signal.c                         0x00000000   Number         0  defsig_exit.o ABSOLUTE
    ../clib/signal.c                         0x00000000   Number         0  defsig_rtmem_inner.o ABSOLUTE
    ../clib/signal.c                         0x00000000   Number         0  __raise.o ABSOLUTE
    ../clib/signal.c                         0x00000000   Number         0  defsig_general.o ABSOLUTE
    ../clib/signal.c                         0x00000000   Number         0  defsig_abrt_inner.o ABSOLUTE
    ../clib/signal.c                         0x00000000   Number         0  defsig_fpe_inner.o ABSOLUTE
    ../clib/signal.c                         0x00000000   Number         0  defsig_rtred_inner.o ABSOLUTE
    ../clib/signal.c                         0x00000000   Number         0  defsig_stak_inner.o ABSOLUTE
    ../clib/signal.c                         0x00000000   Number         0  defsig_pvfn_inner.o ABSOLUTE
    ../clib/signal.c                         0x00000000   Number         0  defsig_cppl_inner.o ABSOLUTE
    ../clib/signal.c                         0x00000000   Number         0  defsig_segv_inner.o ABSOLUTE
    ../clib/signal.c                         0x00000000   Number         0  defsig_other.o ABSOLUTE
    ../clib/signal.s                         0x00000000   Number         0  defsig.o ABSOLUTE
    ../clib/stdlib.c                         0x00000000   Number         0  exit.o ABSOLUTE
    ../fplib/fpinit.s                        0x00000000   Number         0  fpinit.o ABSOLUTE
    RTE/Device/nRF52832_xxAA/arm_startup_nrf52.s 0x00000000   Number         0  arm_startup_nrf52.o ABSOLUTE
    app.c                                    0x00000000   Number         0  app.o ABSOLUTE
    dc.s                                     0x00000000   Number         0  dc.o ABSOLUTE
    main.c                                   0x00000000   Number         0  main.o ABSOLUTE
    radio.c                                  0x00000000   Number         0  radio.o ABSOLUTE
    system_nrf52.c                           0x00000000   Number         0  system_nrf52.o ABSOLUTE
    timeout.c                                0x00000000   Number         0  timeout.o ABSOLUTE
    uart.c                                   0x00000000   Number         0  uart.o ABSOLUTE
    RESET                                    0x00000000   Section      512  arm_startup_nrf52.o(RESET)
    !!!main                                  0x00000200   Section        8  __main.o(!!!main)
    !!!scatter                               0x00000208   Section       52  __scatter.o(!!!scatter)
    !!handler_copy                           0x0000023c   Section       26  __scatter_copy.o(!!handler_copy)
    !!handler_zi                             0x00000258   Section       28  __scatter_zi.o(!!handler_zi)
    .ARM.Collect$$libinit$$00000000          0x00000274   Section        2  libinit.o(.ARM.Collect$$libinit$$00000000)
    .ARM.Collect$$libinit$$00000001          0x00000276   Section        4  libinit2.o(.ARM.Collect$$libinit$$00000001)
    .ARM.Collect$$libinit$$00000004          0x0000027a   Section        0  libinit2.o(.ARM.Collect$$libinit$$00000004)
    .ARM.Collect$$libinit$$0000000A          0x0000027a   Section        0  libinit2.o(.ARM.Collect$$libinit$$0000000A)
    .ARM.Collect$$libinit$$0000000C          0x0000027a   Section        0  libinit2.o(.ARM.Collect$$libinit$$0000000C)
    .ARM.Collect$$libinit$$0000000E          0x0000027a   Section        0  libinit2.o(.ARM.Collect$$libinit$$0000000E)
    .ARM.Collect$$libinit$$00000011          0x0000027a   Section        0  libinit2.o(.ARM.Collect$$libinit$$00000011)
    .ARM.Collect$$libinit$$00000013          0x0000027a   Section        0  libinit2.o(.ARM.Collect$$libinit$$00000013)
    .ARM.Collect$$libinit$$00000015          0x0000027a   Section        0  libinit2.o(.ARM.Collect$$libinit$$00000015)
    .ARM.Collect$$libinit$$00000017          0x0000027a   Section        0  libinit2.o(.ARM.Collect$$libinit$$00000017)
    .ARM.Collect$$libinit$$00000019          0x0000027a   Section        0  libinit2.o(.ARM.Collect$$libinit$$00000019)
    .ARM.Collect$$libinit$$0000001B          0x0000027a   Section        0  libinit2.o(.ARM.Collect$$libinit$$0000001B)
    .ARM.Collect$$libinit$$0000001D          0x0000027a   Section        0  libinit2.o(.ARM.Collect$$libinit$$0000001D)
    .ARM.Collect$$libinit$$0000001F          0x0000027a   Section        0  libinit2.o(.ARM.Collect$$libinit$$0000001F)
    .ARM.Collect$$libinit$$00000021          0x0000027a   Section        0  libinit2.o(.ARM.Collect$$libinit$$00000021)
    .ARM.Collect$$libinit$$00000023          0x0000027a   Section        0  libinit2.o(.ARM.Collect$$libinit$$00000023)
    .ARM.Collect$$libinit$$00000025          0x0000027a   Section        0  libinit2.o(.ARM.Collect$$libinit$$00000025)
    .ARM.Collect$$libinit$$0000002C          0x0000027a   Section        0  libinit2.o(.ARM.Collect$$libinit$$0000002C)
    .ARM.Collect$$libinit$$0000002E          0x0000027a   Section        0  libinit2.o(.ARM.Collect$$libinit$$0000002E)
    .ARM.Collect$$libinit$$00000030          0x0000027a   Section        0  libinit2.o(.ARM.Collect$$libinit$$00000030)
    .ARM.Collect$$libinit$$00000032          0x0000027a   Section        0  libinit2.o(.ARM.Collect$$libinit$$00000032)
    .ARM.Collect$$libinit$$00000033          0x0000027a   Section        2  libinit2.o(.ARM.Collect$$libinit$$00000033)
    .ARM.Collect$$libshutdown$$00000000      0x0000027c   Section        2  libshutdown.o(.ARM.Collect$$libshutdown$$00000000)
    .ARM.Collect$$libshutdown$$00000002      0x0000027e   Section        0  libshutdown2.o(.ARM.Collect$$libshutdown$$00000002)
    .ARM.Collect$$libshutdown$$00000004      0x0000027e   Section        0  libshutdown2.o(.ARM.Collect$$libshutdown$$00000004)
    .ARM.Collect$$libshutdown$$00000007      0x0000027e   Section        0  libshutdown2.o(.ARM.Collect$$libshutdown$$00000007)
    .ARM.Collect$$libshutdown$$0000000A      0x0000027e   Section        0  libshutdown2.o(.ARM.Collect$$libshutdown$$0000000A)
    .ARM.Collect$$libshutdown$$0000000C      0x0000027e   Section        0  libshutdown2.o(.ARM.Collect$$libshutdown$$0000000C)
    .ARM.Collect$$libshutdown$$0000000F      0x0000027e   Section        0  libshutdown2.o(.ARM.Collect$$libshutdown$$0000000F)
    .ARM.Collect$$libshutdown$$00000010      0x0000027e   Section        2  libshutdown2.o(.ARM.Collect$$libshutdown$$00000010)
    .ARM.Collect$$rtentry$$00000000          0x00000280   Section        0  __rtentry.o(.ARM.Collect$$rtentry$$00000000)
    .ARM.Collect$$rtentry$$00000002          0x00000280   Section        0  __rtentry2.o(.ARM.Collect$$rtentry$$00000002)
    .ARM.Collect$$rtentry$$00000004          0x00000280   Section        6  __rtentry4.o(.ARM.Collect$$rtentry$$00000004)
    .ARM.Collect$$rtentry$$00000009          0x00000286   Section        0  __rtentry2.o(.ARM.Collect$$rtentry$$00000009)
    .ARM.Collect$$rtentry$$0000000A          0x00000286   Section        4  __rtentry2.o(.ARM.Collect$$rtentry$$0000000A)
    .ARM.Collect$$rtentry$$0000000C          0x0000028a   Section        0  __rtentry2.o(.ARM.Collect$$rtentry$$0000000C)
    .ARM.Collect$$rtentry$$0000000D          0x0000028a   Section        8  __rtentry2.o(.ARM.Collect$$rtentry$$0000000D)
    .ARM.Collect$$rtexit$$00000000           0x00000292   Section        2  rtexit.o(.ARM.Collect$$rtexit$$00000000)
    .ARM.Collect$$rtexit$$00000002           0x00000294   Section        0  rtexit2.o(.ARM.Collect$$rtexit$$00000002)
    .ARM.Collect$$rtexit$$00000003           0x00000294   Section        4  rtexit2.o(.ARM.Collect$$rtexit$$00000003)
    .ARM.Collect$$rtexit$$00000004           0x00000298   Section        6  rtexit2.o(.ARM.Collect$$rtexit$$00000004)
    $v0                                      0x000002a0   Number         0  arm_startup_nrf52.o(.text)
    .text                                    0x000002a0   Section       64  arm_startup_nrf52.o(.text)
    .text                                    0x000002e0   Section       78  rt_memclr_w.o(.text)
    .text                                    0x0000032e   Section        0  heapauxi.o(.text)
    .text                                    0x00000334   Section       74  sys_stackheap_outer.o(.text)
    .text                                    0x0000037e   Section        0  exit.o(.text)
    .text                                    0x00000390   Section        8  libspace.o(.text)
    .text                                    0x00000398   Section        0  sys_exit.o(.text)
    .text                                    0x000003a4   Section        2  use_no_semi.o(.text)
    .text                                    0x000003a6   Section        0  indicate_semi.o(.text)
    [Anonymous Symbol]                       0x000003a8   Section        0  app.o(.text.App_Config)
    [Anonymous Symbol]                       0x000003d4   Section        0  app.o(.text.App_Mainloop)
    [Anonymous Symbol]                       0x000004b0   Section        0  radio.o(.text.Radio_Active)
    [Anonymous Symbol]                       0x000004c0   Section        0  radio.o(.text.Radio_CRC_Calculate_Block)
    [Anonymous Symbol]                       0x000004e4   Section        0  radio.o(.text.Radio_CRC_Calculate_Byte)
    [Anonymous Symbol]                       0x0000050c   Section        0  radio.o(.text.Radio_Get_Sys_Param0)
    [Anonymous Symbol]                       0x0000051c   Section        0  radio.o(.text.Radio_Get_Sys_Param1)
    [Anonymous Symbol]                       0x0000052c   Section        0  radio.o(.text.Radio_HFCLK_Start)
    [Anonymous Symbol]                       0x00000578   Section        0  radio.o(.text.Radio_Init)
    [Anonymous Symbol]                       0x00000588   Section        0  radio.o(.text.Radio_Mode_Disable)
    [Anonymous Symbol]                       0x000005c0   Section        0  radio.o(.text.Radio_Mode_Rx)
    [Anonymous Symbol]                       0x00000610   Section        0  radio.o(.text.Radio_Mode_Tx)
    [Anonymous Symbol]                       0x00000658   Section        0  radio.o(.text.Radio_Power_Enable)
    [Anonymous Symbol]                       0x00000688   Section        0  radio.o(.text.Radio_Process_Sys_Data)
    [Anonymous Symbol]                       0x000006fc   Section        0  radio.o(.text.Radio_Reg_Init)
    [Anonymous Symbol]                       0x00000780   Section        0  radio.o(.text.Radio_Rx)
    [Anonymous Symbol]                       0x000007d0   Section        0  radio.o(.text.Radio_Rx_Ack)
    [Anonymous Symbol]                       0x00000830   Section        0  radio.o(.text.Radio_Rx_Extract_DstH)
    [Anonymous Symbol]                       0x0000084c   Section        0  radio.o(.text.Radio_Rx_Extract_DstL)
    [Anonymous Symbol]                       0x00000868   Section        0  radio.o(.text.Radio_Rx_Extract_SrcH)
    [Anonymous Symbol]                       0x00000884   Section        0  radio.o(.text.Radio_Rx_Extract_SrcL)
    [Anonymous Symbol]                       0x000008a0   Section        0  radio.o(.text.Radio_Rx_Get_Buf)
    [Anonymous Symbol]                       0x000008b0   Section        0  radio.o(.text.Radio_Rx_Get_Data_Buf)
    [Anonymous Symbol]                       0x000008c0   Section        0  radio.o(.text.Radio_Rx_Get_Sys_Buf)
    [Anonymous Symbol]                       0x000008d0   Section        0  radio.o(.text.Radio_Start_Task)
    [Anonymous Symbol]                       0x00000908   Section        0  radio.o(.text.Radio_Struct_Init)
    [Anonymous Symbol]                       0x00000950   Section        0  radio.o(.text.Radio_Tx)
    [Anonymous Symbol]                       0x00000994   Section        0  radio.o(.text.Radio_Tx_Clear_System_Buf)
    [Anonymous Symbol]                       0x000009a8   Section        0  radio.o(.text.Radio_Tx_Copy_Dst_Addr)
    [Anonymous Symbol]                       0x000009c8   Section        0  radio.o(.text.Radio_Tx_Load_Dst_Addr)
    [Anonymous Symbol]                       0x000009f0   Section        0  system_nrf52.o(.text.SystemCoreClockUpdate)
    [Anonymous Symbol]                       0x00000a04   Section        0  system_nrf52.o(.text.SystemInit)
    [Anonymous Symbol]                       0x00000b8c   Section        0  timeout.o(.text.Timeout_Arm)
    [Anonymous Symbol]                       0x00000ba0   Section        0  timeout.o(.text.Timeout_CurrVal_Clear)
    [Anonymous Symbol]                       0x00000bb0   Section        0  timeout.o(.text.Timeout_Delay_1us)
    [Anonymous Symbol]                       0x00000bec   Section        0  timeout.o(.text.Timeout_Error_Assign)
    [Anonymous Symbol]                       0x00000c20   Section        0  timeout.o(.text.Timeout_Error_Clear)
    [Anonymous Symbol]                       0x00000c30   Section        0  timeout.o(.text.Timeout_Error_Force_Assign)
    [Anonymous Symbol]                       0x00000c4c   Section        0  timeout.o(.text.Timeout_Error_Get)
    [Anonymous Symbol]                       0x00000c58   Section        0  timeout.o(.text.Timeout_Init)
    [Anonymous Symbol]                       0x00000c60   Section        0  timeout.o(.text.Timeout_Occured)
    [Anonymous Symbol]                       0x00000c98   Section        0  timeout.o(.text.Timeout_SetVal_Clear)
    [Anonymous Symbol]                       0x00000ca8   Section        0  timeout.o(.text.Timeout_Set_MicroSeconds)
    [Anonymous Symbol]                       0x00000cc8   Section        0  timeout.o(.text.Timeout_Status_Clear)
    [Anonymous Symbol]                       0x00000cd8   Section        0  timeout.o(.text.Timeout_Sticky_Error_Clear)
    [Anonymous Symbol]                       0x00000ce8   Section        0  timeout.o(.text.Timeout_Sticky_Error_Get)
    [Anonymous Symbol]                       0x00000cf4   Section        0  timeout.o(.text.Timeout_Struct_Init)
    [Anonymous Symbol]                       0x00000d2c   Section        0  uart.o(.text.UART_Buf_Flush)
    [Anonymous Symbol]                       0x00000d50   Section        0  uart.o(.text.UART_Config_BAUD_Rate)
    [Anonymous Symbol]                       0x00000d5c   Section        0  uart.o(.text.UART_Config_Rx)
    [Anonymous Symbol]                       0x00000d74   Section        0  uart.o(.text.UART_Config_Tx)
    [Anonymous Symbol]                       0x00000d8c   Section        0  uart.o(.text.UART_Determine_Digit_Numbers)
    [Anonymous Symbol]                       0x00000dd4   Section        0  uart.o(.text.UART_Enable)
    [Anonymous Symbol]                       0x00000dec   Section        0  uart.o(.text.UART_Init)
    [Anonymous Symbol]                       0x00000e10   Section        0  uart.o(.text.UART_RX_Packet_Struct_Init)
    [Anonymous Symbol]                       0x00000e34   Section        0  uart.o(.text.UART_Struct_Init)
    [Anonymous Symbol]                       0x00000e84   Section        0  uart.o(.text.UART_Timer_Struct_Init)
    [Anonymous Symbol]                       0x00000e98   Section        0  uart.o(.text.UART_Tx_Byte)
    [Anonymous Symbol]                       0x00000ed4   Section        0  uart.o(.text.UART_Tx_NL)
    [Anonymous Symbol]                       0x00000ee4   Section        0  uart.o(.text.UART_Tx_Number)
    [Anonymous Symbol]                       0x00000f04   Section        0  uart.o(.text.UART_Tx_Number_Digits)
    [Anonymous Symbol]                       0x00000f28   Section        0  uart.o(.text.UART_Tx_Number_Hex)
    [Anonymous Symbol]                       0x00000f8c   Section        0  uart.o(.text.UART_Tx_Number_Hex_NL)
    [Anonymous Symbol]                       0x00000f98   Section        0  uart.o(.text.UART_Tx_Number_Hex_SP)
    [Anonymous Symbol]                       0x00000fa4   Section        0  uart.o(.text.UART_Tx_Number_NL)
    [Anonymous Symbol]                       0x00000fb0   Section        0  uart.o(.text.UART_Tx_Number_SP)
    [Anonymous Symbol]                       0x00000fbc   Section        0  uart.o(.text.UART_Tx_Parameter_Hex_NL)
    [Anonymous Symbol]                       0x00000fd0   Section        0  uart.o(.text.UART_Tx_Parameter_Hex_SP)
    [Anonymous Symbol]                       0x00000fe4   Section        0  uart.o(.text.UART_Tx_Parameter_NL)
    [Anonymous Symbol]                       0x00000ff8   Section        0  uart.o(.text.UART_Tx_Parameter_SP)
    [Anonymous Symbol]                       0x0000100c   Section        0  uart.o(.text.UART_Tx_SP)
    [Anonymous Symbol]                       0x00001018   Section        0  uart.o(.text.UART_Tx_Text)
    [Anonymous Symbol]                       0x0000103c   Section        0  uart.o(.text.UART_Tx_Text_NL)
    [Anonymous Symbol]                       0x00001048   Section        0  main.o(.text.main)
    nrf52_configuration_249                  0x00001055   Thumb Code    40  system_nrf52.o(.text.nrf52_configuration_249)
    [Anonymous Symbol]                       0x00001054   Section        0  system_nrf52.o(.text.nrf52_configuration_249)
    nrf52_errata_108                         0x0000107d   Thumb Code    34  system_nrf52.o(.text.nrf52_errata_108)
    [Anonymous Symbol]                       0x0000107c   Section        0  system_nrf52.o(.text.nrf52_errata_108)
    nrf52_errata_12                          0x000010a1   Thumb Code    34  system_nrf52.o(.text.nrf52_errata_12)
    [Anonymous Symbol]                       0x000010a0   Section        0  system_nrf52.o(.text.nrf52_errata_12)
    nrf52_errata_136                         0x000010c5   Thumb Code    34  system_nrf52.o(.text.nrf52_errata_136)
    [Anonymous Symbol]                       0x000010c4   Section        0  system_nrf52.o(.text.nrf52_errata_136)
    nrf52_errata_16                          0x000010e9   Thumb Code    42  system_nrf52.o(.text.nrf52_errata_16)
    [Anonymous Symbol]                       0x000010e8   Section        0  system_nrf52.o(.text.nrf52_errata_16)
    nrf52_errata_182                         0x00001115   Thumb Code    48  system_nrf52.o(.text.nrf52_errata_182)
    [Anonymous Symbol]                       0x00001114   Section        0  system_nrf52.o(.text.nrf52_errata_182)
    nrf52_errata_31                          0x00001145   Thumb Code    34  system_nrf52.o(.text.nrf52_errata_31)
    [Anonymous Symbol]                       0x00001144   Section        0  system_nrf52.o(.text.nrf52_errata_31)
    nrf52_errata_32                          0x00001169   Thumb Code    42  system_nrf52.o(.text.nrf52_errata_32)
    [Anonymous Symbol]                       0x00001168   Section        0  system_nrf52.o(.text.nrf52_errata_32)
    nrf52_errata_36                          0x00001195   Thumb Code    34  system_nrf52.o(.text.nrf52_errata_36)
    [Anonymous Symbol]                       0x00001194   Section        0  system_nrf52.o(.text.nrf52_errata_36)
    nrf52_errata_37                          0x000011b9   Thumb Code    42  system_nrf52.o(.text.nrf52_errata_37)
    [Anonymous Symbol]                       0x000011b8   Section        0  system_nrf52.o(.text.nrf52_errata_37)
    nrf52_errata_57                          0x000011e5   Thumb Code    42  system_nrf52.o(.text.nrf52_errata_57)
    [Anonymous Symbol]                       0x000011e4   Section        0  system_nrf52.o(.text.nrf52_errata_57)
    nrf52_errata_66                          0x00001211   Thumb Code    74  system_nrf52.o(.text.nrf52_errata_66)
    [Anonymous Symbol]                       0x00001210   Section        0  system_nrf52.o(.text.nrf52_errata_66)
    nrf52_handle_approtect                   0x0000125d   Thumb Code    34  system_nrf52.o(.text.nrf52_handle_approtect)
    [Anonymous Symbol]                       0x0000125c   Section        0  system_nrf52.o(.text.nrf52_handle_approtect)
    $v0                                      0x0000127e   Number         0  fpinit.o(x$fpl$fpinit)
    x$fpl$fpinit                             0x0000127e   Section       26  fpinit.o(x$fpl$fpinit)
    __tagsym$$used.0                         0x20000000   Number         0  system_nrf52.o(.data.SystemCoreClock)
    .bss                                     0x20000008   Section       96  libspace.o(.bss)
    Radio                                    0x20000068   Data         120  radio.o(.bss.Radio)
    [Anonymous Symbol]                       0x20000068   Section        0  radio.o(.bss.Radio)
    Timeout.0                                0x200000e0   Data           1  timeout.o(.bss.Timeout.0)
    [Anonymous Symbol]                       0x200000e0   Section        0  timeout.o(.bss.Timeout.0)
    Timeout.1                                0x200000e2   Data           1  timeout.o(.bss.Timeout.1)
    [Anonymous Symbol]                       0x200000e2   Section        0  timeout.o(.bss.Timeout.1)
    Timeout.2                                0x200000e4   Data           1  timeout.o(.bss.Timeout.2)
    [Anonymous Symbol]                       0x200000e4   Section        0  timeout.o(.bss.Timeout.2)
    Timeout.3                                0x200000e8   Data           4  timeout.o(.bss.Timeout.3)
    [Anonymous Symbol]                       0x200000e8   Section        0  timeout.o(.bss.Timeout.3)
    Timeout.4                                0x200000ec   Data           4  timeout.o(.bss.Timeout.4)
    [Anonymous Symbol]                       0x200000ec   Section        0  timeout.o(.bss.Timeout.4)
    UART                                     0x200000f0   Data          90  uart.o(.bss.UART)
    [Anonymous Symbol]                       0x200000f0   Section        0  uart.o(.bss.UART)
    Heap_Mem                                 0x20000150   Data        4096  arm_startup_nrf52.o(HEAP)
    HEAP                                     0x20000150   Section     4096  arm_startup_nrf52.o(HEAP)
    Stack_Mem                                0x20001150   Data        4096  arm_startup_nrf52.o(STACK)
    STACK                                    0x20001150   Section     4096  arm_startup_nrf52.o(STACK)
    __initial_sp                             0x20002150   Data           0  arm_startup_nrf52.o(STACK)

    Global Symbols

    Symbol Name                              Value     Ov Type        Size  Object(Section)

    BuildAttributes$$THM_ISAv4$E$P$D$K$B$S$7EM$VFPi3$EXTD16$VFPS$VFMA$PE$A:L22UL41UL21$X:L11$S22US41US21$IEEE1$IW$~IW$USESV6$~STKCKD$USESV7$~SHL$OTIME$ROPI$EBA8$UX$STANDARDLIB$REQ8$PRES8$EABIv2 0x00000000   Number         0  anon$$obj.o ABSOLUTE
    __Vectors                                0x00000000   Data           4  arm_startup_nrf52.o(RESET)
    __ARM_exceptions_init                     - Undefined Weak Reference
    __alloca_initialize                       - Undefined Weak Reference
    __arm_preinit_                            - Undefined Weak Reference
    __cpp_initialize__aeabi_                  - Undefined Weak Reference
    __cxa_finalize                            - Undefined Weak Reference
    __rt_locale                               - Undefined Weak Reference
    __sigvec_lookup                           - Undefined Weak Reference
    _atexit_init                              - Undefined Weak Reference
    _call_atexit_fns                          - Undefined Weak Reference
    _clock_init                               - Undefined Weak Reference
    _fp_trap_init                             - Undefined Weak Reference
    _fp_trap_shutdown                         - Undefined Weak Reference
    _get_lc_collate                           - Undefined Weak Reference
    _get_lc_ctype                             - Undefined Weak Reference
    _get_lc_monetary                          - Undefined Weak Reference
    _get_lc_numeric                           - Undefined Weak Reference
    _get_lc_time                              - Undefined Weak Reference
    _getenv_init                              - Undefined Weak Reference
    _handle_redirection                       - Undefined Weak Reference
    _init_alloc                               - Undefined Weak Reference
    _init_user_alloc                          - Undefined Weak Reference
    _initio                                   - Undefined Weak Reference
    _rand_init                                - Undefined Weak Reference
    _signal_finish                            - Undefined Weak Reference
    _signal_init                              - Undefined Weak Reference
    _terminate_alloc                          - Undefined Weak Reference
    _terminate_user_alloc                     - Undefined Weak Reference
    _terminateio                              - Undefined Weak Reference
    __Vectors_End                            0x00000200   Data           0  arm_startup_nrf52.o(RESET)
    __Vectors_Size                           0x00000200   Number         0  arm_startup_nrf52.o ABSOLUTE
    __main                                   0x00000201   Thumb Code     8  __main.o(!!!main)
    __scatterload                            0x00000209   Thumb Code     0  __scatter.o(!!!scatter)
    __scatterload_rt2                        0x00000209   Thumb Code    44  __scatter.o(!!!scatter)
    __scatterload_rt2_thumb_only             0x00000209   Thumb Code     0  __scatter.o(!!!scatter)
    __scatterload_null                       0x00000217   Thumb Code     0  __scatter.o(!!!scatter)
    __scatterload_copy                       0x0000023d   Thumb Code    26  __scatter_copy.o(!!handler_copy)
    __scatterload_zeroinit                   0x00000259   Thumb Code    28  __scatter_zi.o(!!handler_zi)
    __rt_lib_init                            0x00000275   Thumb Code     0  libinit.o(.ARM.Collect$$libinit$$00000000)
    __rt_lib_init_fp_1                       0x00000277   Thumb Code     0  libinit2.o(.ARM.Collect$$libinit$$00000001)
    __rt_lib_init_alloca_1                   0x0000027b   Thumb Code     0  libinit2.o(.ARM.Collect$$libinit$$0000002E)
    __rt_lib_init_argv_1                     0x0000027b   Thumb Code     0  libinit2.o(.ARM.Collect$$libinit$$0000002C)
    __rt_lib_init_atexit_1                   0x0000027b   Thumb Code     0  libinit2.o(.ARM.Collect$$libinit$$0000001B)
    __rt_lib_init_clock_1                    0x0000027b   Thumb Code     0  libinit2.o(.ARM.Collect$$libinit$$00000021)
    __rt_lib_init_cpp_1                      0x0000027b   Thumb Code     0  libinit2.o(.ARM.Collect$$libinit$$00000032)
    __rt_lib_init_exceptions_1               0x0000027b   Thumb Code     0  libinit2.o(.ARM.Collect$$libinit$$00000030)
    __rt_lib_init_fp_trap_1                  0x0000027b   Thumb Code     0  libinit2.o(.ARM.Collect$$libinit$$0000001F)
    __rt_lib_init_getenv_1                   0x0000027b   Thumb Code     0  libinit2.o(.ARM.Collect$$libinit$$00000023)
    __rt_lib_init_heap_1                     0x0000027b   Thumb Code     0  libinit2.o(.ARM.Collect$$libinit$$0000000A)
    __rt_lib_init_lc_collate_1               0x0000027b   Thumb Code     0  libinit2.o(.ARM.Collect$$libinit$$00000011)
    __rt_lib_init_lc_ctype_1                 0x0000027b   Thumb Code     0  libinit2.o(.ARM.Collect$$libinit$$00000013)
    __rt_lib_init_lc_monetary_1              0x0000027b   Thumb Code     0  libinit2.o(.ARM.Collect$$libinit$$00000015)
    __rt_lib_init_lc_numeric_1               0x0000027b   Thumb Code     0  libinit2.o(.ARM.Collect$$libinit$$00000017)
    __rt_lib_init_lc_time_1                  0x0000027b   Thumb Code     0  libinit2.o(.ARM.Collect$$libinit$$00000019)
    __rt_lib_init_preinit_1                  0x0000027b   Thumb Code     0  libinit2.o(.ARM.Collect$$libinit$$00000004)
    __rt_lib_init_rand_1                     0x0000027b   Thumb Code     0  libinit2.o(.ARM.Collect$$libinit$$0000000E)
    __rt_lib_init_return                     0x0000027b   Thumb Code     0  libinit2.o(.ARM.Collect$$libinit$$00000033)
    __rt_lib_init_signal_1                   0x0000027b   Thumb Code     0  libinit2.o(.ARM.Collect$$libinit$$0000001D)
    __rt_lib_init_stdio_1                    0x0000027b   Thumb Code     0  libinit2.o(.ARM.Collect$$libinit$$00000025)
    __rt_lib_init_user_alloc_1               0x0000027b   Thumb Code     0  libinit2.o(.ARM.Collect$$libinit$$0000000C)
    __rt_lib_shutdown                        0x0000027d   Thumb Code     0  libshutdown.o(.ARM.Collect$$libshutdown$$00000000)
    __rt_lib_shutdown_cpp_1                  0x0000027f   Thumb Code     0  libshutdown2.o(.ARM.Collect$$libshutdown$$00000002)
    __rt_lib_shutdown_fp_trap_1              0x0000027f   Thumb Code     0  libshutdown2.o(.ARM.Collect$$libshutdown$$00000007)
    __rt_lib_shutdown_heap_1                 0x0000027f   Thumb Code     0  libshutdown2.o(.ARM.Collect$$libshutdown$$0000000F)
    __rt_lib_shutdown_return                 0x0000027f   Thumb Code     0  libshutdown2.o(.ARM.Collect$$libshutdown$$00000010)
    __rt_lib_shutdown_signal_1               0x0000027f   Thumb Code     0  libshutdown2.o(.ARM.Collect$$libshutdown$$0000000A)
    __rt_lib_shutdown_stdio_1                0x0000027f   Thumb Code     0  libshutdown2.o(.ARM.Collect$$libshutdown$$00000004)
    __rt_lib_shutdown_user_alloc_1           0x0000027f   Thumb Code     0  libshutdown2.o(.ARM.Collect$$libshutdown$$0000000C)
    __rt_entry                               0x00000281   Thumb Code     0  __rtentry.o(.ARM.Collect$$rtentry$$00000000)
    __rt_entry_presh_1                       0x00000281   Thumb Code     0  __rtentry2.o(.ARM.Collect$$rtentry$$00000002)
    __rt_entry_sh                            0x00000281   Thumb Code     0  __rtentry4.o(.ARM.Collect$$rtentry$$00000004)
    __rt_entry_li                            0x00000287   Thumb Code     0  __rtentry2.o(.ARM.Collect$$rtentry$$0000000A)
    __rt_entry_postsh_1                      0x00000287   Thumb Code     0  __rtentry2.o(.ARM.Collect$$rtentry$$00000009)
    __rt_entry_main                          0x0000028b   Thumb Code     0  __rtentry2.o(.ARM.Collect$$rtentry$$0000000D)
    __rt_entry_postli_1                      0x0000028b   Thumb Code     0  __rtentry2.o(.ARM.Collect$$rtentry$$0000000C)
    __rt_exit                                0x00000293   Thumb Code     0  rtexit.o(.ARM.Collect$$rtexit$$00000000)
    __rt_exit_ls                             0x00000295   Thumb Code     0  rtexit2.o(.ARM.Collect$$rtexit$$00000003)
    __rt_exit_prels_1                        0x00000295   Thumb Code     0  rtexit2.o(.ARM.Collect$$rtexit$$00000002)
    __rt_exit_exit                           0x00000299   Thumb Code     0  rtexit2.o(.ARM.Collect$$rtexit$$00000004)
    Reset_Handler                            0x000002a1   Thumb Code     8  arm_startup_nrf52.o(.text)
    NMI_Handler                              0x000002a9   Thumb Code     2  arm_startup_nrf52.o(.text)
    HardFault_Handler                        0x000002ab   Thumb Code     2  arm_startup_nrf52.o(.text)
    MemoryManagement_Handler                 0x000002ad   Thumb Code     2  arm_startup_nrf52.o(.text)
    BusFault_Handler                         0x000002af   Thumb Code     2  arm_startup_nrf52.o(.text)
    UsageFault_Handler                       0x000002b1   Thumb Code     2  arm_startup_nrf52.o(.text)
    SVC_Handler                              0x000002b3   Thumb Code     2  arm_startup_nrf52.o(.text)
    DebugMon_Handler                         0x000002b5   Thumb Code     2  arm_startup_nrf52.o(.text)
    PendSV_Handler                           0x000002b7   Thumb Code     2  arm_startup_nrf52.o(.text)
    SysTick_Handler                          0x000002b9   Thumb Code     2  arm_startup_nrf52.o(.text)
    CCM_AAR_IRQHandler                       0x000002bb   Thumb Code     0  arm_startup_nrf52.o(.text)
    COMP_LPCOMP_IRQHandler                   0x000002bb   Thumb Code     0  arm_startup_nrf52.o(.text)
    ECB_IRQHandler                           0x000002bb   Thumb Code     0  arm_startup_nrf52.o(.text)
    FPU_IRQHandler                           0x000002bb   Thumb Code     0  arm_startup_nrf52.o(.text)
    GPIOTE_IRQHandler                        0x000002bb   Thumb Code     0  arm_startup_nrf52.o(.text)
    I2S_IRQHandler                           0x000002bb   Thumb Code     0  arm_startup_nrf52.o(.text)
    MWU_IRQHandler                           0x000002bb   Thumb Code     0  arm_startup_nrf52.o(.text)
    NFCT_IRQHandler                          0x000002bb   Thumb Code     0  arm_startup_nrf52.o(.text)
    PDM_IRQHandler                           0x000002bb   Thumb Code     0  arm_startup_nrf52.o(.text)
    POWER_CLOCK_IRQHandler                   0x000002bb   Thumb Code     0  arm_startup_nrf52.o(.text)
    PWM0_IRQHandler                          0x000002bb   Thumb Code     0  arm_startup_nrf52.o(.text)
    PWM1_IRQHandler                          0x000002bb   Thumb Code     0  arm_startup_nrf52.o(.text)
    PWM2_IRQHandler                          0x000002bb   Thumb Code     0  arm_startup_nrf52.o(.text)
    QDEC_IRQHandler                          0x000002bb   Thumb Code     0  arm_startup_nrf52.o(.text)
    RADIO_IRQHandler                         0x000002bb   Thumb Code     0  arm_startup_nrf52.o(.text)
    RNG_IRQHandler                           0x000002bb   Thumb Code     0  arm_startup_nrf52.o(.text)
    RTC0_IRQHandler                          0x000002bb   Thumb Code     0  arm_startup_nrf52.o(.text)
    RTC1_IRQHandler                          0x000002bb   Thumb Code     0  arm_startup_nrf52.o(.text)
    RTC2_IRQHandler                          0x000002bb   Thumb Code     0  arm_startup_nrf52.o(.text)
    SAADC_IRQHandler                         0x000002bb   Thumb Code     0  arm_startup_nrf52.o(.text)
    SPIM0_SPIS0_TWIM0_TWIS0_SPI0_TWI0_IRQHandler 0x000002bb   Thumb Code     0  arm_startup_nrf52.o(.text)
    SPIM1_SPIS1_TWIM1_TWIS1_SPI1_TWI1_IRQHandler 0x000002bb   Thumb Code     0  arm_startup_nrf52.o(.text)
    SPIM2_SPIS2_SPI2_IRQHandler              0x000002bb   Thumb Code     0  arm_startup_nrf52.o(.text)
    SWI0_EGU0_IRQHandler                     0x000002bb   Thumb Code     0  arm_startup_nrf52.o(.text)
    SWI1_EGU1_IRQHandler                     0x000002bb   Thumb Code     0  arm_startup_nrf52.o(.text)
    SWI2_EGU2_IRQHandler                     0x000002bb   Thumb Code     0  arm_startup_nrf52.o(.text)
    SWI3_EGU3_IRQHandler                     0x000002bb   Thumb Code     0  arm_startup_nrf52.o(.text)
    SWI4_EGU4_IRQHandler                     0x000002bb   Thumb Code     0  arm_startup_nrf52.o(.text)
    SWI5_EGU5_IRQHandler                     0x000002bb   Thumb Code     0  arm_startup_nrf52.o(.text)
    TEMP_IRQHandler                          0x000002bb   Thumb Code     0  arm_startup_nrf52.o(.text)
    TIMER0_IRQHandler                        0x000002bb   Thumb Code     0  arm_startup_nrf52.o(.text)
    TIMER1_IRQHandler                        0x000002bb   Thumb Code     0  arm_startup_nrf52.o(.text)
    TIMER2_IRQHandler                        0x000002bb   Thumb Code     0  arm_startup_nrf52.o(.text)
    TIMER3_IRQHandler                        0x000002bb   Thumb Code     0  arm_startup_nrf52.o(.text)
    TIMER4_IRQHandler                        0x000002bb   Thumb Code     0  arm_startup_nrf52.o(.text)
    UARTE0_UART0_IRQHandler                  0x000002bb   Thumb Code     0  arm_startup_nrf52.o(.text)
    WDT_IRQHandler                           0x000002bb   Thumb Code     0  arm_startup_nrf52.o(.text)
    __user_initial_stackheap                 0x000002bd   Thumb Code    10  arm_startup_nrf52.o(.text)
    __aeabi_memclr4                          0x000002e1   Thumb Code     0  rt_memclr_w.o(.text)
    __aeabi_memclr8                          0x000002e1   Thumb Code     0  rt_memclr_w.o(.text)
    __rt_memclr_w                            0x000002e1   Thumb Code     0  rt_memclr_w.o(.text)
    _memset_w                                0x000002e5   Thumb Code    74  rt_memclr_w.o(.text)
    __use_two_region_memory                  0x0000032f   Thumb Code     2  heapauxi.o(.text)
    __rt_heap_escrow$2region                 0x00000331   Thumb Code     2  heapauxi.o(.text)
    __rt_heap_expand$2region                 0x00000333   Thumb Code     2  heapauxi.o(.text)
    __user_setup_stackheap                   0x00000335   Thumb Code    74  sys_stackheap_outer.o(.text)
    exit                                     0x0000037f   Thumb Code    18  exit.o(.text)
    __user_libspace                          0x00000391   Thumb Code     8  libspace.o(.text)
    __user_perproc_libspace                  0x00000391   Thumb Code     0  libspace.o(.text)
    __user_perthread_libspace                0x00000391   Thumb Code     0  libspace.o(.text)
    _sys_exit                                0x00000399   Thumb Code     8  sys_exit.o(.text)
    __I$use$semihosting                      0x000003a5   Thumb Code     0  use_no_semi.o(.text)
    __use_no_semihosting_swi                 0x000003a5   Thumb Code     2  use_no_semi.o(.text)
    __semihosting_library_function           0x000003a7   Thumb Code     0  indicate_semi.o(.text)
    App_Config                               0x000003a9   Thumb Code    28  app.o(.text.App_Config)
    App_Mainloop                             0x000003d5   Thumb Code   176  app.o(.text.App_Mainloop)
    Radio_Active                             0x000004b1   Thumb Code    16  radio.o(.text.Radio_Active)
    Radio_CRC_Calculate_Block                0x000004c1   Thumb Code    36  radio.o(.text.Radio_CRC_Calculate_Block)
    Radio_CRC_Calculate_Byte                 0x000004e5   Thumb Code    40  radio.o(.text.Radio_CRC_Calculate_Byte)
    Radio_Get_Sys_Param0                     0x0000050d   Thumb Code    14  radio.o(.text.Radio_Get_Sys_Param0)
    Radio_Get_Sys_Param1                     0x0000051d   Thumb Code    14  radio.o(.text.Radio_Get_Sys_Param1)
    Radio_HFCLK_Start                        0x0000052d   Thumb Code    76  radio.o(.text.Radio_HFCLK_Start)
    Radio_Init                               0x00000579   Thumb Code    16  radio.o(.text.Radio_Init)
    Radio_Mode_Disable                       0x00000589   Thumb Code    56  radio.o(.text.Radio_Mode_Disable)
    Radio_Mode_Rx                            0x000005c1   Thumb Code    78  radio.o(.text.Radio_Mode_Rx)
    Radio_Mode_Tx                            0x00000611   Thumb Code    72  radio.o(.text.Radio_Mode_Tx)
    Radio_Power_Enable                       0x00000659   Thumb Code    48  radio.o(.text.Radio_Power_Enable)
    Radio_Process_Sys_Data                   0x00000689   Thumb Code   116  radio.o(.text.Radio_Process_Sys_Data)
    Radio_Reg_Init                           0x000006fd   Thumb Code   130  radio.o(.text.Radio_Reg_Init)
    Radio_Rx                                 0x00000781   Thumb Code    80  radio.o(.text.Radio_Rx)
    Radio_Rx_Ack                             0x000007d1   Thumb Code    96  radio.o(.text.Radio_Rx_Ack)
    Radio_Rx_Extract_DstH                    0x00000831   Thumb Code    28  radio.o(.text.Radio_Rx_Extract_DstH)
    Radio_Rx_Extract_DstL                    0x0000084d   Thumb Code    28  radio.o(.text.Radio_Rx_Extract_DstL)
    Radio_Rx_Extract_SrcH                    0x00000869   Thumb Code    28  radio.o(.text.Radio_Rx_Extract_SrcH)
    Radio_Rx_Extract_SrcL                    0x00000885   Thumb Code    28  radio.o(.text.Radio_Rx_Extract_SrcL)
    Radio_Rx_Get_Buf                         0x000008a1   Thumb Code    16  radio.o(.text.Radio_Rx_Get_Buf)
    Radio_Rx_Get_Data_Buf                    0x000008b1   Thumb Code    16  radio.o(.text.Radio_Rx_Get_Data_Buf)
    Radio_Rx_Get_Sys_Buf                     0x000008c1   Thumb Code    16  radio.o(.text.Radio_Rx_Get_Sys_Buf)
    Radio_Start_Task                         0x000008d1   Thumb Code    54  radio.o(.text.Radio_Start_Task)
    Radio_Struct_Init                        0x00000909   Thumb Code    72  radio.o(.text.Radio_Struct_Init)
    Radio_Tx                                 0x00000951   Thumb Code    68  radio.o(.text.Radio_Tx)
    Radio_Tx_Clear_System_Buf                0x00000995   Thumb Code    20  radio.o(.text.Radio_Tx_Clear_System_Buf)
    Radio_Tx_Copy_Dst_Addr                   0x000009a9   Thumb Code    30  radio.o(.text.Radio_Tx_Copy_Dst_Addr)
    Radio_Tx_Load_Dst_Addr                   0x000009c9   Thumb Code    38  radio.o(.text.Radio_Tx_Load_Dst_Addr)
    SystemCoreClockUpdate                    0x000009f1   Thumb Code    20  system_nrf52.o(.text.SystemCoreClockUpdate)
    SystemInit                               0x00000a05   Thumb Code   392  system_nrf52.o(.text.SystemInit)
    Timeout_Arm                              0x00000b8d   Thumb Code    20  timeout.o(.text.Timeout_Arm)
    Timeout_CurrVal_Clear                    0x00000ba1   Thumb Code    14  timeout.o(.text.Timeout_CurrVal_Clear)
    Timeout_Delay_1us                        0x00000bb1   Thumb Code    60  timeout.o(.text.Timeout_Delay_1us)
    Timeout_Error_Assign                     0x00000bed   Thumb Code    52  timeout.o(.text.Timeout_Error_Assign)
    Timeout_Error_Clear                      0x00000c21   Thumb Code    14  timeout.o(.text.Timeout_Error_Clear)
    Timeout_Error_Force_Assign               0x00000c31   Thumb Code    28  timeout.o(.text.Timeout_Error_Force_Assign)
    Timeout_Error_Get                        0x00000c4d   Thumb Code    12  timeout.o(.text.Timeout_Error_Get)
    Timeout_Init                             0x00000c59   Thumb Code     8  timeout.o(.text.Timeout_Init)
    Timeout_Occured                          0x00000c61   Thumb Code    54  timeout.o(.text.Timeout_Occured)
    Timeout_SetVal_Clear                     0x00000c99   Thumb Code    14  timeout.o(.text.Timeout_SetVal_Clear)
    Timeout_Set_MicroSeconds                 0x00000ca9   Thumb Code    32  timeout.o(.text.Timeout_Set_MicroSeconds)
    Timeout_Status_Clear                     0x00000cc9   Thumb Code    14  timeout.o(.text.Timeout_Status_Clear)
    Timeout_Sticky_Error_Clear               0x00000cd9   Thumb Code    14  timeout.o(.text.Timeout_Sticky_Error_Clear)
    Timeout_Sticky_Error_Get                 0x00000ce9   Thumb Code    12  timeout.o(.text.Timeout_Sticky_Error_Get)
    Timeout_Struct_Init                      0x00000cf5   Thumb Code    54  timeout.o(.text.Timeout_Struct_Init)
    UART_Buf_Flush                           0x00000d2d   Thumb Code    34  uart.o(.text.UART_Buf_Flush)
    UART_Config_BAUD_Rate                    0x00000d51   Thumb Code    12  uart.o(.text.UART_Config_BAUD_Rate)
    UART_Config_Rx                           0x00000d5d   Thumb Code    24  uart.o(.text.UART_Config_Rx)
    UART_Config_Tx                           0x00000d75   Thumb Code    24  uart.o(.text.UART_Config_Tx)
    UART_Determine_Digit_Numbers             0x00000d8d   Thumb Code    72  uart.o(.text.UART_Determine_Digit_Numbers)
    UART_Enable                              0x00000dd5   Thumb Code    24  uart.o(.text.UART_Enable)
    UART_Init                                0x00000ded   Thumb Code    36  uart.o(.text.UART_Init)
    UART_RX_Packet_Struct_Init               0x00000e11   Thumb Code    34  uart.o(.text.UART_RX_Packet_Struct_Init)
    UART_Struct_Init                         0x00000e35   Thumb Code    78  uart.o(.text.UART_Struct_Init)
    UART_Timer_Struct_Init                   0x00000e85   Thumb Code    20  uart.o(.text.UART_Timer_Struct_Init)
    UART_Tx_Byte                             0x00000e99   Thumb Code    58  uart.o(.text.UART_Tx_Byte)
    UART_Tx_NL                               0x00000ed5   Thumb Code    16  uart.o(.text.UART_Tx_NL)
    UART_Tx_Number                           0x00000ee5   Thumb Code    30  uart.o(.text.UART_Tx_Number)
    UART_Tx_Number_Digits                    0x00000f05   Thumb Code    36  uart.o(.text.UART_Tx_Number_Digits)
    UART_Tx_Number_Hex                       0x00000f29   Thumb Code    98  uart.o(.text.UART_Tx_Number_Hex)
    UART_Tx_Number_Hex_NL                    0x00000f8d   Thumb Code    12  uart.o(.text.UART_Tx_Number_Hex_NL)
    UART_Tx_Number_Hex_SP                    0x00000f99   Thumb Code    12  uart.o(.text.UART_Tx_Number_Hex_SP)
    UART_Tx_Number_NL                        0x00000fa5   Thumb Code    12  uart.o(.text.UART_Tx_Number_NL)
    UART_Tx_Number_SP                        0x00000fb1   Thumb Code    12  uart.o(.text.UART_Tx_Number_SP)
    UART_Tx_Parameter_Hex_NL                 0x00000fbd   Thumb Code    20  uart.o(.text.UART_Tx_Parameter_Hex_NL)
    UART_Tx_Parameter_Hex_SP                 0x00000fd1   Thumb Code    20  uart.o(.text.UART_Tx_Parameter_Hex_SP)
    UART_Tx_Parameter_NL                     0x00000fe5   Thumb Code    20  uart.o(.text.UART_Tx_Parameter_NL)
    UART_Tx_Parameter_SP                     0x00000ff9   Thumb Code    20  uart.o(.text.UART_Tx_Parameter_SP)
    UART_Tx_SP                               0x0000100d   Thumb Code    10  uart.o(.text.UART_Tx_SP)
    UART_Tx_Text                             0x00001019   Thumb Code    34  uart.o(.text.UART_Tx_Text)
    UART_Tx_Text_NL                          0x0000103d   Thumb Code    12  uart.o(.text.UART_Tx_Text_NL)
    main                                     0x00001049   Thumb Code    10  main.o(.text.main)
    _fp_init                                 0x0000127f   Thumb Code    26  fpinit.o(x$fpl$fpinit)
    __fplib_config_fpu_vfp                   0x00001297   Thumb Code     0  fpinit.o(x$fpl$fpinit)
    __fplib_config_pureend_doubles           0x00001297   Thumb Code     0  fpinit.o(x$fpl$fpinit)
    Region$$Table$$Base                      0x00001298   Number         0  anon$$obj.o(Region$$Table)
    Region$$Table$$Limit                     0x000012b8   Number         0  anon$$obj.o(Region$$Table)
    SystemCoreClock                          0x20000000   Data           4  system_nrf52.o(.data.SystemCoreClock)
    __libspace_start                         0x20000008   Data          96  libspace.o(.bss)
    __temporary_stack_top$libspace           0x20000068   Data           0  libspace.o(.bss)



==============================================================================

Memory Map of the image

  Image Entry point : 0x000002a1

  Load Region LR_1 (Base: 0x00000000, Size: 0x000012bc, Max: 0xffffffff, ABSOLUTE)

    Execution Region ER_RO (Exec base: 0x00000000, Load base: 0x00000000, Size: 0x000012b8, Max: 0xffffffff, ABSOLUTE)

    Exec Addr    Load Addr    Size         Type   Attr      Idx    E Section Name        Object

    0x00000000   0x00000000   0x00000200   Data   RO          331    RESET               arm_startup_nrf52.o
    0x00000200   0x00000200   0x00000008   Code   RO          387  * !!!main             c_w.l(__main.o)
    0x00000208   0x00000208   0x00000034   Code   RO          550    !!!scatter          c_w.l(__scatter.o)
    0x0000023c   0x0000023c   0x0000001a   Code   RO          552    !!handler_copy      c_w.l(__scatter_copy.o)
    0x00000256   0x00000256   0x00000002   PAD
    0x00000258   0x00000258   0x0000001c   Code   RO          554    !!handler_zi        c_w.l(__scatter_zi.o)
    0x00000274   0x00000274   0x00000002   Code   RO          414    .ARM.Collect$$libinit$$00000000  c_w.l(libinit.o)
    0x00000276   0x00000276   0x00000004   Code   RO          420    .ARM.Collect$$libinit$$00000001  c_w.l(libinit2.o)
    0x0000027a   0x0000027a   0x00000000   Code   RO          423    .ARM.Collect$$libinit$$00000004  c_w.l(libinit2.o)
    0x0000027a   0x0000027a   0x00000000   Code   RO          426    .ARM.Collect$$libinit$$0000000A  c_w.l(libinit2.o)
    0x0000027a   0x0000027a   0x00000000   Code   RO          428    .ARM.Collect$$libinit$$0000000C  c_w.l(libinit2.o)
    0x0000027a   0x0000027a   0x00000000   Code   RO          430    .ARM.Collect$$libinit$$0000000E  c_w.l(libinit2.o)
    0x0000027a   0x0000027a   0x00000000   Code   RO          433    .ARM.Collect$$libinit$$00000011  c_w.l(libinit2.o)
    0x0000027a   0x0000027a   0x00000000   Code   RO          435    .ARM.Collect$$libinit$$00000013  c_w.l(libinit2.o)
    0x0000027a   0x0000027a   0x00000000   Code   RO          437    .ARM.Collect$$libinit$$00000015  c_w.l(libinit2.o)
    0x0000027a   0x0000027a   0x00000000   Code   RO          439    .ARM.Collect$$libinit$$00000017  c_w.l(libinit2.o)
    0x0000027a   0x0000027a   0x00000000   Code   RO          441    .ARM.Collect$$libinit$$00000019  c_w.l(libinit2.o)
    0x0000027a   0x0000027a   0x00000000   Code   RO          443    .ARM.Collect$$libinit$$0000001B  c_w.l(libinit2.o)
    0x0000027a   0x0000027a   0x00000000   Code   RO          445    .ARM.Collect$$libinit$$0000001D  c_w.l(libinit2.o)
    0x0000027a   0x0000027a   0x00000000   Code   RO          447    .ARM.Collect$$libinit$$0000001F  c_w.l(libinit2.o)
    0x0000027a   0x0000027a   0x00000000   Code   RO          449    .ARM.Collect$$libinit$$00000021  c_w.l(libinit2.o)
    0x0000027a   0x0000027a   0x00000000   Code   RO          451    .ARM.Collect$$libinit$$00000023  c_w.l(libinit2.o)
    0x0000027a   0x0000027a   0x00000000   Code   RO          453    .ARM.Collect$$libinit$$00000025  c_w.l(libinit2.o)
    0x0000027a   0x0000027a   0x00000000   Code   RO          457    .ARM.Collect$$libinit$$0000002C  c_w.l(libinit2.o)
    0x0000027a   0x0000027a   0x00000000   Code   RO          459    .ARM.Collect$$libinit$$0000002E  c_w.l(libinit2.o)
    0x0000027a   0x0000027a   0x00000000   Code   RO          461    .ARM.Collect$$libinit$$00000030  c_w.l(libinit2.o)
    0x0000027a   0x0000027a   0x00000000   Code   RO          463    .ARM.Collect$$libinit$$00000032  c_w.l(libinit2.o)
    0x0000027a   0x0000027a   0x00000002   Code   RO          464    .ARM.Collect$$libinit$$00000033  c_w.l(libinit2.o)
    0x0000027c   0x0000027c   0x00000002   Code   RO          486    .ARM.Collect$$libshutdown$$00000000  c_w.l(libshutdown.o)
    0x0000027e   0x0000027e   0x00000000   Code   RO          501    .ARM.Collect$$libshutdown$$00000002  c_w.l(libshutdown2.o)
    0x0000027e   0x0000027e   0x00000000   Code   RO          503    .ARM.Collect$$libshutdown$$00000004  c_w.l(libshutdown2.o)
    0x0000027e   0x0000027e   0x00000000   Code   RO          506    .ARM.Collect$$libshutdown$$00000007  c_w.l(libshutdown2.o)
    0x0000027e   0x0000027e   0x00000000   Code   RO          509    .ARM.Collect$$libshutdown$$0000000A  c_w.l(libshutdown2.o)
    0x0000027e   0x0000027e   0x00000000   Code   RO          511    .ARM.Collect$$libshutdown$$0000000C  c_w.l(libshutdown2.o)
    0x0000027e   0x0000027e   0x00000000   Code   RO          514    .ARM.Collect$$libshutdown$$0000000F  c_w.l(libshutdown2.o)
    0x0000027e   0x0000027e   0x00000002   Code   RO          515    .ARM.Collect$$libshutdown$$00000010  c_w.l(libshutdown2.o)
    0x00000280   0x00000280   0x00000000   Code   RO          389    .ARM.Collect$$rtentry$$00000000  c_w.l(__rtentry.o)
    0x00000280   0x00000280   0x00000000   Code   RO          391    .ARM.Collect$$rtentry$$00000002  c_w.l(__rtentry2.o)
    0x00000280   0x00000280   0x00000006   Code   RO          403    .ARM.Collect$$rtentry$$00000004  c_w.l(__rtentry4.o)
    0x00000286   0x00000286   0x00000000   Code   RO          393    .ARM.Collect$$rtentry$$00000009  c_w.l(__rtentry2.o)
    0x00000286   0x00000286   0x00000004   Code   RO          394    .ARM.Collect$$rtentry$$0000000A  c_w.l(__rtentry2.o)
    0x0000028a   0x0000028a   0x00000000   Code   RO          396    .ARM.Collect$$rtentry$$0000000C  c_w.l(__rtentry2.o)
    0x0000028a   0x0000028a   0x00000008   Code   RO          397    .ARM.Collect$$rtentry$$0000000D  c_w.l(__rtentry2.o)
    0x00000292   0x00000292   0x00000002   Code   RO          418    .ARM.Collect$$rtexit$$00000000  c_w.l(rtexit.o)
    0x00000294   0x00000294   0x00000000   Code   RO          466    .ARM.Collect$$rtexit$$00000002  c_w.l(rtexit2.o)
    0x00000294   0x00000294   0x00000004   Code   RO          467    .ARM.Collect$$rtexit$$00000003  c_w.l(rtexit2.o)
    0x00000298   0x00000298   0x00000006   Code   RO          468    .ARM.Collect$$rtexit$$00000004  c_w.l(rtexit2.o)
    0x0000029e   0x0000029e   0x00000002   PAD
    0x000002a0   0x000002a0   0x00000040   Code   RO          332  * .text               arm_startup_nrf52.o
    0x000002e0   0x000002e0   0x0000004e   Code   RO          383    .text               c_w.l(rt_memclr_w.o)
    0x0000032e   0x0000032e   0x00000006   Code   RO          385    .text               c_w.l(heapauxi.o)
    0x00000334   0x00000334   0x0000004a   Code   RO          405    .text               c_w.l(sys_stackheap_outer.o)
    0x0000037e   0x0000037e   0x00000012   Code   RO          407    .text               c_w.l(exit.o)
    0x00000390   0x00000390   0x00000008   Code   RO          415    .text               c_w.l(libspace.o)
    0x00000398   0x00000398   0x0000000c   Code   RO          476    .text               c_w.l(sys_exit.o)
    0x000003a4   0x000003a4   0x00000002   Code   RO          491    .text               c_w.l(use_no_semi.o)
    0x000003a6   0x000003a6   0x00000000   Code   RO          493    .text               c_w.l(indicate_semi.o)
    0x000003a6   0x000003a6   0x00000002   PAD
    0x000003a8   0x000003a8   0x0000002c   Code   RO            2    .text.App_Config    app.o
    0x000003d4   0x000003d4   0x000000dc   Code   RO            4    .text.App_Mainloop  app.o
    0x000004b0   0x000004b0   0x00000010   Code   RO          142    .text.Radio_Active  radio.o
    0x000004c0   0x000004c0   0x00000024   Code   RO          118    .text.Radio_CRC_Calculate_Block  radio.o
    0x000004e4   0x000004e4   0x00000028   Code   RO          116    .text.Radio_CRC_Calculate_Byte  radio.o
    0x0000050c   0x0000050c   0x0000000e   Code   RO          128    .text.Radio_Get_Sys_Param0  radio.o
    0x0000051a   0x0000051a   0x00000002   PAD
    0x0000051c   0x0000051c   0x0000000e   Code   RO          130    .text.Radio_Get_Sys_Param1  radio.o
    0x0000052a   0x0000052a   0x00000002   PAD
    0x0000052c   0x0000052c   0x0000004c   Code   RO          132    .text.Radio_HFCLK_Start  radio.o
    0x00000578   0x00000578   0x00000010   Code   RO          162    .text.Radio_Init    radio.o
    0x00000588   0x00000588   0x00000038   Code   RO          146    .text.Radio_Mode_Disable  radio.o
    0x000005c0   0x000005c0   0x0000004e   Code   RO          150    .text.Radio_Mode_Rx  radio.o
    0x0000060e   0x0000060e   0x00000002   PAD
    0x00000610   0x00000610   0x00000048   Code   RO          148    .text.Radio_Mode_Tx  radio.o
    0x00000658   0x00000658   0x00000030   Code   RO          138    .text.Radio_Power_Enable  radio.o
    0x00000688   0x00000688   0x00000074   Code   RO          122    .text.Radio_Process_Sys_Data  radio.o
    0x000006fc   0x000006fc   0x00000082   Code   RO          136    .text.Radio_Reg_Init  radio.o
    0x0000077e   0x0000077e   0x00000002   PAD
    0x00000780   0x00000780   0x00000050   Code   RO          156    .text.Radio_Rx      radio.o
    0x000007d0   0x000007d0   0x00000060   Code   RO          160    .text.Radio_Rx_Ack  radio.o
    0x00000830   0x00000830   0x0000001c   Code   RO          106    .text.Radio_Rx_Extract_DstH  radio.o
    0x0000084c   0x0000084c   0x0000001c   Code   RO          108    .text.Radio_Rx_Extract_DstL  radio.o
    0x00000868   0x00000868   0x0000001c   Code   RO          102    .text.Radio_Rx_Extract_SrcH  radio.o
    0x00000884   0x00000884   0x0000001c   Code   RO          104    .text.Radio_Rx_Extract_SrcL  radio.o
    0x000008a0   0x000008a0   0x00000010   Code   RO          110    .text.Radio_Rx_Get_Buf  radio.o
    0x000008b0   0x000008b0   0x00000010   Code   RO          112    .text.Radio_Rx_Get_Data_Buf  radio.o
    0x000008c0   0x000008c0   0x00000010   Code   RO          114    .text.Radio_Rx_Get_Sys_Buf  radio.o
    0x000008d0   0x000008d0   0x00000036   Code   RO          152    .text.Radio_Start_Task  radio.o
    0x00000906   0x00000906   0x00000002   PAD
    0x00000908   0x00000908   0x00000048   Code   RO           78    .text.Radio_Struct_Init  radio.o
    0x00000950   0x00000950   0x00000044   Code   RO          154    .text.Radio_Tx      radio.o
    0x00000994   0x00000994   0x00000014   Code   RO           92    .text.Radio_Tx_Clear_System_Buf  radio.o
    0x000009a8   0x000009a8   0x0000001e   Code   RO           84    .text.Radio_Tx_Copy_Dst_Addr  radio.o
    0x000009c6   0x000009c6   0x00000002   PAD
    0x000009c8   0x000009c8   0x00000026   Code   RO           82    .text.Radio_Tx_Load_Dst_Addr  radio.o
    0x000009ee   0x000009ee   0x00000002   PAD
    0x000009f0   0x000009f0   0x00000014   Code   RO          343    .text.SystemCoreClockUpdate  system_nrf52.o
    0x00000a04   0x00000a04   0x00000188   Code   RO          345    .text.SystemInit    system_nrf52.o
    0x00000b8c   0x00000b8c   0x00000014   Code   RO           59    .text.Timeout_Arm   timeout.o
    0x00000ba0   0x00000ba0   0x0000000e   Code   RO           51    .text.Timeout_CurrVal_Clear  timeout.o
    0x00000bae   0x00000bae   0x00000002   PAD
    0x00000bb0   0x00000bb0   0x0000003c   Code   RO           27    .text.Timeout_Delay_1us  timeout.o
    0x00000bec   0x00000bec   0x00000034   Code   RO           37    .text.Timeout_Error_Assign  timeout.o
    0x00000c20   0x00000c20   0x0000000e   Code   RO           43    .text.Timeout_Error_Clear  timeout.o
    0x00000c2e   0x00000c2e   0x00000002   PAD
    0x00000c30   0x00000c30   0x0000001c   Code   RO           39    .text.Timeout_Error_Force_Assign  timeout.o
    0x00000c4c   0x00000c4c   0x0000000c   Code   RO           41    .text.Timeout_Error_Get  timeout.o
    0x00000c58   0x00000c58   0x00000008   Code   RO           63    .text.Timeout_Init  timeout.o
    0x00000c60   0x00000c60   0x00000036   Code   RO           35    .text.Timeout_Occured  timeout.o
    0x00000c96   0x00000c96   0x00000002   PAD
    0x00000c98   0x00000c98   0x0000000e   Code   RO           55    .text.Timeout_SetVal_Clear  timeout.o
    0x00000ca6   0x00000ca6   0x00000002   PAD
    0x00000ca8   0x00000ca8   0x00000020   Code   RO           33    .text.Timeout_Set_MicroSeconds  timeout.o
    0x00000cc8   0x00000cc8   0x0000000e   Code   RO           57    .text.Timeout_Status_Clear  timeout.o
    0x00000cd6   0x00000cd6   0x00000002   PAD
    0x00000cd8   0x00000cd8   0x0000000e   Code   RO           47    .text.Timeout_Sticky_Error_Clear  timeout.o
    0x00000ce6   0x00000ce6   0x00000002   PAD
    0x00000ce8   0x00000ce8   0x0000000c   Code   RO           45    .text.Timeout_Sticky_Error_Get  timeout.o
    0x00000cf4   0x00000cf4   0x00000036   Code   RO           23    .text.Timeout_Struct_Init  timeout.o
    0x00000d2a   0x00000d2a   0x00000002   PAD
    0x00000d2c   0x00000d2c   0x00000022   Code   RO          277    .text.UART_Buf_Flush  uart.o
    0x00000d4e   0x00000d4e   0x00000002   PAD
    0x00000d50   0x00000d50   0x0000000c   Code   RO          181    .text.UART_Config_BAUD_Rate  uart.o
    0x00000d5c   0x00000d5c   0x00000018   Code   RO          189    .text.UART_Config_Rx  uart.o
    0x00000d74   0x00000d74   0x00000018   Code   RO          187    .text.UART_Config_Tx  uart.o
    0x00000d8c   0x00000d8c   0x00000048   Code   RO          231    .text.UART_Determine_Digit_Numbers  uart.o
    0x00000dd4   0x00000dd4   0x00000018   Code   RO          183    .text.UART_Enable   uart.o
    0x00000dec   0x00000dec   0x00000024   Code   RO          319    .text.UART_Init     uart.o
    0x00000e10   0x00000e10   0x00000022   Code   RO          175    .text.UART_RX_Packet_Struct_Init  uart.o
    0x00000e32   0x00000e32   0x00000002   PAD
    0x00000e34   0x00000e34   0x0000004e   Code   RO          173    .text.UART_Struct_Init  uart.o
    0x00000e82   0x00000e82   0x00000002   PAD
    0x00000e84   0x00000e84   0x00000014   Code   RO          199    .text.UART_Timer_Struct_Init  uart.o
    0x00000e98   0x00000e98   0x0000003a   Code   RO          195    .text.UART_Tx_Byte  uart.o
    0x00000ed2   0x00000ed2   0x00000002   PAD
    0x00000ed4   0x00000ed4   0x00000010   Code   RO          217    .text.UART_Tx_NL    uart.o
    0x00000ee4   0x00000ee4   0x0000001e   Code   RO          235    .text.UART_Tx_Number  uart.o
    0x00000f02   0x00000f02   0x00000002   PAD
    0x00000f04   0x00000f04   0x00000024   Code   RO          233    .text.UART_Tx_Number_Digits  uart.o
    0x00000f28   0x00000f28   0x00000062   Code   RO          237    .text.UART_Tx_Number_Hex  uart.o
    0x00000f8a   0x00000f8a   0x00000002   PAD
    0x00000f8c   0x00000f8c   0x0000000c   Code   RO          247    .text.UART_Tx_Number_Hex_NL  uart.o
    0x00000f98   0x00000f98   0x0000000c   Code   RO          249    .text.UART_Tx_Number_Hex_SP  uart.o
    0x00000fa4   0x00000fa4   0x0000000c   Code   RO          241    .text.UART_Tx_Number_NL  uart.o
    0x00000fb0   0x00000fb0   0x0000000c   Code   RO          243    .text.UART_Tx_Number_SP  uart.o
    0x00000fbc   0x00000fbc   0x00000014   Code   RO          265    .text.UART_Tx_Parameter_Hex_NL  uart.o
    0x00000fd0   0x00000fd0   0x00000014   Code   RO          267    .text.UART_Tx_Parameter_Hex_SP  uart.o
    0x00000fe4   0x00000fe4   0x00000014   Code   RO          259    .text.UART_Tx_Parameter_NL  uart.o
    0x00000ff8   0x00000ff8   0x00000014   Code   RO          261    .text.UART_Tx_Parameter_SP  uart.o
    0x0000100c   0x0000100c   0x0000000a   Code   RO          219    .text.UART_Tx_SP    uart.o
    0x00001016   0x00001016   0x00000002   PAD
    0x00001018   0x00001018   0x00000022   Code   RO          223    .text.UART_Tx_Text  uart.o
    0x0000103a   0x0000103a   0x00000002   PAD
    0x0000103c   0x0000103c   0x0000000c   Code   RO          225    .text.UART_Tx_Text_NL  uart.o
    0x00001048   0x00001048   0x0000000a   Code   RO           14    .text.main          main.o
    0x00001052   0x00001052   0x00000002   PAD
    0x00001054   0x00001054   0x00000028   Code   RO          371    .text.nrf52_configuration_249  system_nrf52.o
    0x0000107c   0x0000107c   0x00000022   Code   RO          363    .text.nrf52_errata_108  system_nrf52.o
    0x0000109e   0x0000109e   0x00000002   PAD
    0x000010a0   0x000010a0   0x00000022   Code   RO          347    .text.nrf52_errata_12  system_nrf52.o
    0x000010c2   0x000010c2   0x00000002   PAD
    0x000010c4   0x000010c4   0x00000022   Code   RO          365    .text.nrf52_errata_136  system_nrf52.o
    0x000010e6   0x000010e6   0x00000002   PAD
    0x000010e8   0x000010e8   0x0000002a   Code   RO          349    .text.nrf52_errata_16  system_nrf52.o
    0x00001112   0x00001112   0x00000002   PAD
    0x00001114   0x00001114   0x00000030   Code   RO          367    .text.nrf52_errata_182  system_nrf52.o
    0x00001144   0x00001144   0x00000022   Code   RO          351    .text.nrf52_errata_31  system_nrf52.o
    0x00001166   0x00001166   0x00000002   PAD
    0x00001168   0x00001168   0x0000002a   Code   RO          353    .text.nrf52_errata_32  system_nrf52.o
    0x00001192   0x00001192   0x00000002   PAD
    0x00001194   0x00001194   0x00000022   Code   RO          355    .text.nrf52_errata_36  system_nrf52.o
    0x000011b6   0x000011b6   0x00000002   PAD
    0x000011b8   0x000011b8   0x0000002a   Code   RO          357    .text.nrf52_errata_37  system_nrf52.o
    0x000011e2   0x000011e2   0x00000002   PAD
    0x000011e4   0x000011e4   0x0000002a   Code   RO          359    .text.nrf52_errata_57  system_nrf52.o
    0x0000120e   0x0000120e   0x00000002   PAD
    0x00001210   0x00001210   0x0000004a   Code   RO          361    .text.nrf52_errata_66  system_nrf52.o
    0x0000125a   0x0000125a   0x00000002   PAD
    0x0000125c   0x0000125c   0x00000022   Code   RO          369    .text.nrf52_handle_approtect  system_nrf52.o
    0x0000127e   0x0000127e   0x0000001a   Code   RO          474    x$fpl$fpinit        fz_wm.l(fpinit.o)
    0x00001298   0x00001298   0x00000020   Data   RO          549    Region$$Table       anon$$obj.o


    Execution Region ER_RW (Exec base: 0x20000000, Load base: 0x000012b8, Size: 0x00000004, Max: 0xffffffff, ABSOLUTE)

    Exec Addr    Load Addr    Size         Type   Attr      Idx    E Section Name        Object

    0x20000000   0x000012b8   0x00000004   Data   RW          373    .data.SystemCoreClock  system_nrf52.o


    Execution Region ER_ZI (Exec base: 0x20000008, Load base: 0x000012bc, Size: 0x00002148, Max: 0xffffffff, ABSOLUTE)

    Exec Addr    Load Addr    Size         Type   Attr      Idx    E Section Name        Object

    0x20000008        -       0x00000060   Zero   RW          416    .bss                c_w.l(libspace.o)
    0x20000068        -       0x00000078   Zero   RW          164    .bss.Radio          radio.o
    0x200000e0        -       0x00000001   Zero   RW           65    .bss.Timeout.0      timeout.o
    0x200000e1   0x000012bc   0x00000001   PAD
    0x200000e2        -       0x00000001   Zero   RW           66    .bss.Timeout.1      timeout.o
    0x200000e3   0x000012bc   0x00000001   PAD
    0x200000e4        -       0x00000001   Zero   RW           67    .bss.Timeout.2      timeout.o
    0x200000e5   0x000012bc   0x00000003   PAD
    0x200000e8        -       0x00000004   Zero   RW           68    .bss.Timeout.3      timeout.o
    0x200000ec        -       0x00000004   Zero   RW           69    .bss.Timeout.4      timeout.o
    0x200000f0        -       0x0000005a   Zero   RW          321    .bss.UART           uart.o
    0x2000014a   0x000012bc   0x00000006   PAD
    0x20000150        -       0x00001000   Zero   RW          330    HEAP                arm_startup_nrf52.o
    0x20001150        -       0x00001000   Zero   RW          329    STACK               arm_startup_nrf52.o


==============================================================================

Image component sizes


      Code (inc. data)   RO Data    RW Data    ZI Data      Debug   Object Name

       264         60          0          0          0        793   app.o
        64         26        512          0       8192        948   arm_startup_nrf52.o
        10          0          0          0          0        362   main.o
      1330          0          0          0        120      11726   radio.o
       946          0          0          4          0       9078   system_nrf52.o
       402          0          0          0         11       3440   timeout.o
       780          0          0          0         90      15142   uart.o

    ----------------------------------------------------------------------
      3862         86        544          4       8424      41489   Object Totals
         0          0         32          0          0          0   (incl. Generated)
        66          0          0          0         11          0   (incl. Padding)

    ----------------------------------------------------------------------

      Code (inc. data)   RO Data    RW Data    ZI Data      Debug   Library Member Name

         8          0          0          0          0         68   __main.o
         0          0          0          0          0          0   __rtentry.o
        12          0          0          0          0          0   __rtentry2.o
         6          0          0          0          0          0   __rtentry4.o
        52          8          0          0          0          0   __scatter.o
        26          0          0          0          0          0   __scatter_copy.o
        28          0          0          0          0          0   __scatter_zi.o
        18          0          0          0          0         80   exit.o
         6          0          0          0          0        152   heapauxi.o
         0          0          0          0          0          0   indicate_semi.o
         2          0          0          0          0          0   libinit.o
         6          0          0          0          0          0   libinit2.o
         2          0          0          0          0          0   libshutdown.o
         2          0          0          0          0          0   libshutdown2.o
         8          4          0          0         96         68   libspace.o
        78          0          0          0          0         80   rt_memclr_w.o
         2          0          0          0          0          0   rtexit.o
        10          0          0          0          0          0   rtexit2.o
        12          4          0          0          0         68   sys_exit.o
        74          0          0          0          0         80   sys_stackheap_outer.o
         2          0          0          0          0         68   use_no_semi.o
        26          0          0          0          0        116   fpinit.o

    ----------------------------------------------------------------------
       386         16          0          0         96        780   Library Totals
         6          0          0          0          0          0   (incl. Padding)

    ----------------------------------------------------------------------

      Code (inc. data)   RO Data    RW Data    ZI Data      Debug   Library Name

       354         16          0          0         96        664   c_w.l
        26          0          0          0          0        116   fz_wm.l

    ----------------------------------------------------------------------
       386         16          0          0         96        780   Library Totals

    ----------------------------------------------------------------------

==============================================================================


      Code (inc. data)   RO Data    RW Data    ZI Data      Debug   

      4248        102        544          4       8520      41961   Grand Totals
      4248        102        544          4       8520      41961   ELF Image Totals
      4248        102        544          4          0          0   ROM Totals

==============================================================================

    Total RO  Size (Code + RO Data)                 4792 (   4.68kB)
    Total RW  Size (RW Data + ZI Data)              8524 (   8.32kB)
    Total ROM Size (Code + RO Data + RW Data)       4796 (   4.68kB)

==============================================================================

