Component: ARM Compiler 6.16 Tool: armlink [5dfeaa00]

==============================================================================

Section Cross References

    app.o(.text.App_Config) refers to clocks.o(.text.Clock_Init) for Clock_Init
    app.o(.text.App_Config) refers to timeout.o(.text.Timeout_Init) for Timeout_Init
    app.o(.text.App_Config) refers to led.o(.text.LED_Init) for LED_Init
    app.o(.text.App_Config) refers to radio.o(.text.Radio_Init) for Radio_Init
    app.o(.ARM.exidx.text.App_Config) refers to app.o(.text.App_Config) for [Anonymous Symbol]
    app.o(.text.App_Mainloop) refers to timeout.o(.text.Timeout_Occured_Flag_Get) for Timeout_Occured_Flag_Get
    app.o(.text.App_Mainloop) refers to app.o(.bss.buf) for buf
    app.o(.text.App_Mainloop) refers to radio.o(.text.Radio_Tx_Packet) for Radio_Tx_Packet
    app.o(.text.App_Mainloop) refers to radio.o(.text.Radio_Power_Down) for Radio_Power_Down
    app.o(.text.App_Mainloop) refers to timeout.o(.text.Timeout_Set_MicroSeconds) for Timeout_Set_MicroSeconds
    app.o(.text.App_Mainloop) refers to radio.o(.text.Radio_Tx_Complete_Handler) for Radio_Tx_Complete_Handler
    app.o(.ARM.exidx.text.App_Mainloop) refers to app.o(.text.App_Mainloop) for [Anonymous Symbol]
    main.o(.text.main) refers to app.o(.text.App_Config) for App_Config
    main.o(.text.main) refers to app.o(.text.App_Mainloop) for App_Mainloop
    main.o(.ARM.exidx.text.main) refers to main.o(.text.main) for [Anonymous Symbol]
    timeout.o(.text.Timeout_Struct_Init) refers to timeout.o(.bss.Timeout) for Timeout
    timeout.o(.ARM.exidx.text.Timeout_Struct_Init) refers to timeout.o(.text.Timeout_Struct_Init) for [Anonymous Symbol]
    timeout.o(.text.Timeout_Reg_Init) refers to clocks.o(.text.Clock_LFCLK_RC_Start) for Clock_LFCLK_RC_Start
    timeout.o(.text.Timeout_Reg_Init) refers to timeout.o(.text.__NVIC_EnableIRQ) for __NVIC_EnableIRQ
    timeout.o(.ARM.exidx.text.Timeout_Reg_Init) refers to timeout.o(.text.Timeout_Reg_Init) for [Anonymous Symbol]
    timeout.o(.ARM.exidx.text.__NVIC_EnableIRQ) refers to timeout.o(.text.__NVIC_EnableIRQ) for [Anonymous Symbol]
    timeout.o(.text.RTC0_IRQHandler) refers to timeout.o(.bss.Timeout) for Timeout
    timeout.o(.ARM.exidx.text.RTC0_IRQHandler) refers to timeout.o(.text.RTC0_IRQHandler) for [Anonymous Symbol]
    timeout.o(.text.Timeout_Clear_Events) refers to timeout.o(.bss.Timeout) for Timeout
    timeout.o(.ARM.exidx.text.Timeout_Clear_Events) refers to timeout.o(.text.Timeout_Clear_Events) for [Anonymous Symbol]
    timeout.o(.text.Timeout_Set_MicroSeconds) refers to timeout.o(.bss.Timeout) for Timeout
    timeout.o(.ARM.exidx.text.Timeout_Set_MicroSeconds) refers to timeout.o(.text.Timeout_Set_MicroSeconds) for [Anonymous Symbol]
    timeout.o(.text.Timeout_Error_Assign) refers to timeout.o(.text.Timeout_Occured_Flag_Get) for Timeout_Occured_Flag_Get
    timeout.o(.text.Timeout_Error_Assign) refers to timeout.o(.bss.Timeout) for Timeout
    timeout.o(.ARM.exidx.text.Timeout_Error_Assign) refers to timeout.o(.text.Timeout_Error_Assign) for [Anonymous Symbol]
    timeout.o(.text.Timeout_Occured_Flag_Get) refers to timeout.o(.bss.Timeout) for Timeout
    timeout.o(.ARM.exidx.text.Timeout_Occured_Flag_Get) refers to timeout.o(.text.Timeout_Occured_Flag_Get) for [Anonymous Symbol]
    timeout.o(.text.Timeout_Error_Force_Assign) refers to timeout.o(.bss.Timeout) for Timeout
    timeout.o(.ARM.exidx.text.Timeout_Error_Force_Assign) refers to timeout.o(.text.Timeout_Error_Force_Assign) for [Anonymous Symbol]
    timeout.o(.text.Timeout_Error_Get) refers to timeout.o(.bss.Timeout) for Timeout
    timeout.o(.ARM.exidx.text.Timeout_Error_Get) refers to timeout.o(.text.Timeout_Error_Get) for [Anonymous Symbol]
    timeout.o(.text.Timeout_Error_Clear) refers to timeout.o(.bss.Timeout) for Timeout
    timeout.o(.ARM.exidx.text.Timeout_Error_Clear) refers to timeout.o(.text.Timeout_Error_Clear) for [Anonymous Symbol]
    timeout.o(.text.Timeout_Sticky_Error_Get) refers to timeout.o(.bss.Timeout) for Timeout
    timeout.o(.ARM.exidx.text.Timeout_Sticky_Error_Get) refers to timeout.o(.text.Timeout_Sticky_Error_Get) for [Anonymous Symbol]
    timeout.o(.text.Timeout_Sticky_Error_Clear) refers to timeout.o(.bss.Timeout) for Timeout
    timeout.o(.ARM.exidx.text.Timeout_Sticky_Error_Clear) refers to timeout.o(.text.Timeout_Sticky_Error_Clear) for [Anonymous Symbol]
    timeout.o(.text.Timeout_Status_Get) refers to timeout.o(.bss.Timeout) for Timeout
    timeout.o(.ARM.exidx.text.Timeout_Status_Get) refers to timeout.o(.text.Timeout_Status_Get) for [Anonymous Symbol]
    timeout.o(.text.Timeout_Status_Clear) refers to timeout.o(.bss.Timeout) for Timeout
    timeout.o(.ARM.exidx.text.Timeout_Status_Clear) refers to timeout.o(.text.Timeout_Status_Clear) for [Anonymous Symbol]
    timeout.o(.text.Timeout_Occured_Flag_Clear) refers to timeout.o(.bss.Timeout) for Timeout
[...]
    __rtentry.o(.ARM.Collect$$rtentry$$00000000) refers (Special) to __rtentry2.o(.ARM.Collect$$rtentry$$00000009) for __rt_entry_postsh_1
    __rtentry.o(.ARM.Collect$$rtentry$$00000000) refers (Special) to __rtentry2.o(.ARM.Collect$$rtentry$$00000002) for __rt_entry_presh_1
    __rtentry.o(.ARM.Collect$$rtentry$$00000000) refers (Special) to __rtentry4.o(.ARM.Collect$$rtentry$$00000004) for __rt_entry_sh
    __rtentry2.o(.ARM.Collect$$rtentry$$00000008) refers to boardinit2.o(.text) for _platform_post_stackheap_init
    __rtentry2.o(.ARM.Collect$$rtentry$$0000000A) refers to libinit.o(.ARM.Collect$$libinit$$00000000) for __rt_lib_init
    __rtentry2.o(.ARM.Collect$$rtentry$$0000000B) refers to boardinit3.o(.text) for _platform_post_lib_init
    __rtentry2.o(.ARM.Collect$$rtentry$$0000000D) refers to main.o(.text.main) for main
    __rtentry2.o(.ARM.Collect$$rtentry$$0000000D) refers to exit.o(.text) for exit
    __rtentry2.o(.ARM.exidx) refers to __rtentry2.o(.ARM.Collect$$rtentry$$00000001) for .ARM.Collect$$rtentry$$00000001
    __rtentry2.o(.ARM.exidx) refers to __rtentry2.o(.ARM.Collect$$rtentry$$00000008) for .ARM.Collect$$rtentry$$00000008
    __rtentry2.o(.ARM.exidx) refers to __rtentry2.o(.ARM.Collect$$rtentry$$0000000A) for .ARM.Collect$$rtentry$$0000000A
    __rtentry2.o(.ARM.exidx) refers to __rtentry2.o(.ARM.Collect$$rtentry$$0000000B) for .ARM.Collect$$rtentry$$0000000B
    __rtentry2.o(.ARM.exidx) refers to __rtentry2.o(.ARM.Collect$$rtentry$$0000000D) for .ARM.Collect$$rtentry$$0000000D
    __rtentry4.o(.ARM.Collect$$rtentry$$00000004) refers to sys_stackheap_outer.o(.text) for __user_setup_stackheap
    __rtentry4.o(.ARM.exidx) refers to __rtentry4.o(.ARM.Collect$$rtentry$$00000004) for .ARM.Collect$$rtentry$$00000004
    sys_stackheap_outer.o(.text) refers to libspace.o(.text) for __user_perproc_libspace
    sys_stackheap_outer.o(.text) refers to arm_startup_nrf52.o(.text) for __user_initial_stackheap
    exit.o(.text) refers to rtexit.o(.ARM.Collect$$rtexit$$00000000) for __rt_exit
    libinit.o(.ARM.Collect$$libinit$$00000000) refers (Special) to libinit2.o(.ARM.Collect$$libinit$$0000002E) for __rt_lib_init_alloca_1
    libinit.o(.ARM.Collect$$libinit$$00000000) refers (Special) to libinit2.o(.ARM.Collect$$libinit$$0000002C) for __rt_lib_init_argv_1
    libinit.o(.ARM.Collect$$libinit$$00000000) refers (Special) to libinit2.o(.ARM.Collect$$libinit$$0000001B) for __rt_lib_init_atexit_1
    libinit.o(.ARM.Collect$$libinit$$00000000) refers (Special) to libinit2.o(.ARM.Collect$$libinit$$00000021) for __rt_lib_init_clock_1
    libinit.o(.ARM.Collect$$libinit$$00000000) refers (Special) to libinit2.o(.ARM.Collect$$libinit$$00000032) for __rt_lib_init_cpp_1
    libinit.o(.ARM.Collect$$libinit$$00000000) refers (Special) to libinit2.o(.ARM.Collect$$libinit$$00000030) for __rt_lib_init_exceptions_1
    libinit.o(.ARM.Collect$$libinit$$00000000) refers (Special) to libinit2.o(.ARM.Collect$$libinit$$00000001) for __rt_lib_init_fp_1
    libinit.o(.ARM.Collect$$libinit$$00000000) refers (Special) to libinit2.o(.ARM.Collect$$libinit$$0000001F) for __rt_lib_init_fp_trap_1
    libinit.o(.ARM.Collect$$libinit$$00000000) refers (Special) to libinit2.o(.ARM.Collect$$libinit$$00000023) for __rt_lib_init_getenv_1
    libinit.o(.ARM.Collect$$libinit$$00000000) refers (Special) to libinit2.o(.ARM.Collect$$libinit$$0000000A) for __rt_lib_init_heap_1
    libinit.o(.ARM.Collect$$libinit$$00000000) refers (Special) to libinit2.o(.ARM.Collect$$libinit$$00000011) for __rt_lib_init_lc_collate_1
    libinit.o(.ARM.Collect$$libinit$$00000000) refers (Special) to libinit2.o(.ARM.Collect$$libinit$$00000013) for __rt_lib_init_lc_ctype_1
    libinit.o(.ARM.Collect$$libinit$$00000000) refers (Special) to libinit2.o(.ARM.Collect$$libinit$$00000015) for __rt_lib_init_lc_monetary_1
    libinit.o(.ARM.Collect$$libinit$$00000000) refers (Special) to libinit2.o(.ARM.Collect$$libinit$$00000017) for __rt_lib_init_lc_numeric_1
    libinit.o(.ARM.Collect$$libinit$$00000000) refers (Special) to libinit2.o(.ARM.Collect$$libinit$$00000019) for __rt_lib_init_lc_time_1
    libinit.o(.ARM.Collect$$libinit$$00000000) refers (Special) to libinit2.o(.ARM.Collect$$libinit$$00000004) for __rt_lib_init_preinit_1
    libinit.o(.ARM.Collect$$libinit$$00000000) refers (Special) to libinit2.o(.ARM.Collect$$libinit$$0000000E) for __rt_lib_init_rand_1
    libinit.o(.ARM.Collect$$libinit$$00000000) refers (Special) to libinit2.o(.ARM.Collect$$libinit$$00000033) for __rt_lib_init_return
    libinit.o(.ARM.Collect$$libinit$$00000000) refers (Special) to libinit2.o(.ARM.Collect$$libinit$$0000001D) for __rt_lib_init_signal_1
    libinit.o(.ARM.Collect$$libinit$$00000000) refers (Special) to libinit2.o(.ARM.Collect$$libinit$$00000025) for __rt_lib_init_stdio_1
    libinit.o(.ARM.Collect$$libinit$$00000000) refers (Special) to libinit2.o(.ARM.Collect$$libinit$$0000000C) for __rt_lib_init_user_alloc_1
    libspace.o(.text) refers to libspace.o(.bss) for __libspace_start
    rtexit.o(.ARM.Collect$$rtexit$$00000000) refers (Special) to rtexit2.o(.ARM.Collect$$rtexit$$00000004) for __rt_exit_exit
    rtexit.o(.ARM.Collect$$rtexit$$00000000) refers (Special) to rtexit2.o(.ARM.Collect$$rtexit$$00000003) for __rt_exit_ls
    rtexit.o(.ARM.Collect$$rtexit$$00000000) refers (Special) to rtexit2.o(.ARM.Collect$$rtexit$$00000002) for __rt_exit_prels_1
    rtexit.o(.ARM.exidx) refers (Special) to rtexit2.o(.ARM.Collect$$rtexit$$00000004) for __rt_exit_exit
    rtexit.o(.ARM.exidx) refers (Special) to rtexit2.o(.ARM.Collect$$rtexit$$00000003) for __rt_exit_ls
    rtexit.o(.ARM.exidx) refers (Special) to rtexit2.o(.ARM.Collect$$rtexit$$00000002) for __rt_exit_prels_1
    rtexit.o(.ARM.exidx) refers to rtexit.o(.ARM.Collect$$rtexit$$00000000) for .ARM.Collect$$rtexit$$00000000
    libinit2.o(.ARM.Collect$$libinit$$00000001) refers to fpinit.o(x$fpl$fpinit) for _fp_init
    libinit2.o(.ARM.Collect$$libinit$$00000010) refers to libinit2.o(.ARM.Collect$$libinit$$0000000F) for .ARM.Collect$$libinit$$0000000F
    libinit2.o(.ARM.Collect$$libinit$$00000012) refers to libinit2.o(.ARM.Collect$$libinit$$0000000F) for .ARM.Collect$$libinit$$0000000F
    libinit2.o(.ARM.Collect$$libinit$$00000014) refers to libinit2.o(.ARM.Collect$$libinit$$0000000F) for .ARM.Collect$$libinit$$0000000F
    libinit2.o(.ARM.Collect$$libinit$$00000016) refers to libinit2.o(.ARM.Collect$$libinit$$0000000F) for .ARM.Collect$$libinit$$0000000F
    libinit2.o(.ARM.Collect$$libinit$$00000018) refers to libinit2.o(.ARM.Collect$$libinit$$0000000F) for .ARM.Collect$$libinit$$0000000F
    libinit2.o(.ARM.Collect$$libinit$$00000026) refers to argv_veneer.o(.emb_text) for __ARM_argv_veneer
    libinit2.o(.ARM.Collect$$libinit$$00000027) refers to argv_veneer.o(.emb_text) for __ARM_argv_veneer
    rtexit2.o(.ARM.Collect$$rtexit$$00000003) refers to libshutdown.o(.ARM.Collect$$libshutdown$$00000000) for __rt_lib_shutdown
    rtexit2.o(.ARM.Collect$$rtexit$$00000004) refers to sys_exit.o(.text) for _sys_exit
    rtexit2.o(.ARM.exidx) refers to rtexit2.o(.ARM.Collect$$rtexit$$00000001) for .ARM.Collect$$rtexit$$00000001
    rtexit2.o(.ARM.exidx) refers to rtexit2.o(.ARM.Collect$$rtexit$$00000003) for .ARM.Collect$$rtexit$$00000003
    rtexit2.o(.ARM.exidx) refers to rtexit2.o(.ARM.Collect$$rtexit$$00000004) for .ARM.Collect$$rtexit$$00000004
    argv_veneer.o(.emb_text) refers to no_argv.o(.text) for __ARM_get_argv
    sys_exit.o(.text) refers (Special) to use_no_semi.o(.text) for __I$use$semihosting
    sys_exit.o(.text) refers (Special) to indicate_semi.o(.text) for __semihosting_library_function
    sys_exit_hlt.o(.text) refers (Special) to use_no_semi.o(.text) for __I$use$semihosting
    sys_exit_hlt.o(.text) refers (Special) to indicate_semi.o(.text) for __semihosting_library_function
    _get_argv_nomalloc.o(.text) refers (Special) to hrguard.o(.text) for __heap_region$guard
    _get_argv_nomalloc.o(.text) refers to defsig_rtmem_outer.o(.text) for __rt_SIGRTMEM
    _get_argv_nomalloc.o(.text) refers to sys_command.o(.text) for _sys_command_string
    libshutdown.o(.ARM.Collect$$libshutdown$$00000000) refers (Special) to libshutdown2.o(.ARM.Collect$$libshutdown$$00000002) for __rt_lib_shutdown_cpp_1
    libshutdown.o(.ARM.Collect$$libshutdown$$00000000) refers (Special) to libshutdown2.o(.ARM.Collect$$libshutdown$$00000007) for __rt_lib_shutdown_fp_trap_1
    libshutdown.o(.ARM.Collect$$libshutdown$$00000000) refers (Special) to libshutdown2.o(.ARM.Collect$$libshutdown$$0000000F) for __rt_lib_shutdown_heap_1
    libshutdown.o(.ARM.Collect$$libshutdown$$00000000) refers (Special) to libshutdown2.o(.ARM.Collect$$libshutdown$$00000010) for __rt_lib_shutdown_return
    libshutdown.o(.ARM.Collect$$libshutdown$$00000000) refers (Special) to libshutdown2.o(.ARM.Collect$$libshutdown$$0000000A) for __rt_lib_shutdown_signal_1
    libshutdown.o(.ARM.Collect$$libshutdown$$00000000) refers (Special) to libshutdown2.o(.ARM.Collect$$libshutdown$$00000004) for __rt_lib_shutdown_stdio_1
    libshutdown.o(.ARM.Collect$$libshutdown$$00000000) refers (Special) to libshutdown2.o(.ARM.Collect$$libshutdown$$0000000C) for __rt_lib_shutdown_user_alloc_1
    sys_command.o(.text) refers (Special) to use_no_semi.o(.text) for __I$use$semihosting
    sys_command.o(.text) refers (Special) to indicate_semi.o(.text) for __semihosting_library_function
    sys_command_hlt.o(.text) refers (Special) to use_no_semi.o(.text) for __I$use$semihosting
    sys_command_hlt.o(.text) refers (Special) to indicate_semi.o(.text) for __semihosting_library_function
    defsig_rtmem_outer.o(.text) refers to defsig_rtmem_inner.o(.text) for __rt_SIGRTMEM_inner
    defsig_rtmem_outer.o(.text) refers to defsig_exit.o(.text) for __sig_exit
    defsig_rtmem_formal.o(.text) refers to rt_raise.o(.text) for __rt_raise
    rt_raise.o(.text) refers to __raise.o(.text) for __raise
    rt_raise.o(.text) refers to sys_exit.o(.text) for _sys_exit
    defsig_exit.o(.text) refers to sys_exit.o(.text) for _sys_exit
    defsig_rtmem_inner.o(.text) refers to defsig_general.o(.text) for __default_signal_display
    __raise.o(.text) refers to defsig.o(CL$$defsig) for __default_signal_handler
    defsig_general.o(.text) refers to sys_wrch.o(.text) for _ttywrch
    sys_wrch.o(.text) refers (Special) to use_no_semi.o(.text) for __I$use$semihosting
    sys_wrch.o(.text) refers (Special) to indicate_semi.o(.text) for __semihosting_library_function
    sys_wrch_hlt.o(.text) refers (Special) to use_no_semi.o(.text) for __I$use$semihosting
    sys_wrch_hlt.o(.text) refers (Special) to indicate_semi.o(.text) for __semihosting_library_function
    defsig.o(CL$$defsig) refers to defsig_rtmem_inner.o(.text) for __rt_SIGRTMEM_inner
    defsig_abrt_inner.o(.text) refers to defsig_general.o(.text) for __default_signal_display
    defsig_fpe_inner.o(.text) refers to defsig_general.o(.text) for __default_signal_display
    defsig_rtred_inner.o(.text) refers to defsig_general.o(.text) for __default_signal_display
    defsig_stak_inner.o(.text) refers to defsig_general.o(.text) for __default_signal_display
    defsig_pvfn_inner.o(.text) refers to defsig_general.o(.text) for __default_signal_display
    defsig_cppl_inner.o(.text) refers to defsig_general.o(.text) for __default_signal_display
    defsig_segv_inner.o(.text) refers to defsig_general.o(.text) for __default_signal_display
    defsig_other.o(.text) refers to defsig_general.o(.text) for __default_signal_display


==============================================================================

Removing Unused input sections from the image.

    Removing app.o(.text), (0 bytes).
    Removing app.o(.ARM.exidx.text.App_Config), (8 bytes).
    Removing app.o(.ARM.exidx.text.App_Mainloop), (8 bytes).
    Removing app.o(.bss.loop_cnt), (4 bytes).
    Removing app.o(.bss.state), (4 bytes).
    Removing main.o(.text), (0 bytes).
    Removing main.o(.ARM.exidx.text.main), (8 bytes).
    Removing main.o(.ARM.use_no_argv), (4 bytes).
    Removing timeout.o(.text), (0 bytes).
    Removing timeout.o(.ARM.exidx.text.Timeout_Struct_Init), (8 bytes).
    Removing timeout.o(.ARM.exidx.text.Timeout_Reg_Init), (8 bytes).
    Removing timeout.o(.ARM.exidx.text.__NVIC_EnableIRQ), (8 bytes).
    Removing timeout.o(.ARM.exidx.text.RTC0_IRQHandler), (8 bytes).
    Removing timeout.o(.ARM.exidx.text.Timeout_Clear_Events), (8 bytes).
    Removing timeout.o(.ARM.exidx.text.Timeout_Set_MicroSeconds), (8 bytes).
    Removing timeout.o(.ARM.exidx.text.Timeout_Error_Assign), (8 bytes).
    Removing timeout.o(.ARM.exidx.text.Timeout_Occured_Flag_Get), (8 bytes).
    Removing timeout.o(.text.Timeout_Error_Force_Assign), (20 bytes).
    Removing timeout.o(.ARM.exidx.text.Timeout_Error_Force_Assign), (8 bytes).
    Removing timeout.o(.text.Timeout_Error_Get), (12 bytes).
    Removing timeout.o(.ARM.exidx.text.Timeout_Error_Get), (8 bytes).
    Removing timeout.o(.ARM.exidx.text.Timeout_Error_Clear), (8 bytes).
    Removing timeout.o(.text.Timeout_Sticky_Error_Get), (12 bytes).
    Removing timeout.o(.ARM.exidx.text.Timeout_Sticky_Error_Get), (8 bytes).
    Removing timeout.o(.text.Timeout_Sticky_Error_Clear), (14 bytes).
    Removing timeout.o(.ARM.exidx.text.Timeout_Sticky_Error_Clear), (8 bytes).
    Removing timeout.o(.text.Timeout_Status_Get), (12 bytes).
    Removing timeout.o(.ARM.exidx.text.Timeout_Status_Get), (8 bytes).
    Removing timeout.o(.text.Timeout_Status_Clear), (14 bytes).
    Removing timeout.o(.ARM.exidx.text.Timeout_Status_Clear), (8 bytes).
    Removing timeout.o(.text.Timeout_Occured_Flag_Clear), (14 bytes).
    Removing timeout.o(.ARM.exidx.text.Timeout_Occured_Flag_Clear), (8 bytes).
    Removing timeout.o(.text.Timeout_Arm), (16 bytes).
    Removing timeout.o(.ARM.exidx.text.Timeout_Arm), (8 bytes).
    Removing timeout.o(.text.Timeout_Handler), (2 bytes).
    Removing timeout.o(.ARM.exidx.text.Timeout_Handler), (8 bytes).
    Removing timeout.o(.ARM.exidx.text.Timeout_Init), (8 bytes).
    Removing radio.o(.text), (0 bytes).
    Removing radio.o(.ARM.exidx.text.Radio_Struct_Init), (8 bytes).
    Removing radio.o(.text.Radio_Tx_Set_Dst_Addr), (58 bytes).
    Removing radio.o(.ARM.exidx.text.Radio_Tx_Set_Dst_Addr), (8 bytes).
    Removing radio.o(.text.Radio_Tx_Reload_Dst_Addr), (58 bytes).
    Removing radio.o(.ARM.exidx.text.Radio_Tx_Reload_Dst_Addr), (8 bytes).
    Removing radio.o(.text.Radio_Tx_Copy_Dst_Addr), (26 bytes).
    Removing radio.o(.ARM.exidx.text.Radio_Tx_Copy_Dst_Addr), (8 bytes).
    Removing radio.o(.text.Radio_Tx_Set_Len), (16 bytes).
    Removing radio.o(.ARM.exidx.text.Radio_Tx_Set_Len), (8 bytes).
    Removing radio.o(.text.Radio_Tx_Set_PID), (16 bytes).
    Removing radio.o(.ARM.exidx.text.Radio_Tx_Set_PID), (8 bytes).
    Removing radio.o(.ARM.exidx.text.Radio_Len_PID_Update), (8 bytes).
    Removing radio.o(.text.Radio_Tx_Clear_Data_Buf), (28 bytes).
    Removing radio.o(.ARM.exidx.text.Radio_Tx_Clear_Data_Buf), (8 bytes).
    Removing radio.o(.text.Radio_Tx_Set_Data_Buf), (22 bytes).
    Removing radio.o(.ARM.exidx.text.Radio_Tx_Set_Data_Buf), (8 bytes).
    Removing radio.o(.text.Radio_Rx_Extract_SrcAddr), (44 bytes).
    Removing radio.o(.ARM.exidx.text.Radio_Rx_Extract_SrcAddr), (8 bytes).
    Removing radio.o(.text.Radio_Rx_Extract_DstAddr), (44 bytes).
    Removing radio.o(.ARM.exidx.text.Radio_Rx_Extract_DstAddr), (8 bytes).
    Removing radio.o(.text.Radio_Rx_Data_Buf_Get), (16 bytes).
    Removing radio.o(.ARM.exidx.text.Radio_Rx_Data_Buf_Get), (8 bytes).
    Removing radio.o(.text.Radio_Rx_Data_Len_Get), (14 bytes).
    Removing radio.o(.ARM.exidx.text.Radio_Rx_Data_Len_Get), (8 bytes).
    Removing radio.o(.text.Radio_Rx_Buf_Get), (16 bytes).
    Removing radio.o(.ARM.exidx.text.Radio_Rx_Buf_Get), (8 bytes).
    Removing radio.o(.text.Radio_Rx_Len_Get), (18 bytes).
    Removing radio.o(.ARM.exidx.text.Radio_Rx_Len_Get), (8 bytes).
    Removing radio.o(.ARM.exidx.text.Radio_CRC_Calculate_Byte), (8 bytes).
    Removing radio.o(.ARM.exidx.text.Radio_CRC_Calculate_Block), (8 bytes).
    Removing radio.o(.text.Radio_HFCLK_Start), (80 bytes).
    Removing radio.o(.ARM.exidx.text.Radio_HFCLK_Start), (8 bytes).
    Removing radio.o(.ARM.exidx.text.Radio_HFCLK_Stop), (8 bytes).
    Removing radio.o(.ARM.exidx.text.Radio_Reg_Init), (8 bytes).
    Removing radio.o(.ARM.exidx.text.__NVIC_EnableIRQ), (8 bytes).
    Removing radio.o(.ARM.exidx.text.Radio_Power_Enable), (8 bytes).
    Removing radio.o(.ARM.exidx.text.Radio_Power_Disable), (8 bytes).
    Removing radio.o(.text.Radio_Active), (20 bytes).
    Removing radio.o(.ARM.exidx.text.Radio_Active), (8 bytes).
    Removing radio.o(.ARM.exidx.text.Radio_Power_Down), (8 bytes).
    Removing radio.o(.ARM.exidx.text.Radio_Mode_Disable), (8 bytes).
    Removing radio.o(.text.Radio_Mode_Tx), (76 bytes).
    Removing radio.o(.ARM.exidx.text.Radio_Mode_Tx), (8 bytes).
    Removing radio.o(.text.Radio_Mode_Rx), (86 bytes).
    Removing radio.o(.ARM.exidx.text.Radio_Mode_Rx), (8 bytes).
    Removing radio.o(.text.Radio_Start_Task), (52 bytes).
    Removing radio.o(.ARM.exidx.text.Radio_Start_Task), (8 bytes).
    Removing radio.o(.text.Radio_Tx), (68 bytes).
    Removing radio.o(.ARM.exidx.text.Radio_Tx), (8 bytes).
    Removing radio.o(.text.Radio_Tx_Low_Power), (52 bytes).
    Removing radio.o(.ARM.exidx.text.Radio_Tx_Low_Power), (8 bytes).
    Removing radio.o(.text.Radio_Rx), (120 bytes).
    Removing radio.o(.ARM.exidx.text.Radio_Rx), (8 bytes).
    Removing radio.o(.text.Radio_Tx_Ack), (48 bytes).
    Removing radio.o(.ARM.exidx.text.Radio_Tx_Ack), (8 bytes).
    Removing radio.o(.text.Radio_Rx_Ack), (174 bytes).
    Removing radio.o(.ARM.exidx.text.Radio_Rx_Ack), (8 bytes).
    Removing radio.o(.ARM.exidx.text.Radio_Tx_Packet), (8 bytes).
    Removing radio.o(.ARM.exidx.text.RADIO_IRQHandler), (8 bytes).
    Removing radio.o(.ARM.exidx.text.Radio_Tx_Complete_Handler), (8 bytes).
    Removing radio.o(.text.Radio_Rx_SrcAddr_Get), (14 bytes).
    Removing radio.o(.ARM.exidx.text.Radio_Rx_SrcAddr_Get), (8 bytes).
    Removing radio.o(.text.Radio_Rx_DstAddr_Get), (14 bytes).
    Removing radio.o(.ARM.exidx.text.Radio_Rx_DstAddr_Get), (8 bytes).
    Removing radio.o(.text.Radio_Rx_CRC16_Get), (14 bytes).
    Removing radio.o(.ARM.exidx.text.Radio_Rx_CRC16_Get), (8 bytes).
    Removing radio.o(.text.Radio_Rx_CRCSts_Get), (14 bytes).
    Removing radio.o(.ARM.exidx.text.Radio_Rx_CRCSts_Get), (8 bytes).
    Removing radio.o(.text.Radio_Rx_RetryEn_Get), (12 bytes).
    Removing radio.o(.ARM.exidx.text.Radio_Rx_RetryEn_Get), (8 bytes).
    Removing radio.o(.ARM.exidx.text.Radio_Init), (8 bytes).
    Removing uart.o(.text), (0 bytes).
    Removing uart.o(.text.UART_Struct_Init), (78 bytes).
    Removing uart.o(.ARM.exidx.text.UART_Struct_Init), (8 bytes).
    Removing uart.o(.text.UART_RX_Packet_Struct_Init), (34 bytes).
    Removing uart.o(.ARM.exidx.text.UART_RX_Packet_Struct_Init), (8 bytes).
    Removing uart.o(.text.UART_Config_GPIO), (2 bytes).
    Removing uart.o(.ARM.exidx.text.UART_Config_GPIO), (8 bytes).
    Removing uart.o(.text.UART_Config_Clock), (2 bytes).
    Removing uart.o(.ARM.exidx.text.UART_Config_Clock), (8 bytes).
    Removing uart.o(.text.UART_Config_BAUD_Rate), (12 bytes).
    Removing uart.o(.ARM.exidx.text.UART_Config_BAUD_Rate), (8 bytes).
    Removing uart.o(.text.UART_Config_Tx), (36 bytes).
    Removing uart.o(.ARM.exidx.text.UART_Config_Tx), (8 bytes).
    Removing uart.o(.text.UART_Config_Rx), (36 bytes).
    Removing uart.o(.ARM.exidx.text.UART_Config_Rx), (8 bytes).
    Removing uart.o(.text.UART_Config_Rx_Interrupt), (2 bytes).
    Removing uart.o(.ARM.exidx.text.UART_Config_Rx_Interrupt), (8 bytes).
    Removing uart.o(.text.UART_Clear_Interrupt_Flag), (2 bytes).
    Removing uart.o(.ARM.exidx.text.UART_Clear_Interrupt_Flag), (8 bytes).
    Removing uart.o(.text.UART_Tx_Byte), (58 bytes).
    Removing uart.o(.ARM.exidx.text.UART_Tx_Byte), (8 bytes).
    Removing uart.o(.text.UART_Rx_Byte), (16 bytes).
    Removing uart.o(.ARM.exidx.text.UART_Rx_Byte), (8 bytes).
    Removing uart.o(.text.UART_Timer_Struct_Init), (20 bytes).
    Removing uart.o(.ARM.exidx.text.UART_Timer_Struct_Init), (8 bytes).
    Removing uart.o(.text.UART_Timer_Init), (2 bytes).
    Removing uart.o(.ARM.exidx.text.UART_Timer_Init), (8 bytes).
    Removing uart.o(.text.UART_Timer_Enable), (2 bytes).
    Removing uart.o(.ARM.exidx.text.UART_Timer_Enable), (8 bytes).
    Removing uart.o(.text.UART_Timer_Disable), (2 bytes).
    Removing uart.o(.ARM.exidx.text.UART_Timer_Disable), (8 bytes).
    Removing uart.o(.text.UART_Timer_Get_Status), (14 bytes).
    Removing uart.o(.ARM.exidx.text.UART_Timer_Get_Status), (8 bytes).
    Removing uart.o(.text.UART_Timer_Get_Val), (4 bytes).
    Removing uart.o(.ARM.exidx.text.UART_Timer_Get_Val), (8 bytes).
    Removing uart.o(.text.UART_Timer_Value_Reset), (2 bytes).
    Removing uart.o(.ARM.exidx.text.UART_Timer_Value_Reset), (8 bytes).
    Removing uart.o(.text.UART_Timer_Clear_Interrupt_Flag), (2 bytes).
    Removing uart.o(.ARM.exidx.text.UART_Timer_Clear_Interrupt_Flag), (8 bytes).
    Removing uart.o(.text.UART_Tx_Buf), (30 bytes).
    Removing uart.o(.ARM.exidx.text.UART_Tx_Buf), (8 bytes).
    Removing uart.o(.text.UART_Tx_NL), (16 bytes).
    Removing uart.o(.ARM.exidx.text.UART_Tx_NL), (8 bytes).
    Removing uart.o(.text.UART_Tx_SP), (10 bytes).
    Removing uart.o(.ARM.exidx.text.UART_Tx_SP), (8 bytes).
    Removing uart.o(.text.UART_Tx_CM), (10 bytes).
    Removing uart.o(.ARM.exidx.text.UART_Tx_CM), (8 bytes).
    Removing uart.o(.text.UART_Tx_Text), (34 bytes).
    Removing uart.o(.ARM.exidx.text.UART_Tx_Text), (8 bytes).
    Removing uart.o(.text.UART_Tx_Text_NL), (12 bytes).
    Removing uart.o(.ARM.exidx.text.UART_Tx_Text_NL), (8 bytes).
    Removing uart.o(.text.UART_Tx_Text_SP), (12 bytes).
    Removing uart.o(.ARM.exidx.text.UART_Tx_Text_SP), (8 bytes).
    Removing uart.o(.text.UART_Tx_Text_CM), (12 bytes).
    Removing uart.o(.ARM.exidx.text.UART_Tx_Text_CM), (8 bytes).
    Removing uart.o(.text.UART_Determine_Digit_Numbers), (72 bytes).
    Removing uart.o(.ARM.exidx.text.UART_Determine_Digit_Numbers), (8 bytes).
    Removing uart.o(.text.UART_Tx_Number_Digits), (36 bytes).
    Removing uart.o(.ARM.exidx.text.UART_Tx_Number_Digits), (8 bytes).
    Removing uart.o(.text.UART_Tx_Number), (30 bytes).
    Removing uart.o(.ARM.exidx.text.UART_Tx_Number), (8 bytes).
    Removing uart.o(.text.UART_Tx_Number_Hex_Raw), (180 bytes).
    Removing uart.o(.ARM.exidx.text.UART_Tx_Number_Hex_Raw), (8 bytes).
    Removing uart.o(.text.UART_Tx_Number_Hex), (28 bytes).
    Removing uart.o(.ARM.exidx.text.UART_Tx_Number_Hex), (8 bytes).
    Removing uart.o(.text.UART_Tx_Number_Bin_Raw), (136 bytes).
    Removing uart.o(.ARM.exidx.text.UART_Tx_Number_Bin_Raw), (8 bytes).
    Removing uart.o(.text.UART_Tx_Number_Bin), (28 bytes).
    Removing uart.o(.ARM.exidx.text.UART_Tx_Number_Bin), (8 bytes).
    Removing uart.o(.text.UART_Tx_Number_NL), (12 bytes).
    Removing uart.o(.ARM.exidx.text.UART_Tx_Number_NL), (8 bytes).
    Removing uart.o(.text.UART_Tx_Number_SP), (12 bytes).
    Removing uart.o(.ARM.exidx.text.UART_Tx_Number_SP), (8 bytes).
    Removing uart.o(.text.UART_Tx_Number_CM), (12 bytes).
    Removing uart.o(.ARM.exidx.text.UART_Tx_Number_CM), (8 bytes).
    Removing uart.o(.text.UART_Tx_Number_Hex_NL), (12 bytes).
    Removing uart.o(.ARM.exidx.text.UART_Tx_Number_Hex_NL), (8 bytes).
    Removing uart.o(.text.UART_Tx_Number_Hex_SP), (12 bytes).
    Removing uart.o(.ARM.exidx.text.UART_Tx_Number_Hex_SP), (8 bytes).
    Removing uart.o(.text.UART_Tx_Number_Hex_CM), (12 bytes).
    Removing uart.o(.ARM.exidx.text.UART_Tx_Number_Hex_CM), (8 bytes).
    Removing uart.o(.text.UART_Tx_Number_Bin_NL), (12 bytes).
    Removing uart.o(.ARM.exidx.text.UART_Tx_Number_Bin_NL), (8 bytes).
    Removing uart.o(.text.UART_Tx_Number_Bin_SP), (12 bytes).
    Removing uart.o(.ARM.exidx.text.UART_Tx_Number_Bin_SP), (8 bytes).
    Removing uart.o(.text.UART_Tx_Number_Bin_CM), (12 bytes).
    Removing uart.o(.ARM.exidx.text.UART_Tx_Number_Bin_CM), (8 bytes).
    Removing uart.o(.text.UART_Tx_Parameter_NL), (20 bytes).
    Removing uart.o(.ARM.exidx.text.UART_Tx_Parameter_NL), (8 bytes).
    Removing uart.o(.text.UART_Tx_Parameter_SP), (20 bytes).
    Removing uart.o(.ARM.exidx.text.UART_Tx_Parameter_SP), (8 bytes).
    Removing uart.o(.text.UART_Tx_Parameter_CM), (20 bytes).
    Removing uart.o(.ARM.exidx.text.UART_Tx_Parameter_CM), (8 bytes).
    Removing uart.o(.text.UART_Tx_Parameter_Hex_NL), (24 bytes).
    Removing uart.o(.ARM.exidx.text.UART_Tx_Parameter_Hex_NL), (8 bytes).
    Removing uart.o(.text.UART_Tx_Parameter_Hex_SP), (24 bytes).
    Removing uart.o(.ARM.exidx.text.UART_Tx_Parameter_Hex_SP), (8 bytes).
    Removing uart.o(.text.UART_Tx_Parameter_Hex_CM), (24 bytes).
    Removing uart.o(.ARM.exidx.text.UART_Tx_Parameter_Hex_CM), (8 bytes).
    Removing uart.o(.text.UART_Tx_Parameter_Bin_NL), (24 bytes).
    Removing uart.o(.ARM.exidx.text.UART_Tx_Parameter_Bin_NL), (8 bytes).
    Removing uart.o(.text.UART_Tx_Parameter_Bin_SP), (24 bytes).
    Removing uart.o(.ARM.exidx.text.UART_Tx_Parameter_Bin_SP), (8 bytes).
    Removing uart.o(.text.UART_Tx_Parameter_Bin_CM), (24 bytes).
    Removing uart.o(.ARM.exidx.text.UART_Tx_Parameter_Bin_CM), (8 bytes).
    Removing uart.o(.text.UART_Buf_Flush), (34 bytes).
    Removing uart.o(.ARM.exidx.text.UART_Buf_Flush), (8 bytes).
    Removing uart.o(.text.UART_Buf_Get), (14 bytes).
    Removing uart.o(.ARM.exidx.text.UART_Buf_Get), (8 bytes).
    Removing uart.o(.text.UART_Buf_Get_Index), (14 bytes).
    Removing uart.o(.ARM.exidx.text.UART_Buf_Get_Index), (8 bytes).
    Removing uart.o(.text.UART_Data_Available), (14 bytes).
    Removing uart.o(.ARM.exidx.text.UART_Data_Available), (8 bytes).
    Removing uart.o(.text.UART_Data_Len_Get), (8 bytes).
    Removing uart.o(.ARM.exidx.text.UART_Data_Len_Get), (8 bytes).
    Removing uart.o(.text.UART_Data_Calculated_CRC_Get), (14 bytes).
    Removing uart.o(.ARM.exidx.text.UART_Data_Calculated_CRC_Get), (8 bytes).
    Removing uart.o(.text.UART_Data_Received_CRC_Get), (14 bytes).
    Removing uart.o(.ARM.exidx.text.UART_Data_Received_CRC_Get), (8 bytes).
    Removing uart.o(.text.UART_Data_CRC_Status_Get), (14 bytes).
    Removing uart.o(.ARM.exidx.text.UART_Data_CRC_Status_Get), (8 bytes).
    Removing uart.o(.text.UART_Data_Read_Complete_Status), (14 bytes).
    Removing uart.o(.ARM.exidx.text.UART_Data_Read_Complete_Status), (8 bytes).
    Removing uart.o(.text.UART_Data_Clear_Available_Flag), (16 bytes).
    Removing uart.o(.ARM.exidx.text.UART_Data_Clear_Available_Flag), (8 bytes).
    Removing uart.o(.text.UART_Data_Clear_Read_Complete_Flag), (16 bytes).
    Removing uart.o(.ARM.exidx.text.UART_Data_Clear_Read_Complete_Flag), (8 bytes).
    Removing uart.o(.text.UART_Data_Copy_Buf), (46 bytes).
    Removing uart.o(.ARM.exidx.text.UART_Data_Copy_Buf), (8 bytes).
    Removing uart.o(.text.UART_Data_Print_Buf), (40 bytes).
    Removing uart.o(.ARM.exidx.text.UART_Data_Print_Buf), (8 bytes).
    Removing uart.o(.text.UART_Error_Code_Get), (12 bytes).
    Removing uart.o(.ARM.exidx.text.UART_Error_Code_Get), (8 bytes).
    Removing uart.o(.text.UART_Error_Code_Clear), (14 bytes).
    Removing uart.o(.ARM.exidx.text.UART_Error_Code_Clear), (8 bytes).
    Removing uart.o(.text.UART_ISR_Handler), (80 bytes).
    Removing uart.o(.ARM.exidx.text.UART_ISR_Handler), (8 bytes).
    Removing uart.o(.text.UART_Timer_ISR_Handler), (64 bytes).
    Removing uart.o(.ARM.exidx.text.UART_Timer_ISR_Handler), (8 bytes).
    Removing uart.o(.text.UART_RX_Packet_CRC_Check), (102 bytes).
    Removing uart.o(.ARM.exidx.text.UART_RX_Packet_CRC_Check), (8 bytes).
    Removing uart.o(.text.UART_RX_Packet_Disassemble), (2 bytes).
    Removing uart.o(.ARM.exidx.text.UART_RX_Packet_Disassemble), (8 bytes).
    Removing uart.o(.text.UART_CRC_Calculate_Byte), (40 bytes).
    Removing uart.o(.ARM.exidx.text.UART_CRC_Calculate_Byte), (8 bytes).
    Removing uart.o(.text.UART_CRC_Calculate_Block), (32 bytes).
    Removing uart.o(.ARM.exidx.text.UART_CRC_Calculate_Block), (8 bytes).
    Removing uart.o(.text.UART_RX_Packet_Read_Complete), (20 bytes).
    Removing uart.o(.ARM.exidx.text.UART_RX_Packet_Read_Complete), (8 bytes).
    Removing uart.o(.text.UART_Init), (36 bytes).
    Removing uart.o(.ARM.exidx.text.UART_Init), (8 bytes).
    Removing uart.o(.bss.UART), (90 bytes).
    Removing clocks.o(.text), (0 bytes).
    Removing clocks.o(.ARM.exidx.text.Clock_Struct_Init), (8 bytes).
    Removing clocks.o(.ARM.exidx.text.Clock_HFCLK_Xtal_Start_Request), (8 bytes).
    Removing clocks.o(.ARM.exidx.text.Clock_HFCLK_Xtal_Started), (8 bytes).
    Removing clocks.o(.ARM.exidx.text.Clock_HFCLK_Xtal_Wait_Until_Ready), (8 bytes).
    Removing clocks.o(.text.Clock_HFCLK_Xtal_Stop_Request), (36 bytes).
    Removing clocks.o(.ARM.exidx.text.Clock_HFCLK_Xtal_Stop_Request), (8 bytes).
    Removing clocks.o(.text.Clock_HFCLK_Xtal_Stopped), (18 bytes).
    Removing clocks.o(.ARM.exidx.text.Clock_HFCLK_Xtal_Stopped), (8 bytes).
    Removing clocks.o(.text.Clock_HFCLK_Xtal_Wait_Until_Stopped), (14 bytes).
    Removing clocks.o(.ARM.exidx.text.Clock_HFCLK_Xtal_Wait_Until_Stopped), (8 bytes).
    Removing clocks.o(.text.Clock_HFCLK_Xtal_Request), (34 bytes).
    Removing clocks.o(.ARM.exidx.text.Clock_HFCLK_Xtal_Request), (8 bytes).
    Removing clocks.o(.text.Clock_HFCLK_Xtal_Release), (34 bytes).
    Removing clocks.o(.ARM.exidx.text.Clock_HFCLK_Xtal_Release), (8 bytes).
    Removing clocks.o(.text.Clock_HFCLK_Xtal_Request_Count_Get), (12 bytes).
    Removing clocks.o(.ARM.exidx.text.Clock_HFCLK_Xtal_Request_Count_Get), (8 bytes).
    Removing clocks.o(.text.Clock_LFCLK_Xtal_Start), (52 bytes).
    Removing clocks.o(.ARM.exidx.text.Clock_LFCLK_Xtal_Start), (8 bytes).
    Removing clocks.o(.text.Clock_LFCLK_Xtal_Stop), (28 bytes).
    Removing clocks.o(.ARM.exidx.text.Clock_LFCLK_Xtal_Stop), (8 bytes).
    Removing clocks.o(.ARM.exidx.text.Clock_LFCLK_RC_Start), (8 bytes).
    Removing clocks.o(.text.Clock_LFCLK_RC_Stop), (28 bytes).
    Removing clocks.o(.ARM.exidx.text.Clock_LFCLK_RC_Stop), (8 bytes).
    Removing clocks.o(.text.Clock_LFCLK_Xtal_Request), (30 bytes).
    Removing clocks.o(.ARM.exidx.text.Clock_LFCLK_Xtal_Request), (8 bytes).
    Removing clocks.o(.text.Clock_LFCLK_Xtal_Release), (32 bytes).
    Removing clocks.o(.ARM.exidx.text.Clock_LFCLK_Xtal_Release), (8 bytes).
    Removing clocks.o(.text.Clock_LFCLK_Xtal_Request_Count_Get), (12 bytes).
    Removing clocks.o(.ARM.exidx.text.Clock_LFCLK_Xtal_Request_Count_Get), (8 bytes).
    Removing clocks.o(.ARM.exidx.text.Clock_Init), (8 bytes).
    Removing led.o(.text), (0 bytes).
    Removing led.o(.ARM.exidx.text.LED_Init), (8 bytes).
    Removing led.o(.text.LED_On), (18 bytes).
    Removing led.o(.ARM.exidx.text.LED_On), (8 bytes).
    Removing led.o(.text.LED_Off), (18 bytes).
    Removing led.o(.ARM.exidx.text.LED_Off), (8 bytes).
    Removing led.o(.text.LED_Get_State), (16 bytes).
    Removing led.o(.ARM.exidx.text.LED_Get_State), (8 bytes).
    Removing led.o(.text.LED_Set_State), (22 bytes).
    Removing led.o(.ARM.exidx.text.LED_Set_State), (8 bytes).
    Removing led.o(.text.LED_Toggle), (22 bytes).
    Removing led.o(.ARM.exidx.text.LED_Toggle), (8 bytes).
    Removing pwm.o(.text), (0 bytes).
    Removing pwm.o(.text.PWM_Init), (82 bytes).
    Removing pwm.o(.ARM.exidx.text.PWM_Init), (8 bytes).
    Removing pwm.o(.text.PWM_Set_Duty), (28 bytes).
    Removing pwm.o(.ARM.exidx.text.PWM_Set_Duty), (8 bytes).
    Removing pwm.o(.data.pwm_seq), (8 bytes).
    Removing system_nrf52.o(.text), (0 bytes).
    Removing system_nrf52.o(.text.nvmc_wait), (16 bytes).
    Removing system_nrf52.o(.ARM.exidx.text.nvmc_wait), (8 bytes).
    Removing system_nrf52.o(.text.nvmc_config), (18 bytes).
    Removing system_nrf52.o(.ARM.exidx.text.nvmc_config), (8 bytes).
    Removing system_nrf52.o(.ARM.exidx.text.SystemCoreClockUpdate), (8 bytes).
    Removing system_nrf52.o(.ARM.exidx.text.SystemInit), (8 bytes).
    Removing system_nrf52.o(.ARM.exidx.text.nrf52_errata_12), (8 bytes).
    Removing system_nrf52.o(.ARM.exidx.text.nrf52_errata_16), (8 bytes).
    Removing system_nrf52.o(.ARM.exidx.text.nrf52_errata_31), (8 bytes).
    Removing system_nrf52.o(.ARM.exidx.text.nrf52_errata_32), (8 bytes).
    Removing system_nrf52.o(.ARM.exidx.text.nrf52_errata_36), (8 bytes).
    Removing system_nrf52.o(.ARM.exidx.text.nrf52_errata_37), (8 bytes).
    Removing system_nrf52.o(.ARM.exidx.text.nrf52_errata_57), (8 bytes).
    Removing system_nrf52.o(.ARM.exidx.text.nrf52_errata_66), (8 bytes).
    Removing system_nrf52.o(.ARM.exidx.text.nrf52_errata_108), (8 bytes).
    Removing system_nrf52.o(.ARM.exidx.text.nrf52_errata_136), (8 bytes).
    Removing system_nrf52.o(.ARM.exidx.text.nrf52_errata_182), (8 bytes).
    Removing system_nrf52.o(.ARM.exidx.text.nrf52_handle_approtect), (8 bytes).
    Removing system_nrf52.o(.ARM.exidx.text.nrf52_configuration_249), (8 bytes).

330 unused section(s) (total 5424 bytes) removed from the image.

==============================================================================

Image Symbol Table

    Local Symbols

    Symbol Name                              Value     Ov Type        Size  Object(Section)

    ../clib/angel/boardlib.s                 0x00000000   Number         0  boardinit1.o ABSOLUTE
    ../clib/angel/boardlib.s                 0x00000000   Number         0  boardinit2.o ABSOLUTE
    ../clib/angel/boardlib.s                 0x00000000   Number         0  boardinit3.o ABSOLUTE
    ../clib/angel/boardlib.s                 0x00000000   Number         0  boardshut.o ABSOLUTE
    ../clib/angel/handlers.s                 0x00000000   Number         0  __scatter_copy.o ABSOLUTE
    ../clib/angel/handlers.s                 0x00000000   Number         0  __scatter_zi.o ABSOLUTE
    ../clib/angel/kernel.s                   0x00000000   Number         0  __rtentry.o ABSOLUTE
    ../clib/angel/kernel.s                   0x00000000   Number         0  __rtentry2.o ABSOLUTE
    ../clib/angel/kernel.s                   0x00000000   Number         0  __rtentry4.o ABSOLUTE
    ../clib/angel/kernel.s                   0x00000000   Number         0  rtexit.o ABSOLUTE
    ../clib/angel/kernel.s                   0x00000000   Number         0  rtexit2.o ABSOLUTE
    ../clib/angel/rt.s                       0x00000000   Number         0  rt_raise.o ABSOLUTE
    ../clib/angel/scatter.s                  0x00000000   Number         0  __scatter.o ABSOLUTE
    ../clib/angel/startup.s                  0x00000000   Number         0  __main.o ABSOLUTE
    ../clib/angel/sys.s                      0x00000000   Number         0  sys_stackheap_outer.o ABSOLUTE
    ../clib/angel/sys.s                      0x00000000   Number         0  libspace.o ABSOLUTE
    ../clib/angel/sys.s                      0x00000000   Number         0  use_no_semi.o ABSOLUTE
    ../clib/angel/sys.s                      0x00000000   Number         0  indicate_semi.o ABSOLUTE
    ../clib/angel/sysapp.c                   0x00000000   Number         0  sys_exit.o ABSOLUTE
    ../clib/angel/sysapp.c                   0x00000000   Number         0  sys_exit_hlt.o ABSOLUTE
    ../clib/angel/sysapp.c                   0x00000000   Number         0  sys_command.o ABSOLUTE
    ../clib/angel/sysapp.c                   0x00000000   Number         0  sys_command_hlt.o ABSOLUTE
    ../clib/angel/sysapp.c                   0x00000000   Number         0  sys_wrch.o ABSOLUTE
    ../clib/angel/sysapp.c                   0x00000000   Number         0  sys_wrch_hlt.o ABSOLUTE
    ../clib/armsys.c                         0x00000000   Number         0  argv_veneer.o ABSOLUTE
    ../clib/armsys.c                         0x00000000   Number         0  argv_veneer.o ABSOLUTE
    ../clib/armsys.c                         0x00000000   Number         0  _get_argv_nomalloc.o ABSOLUTE
    ../clib/armsys.c                         0x00000000   Number         0  no_argv.o ABSOLUTE
    ../clib/heapalloc.c                      0x00000000   Number         0  hrguard.o ABSOLUTE
    ../clib/heapaux.c                        0x00000000   Number         0  heapauxi.o ABSOLUTE
    ../clib/libinit.s                        0x00000000   Number         0  libinit.o ABSOLUTE
    ../clib/libinit.s                        0x00000000   Number         0  libinit2.o ABSOLUTE
    ../clib/libinit.s                        0x00000000   Number         0  libshutdown.o ABSOLUTE
    ../clib/libinit.s                        0x00000000   Number         0  libshutdown2.o ABSOLUTE
    ../clib/memcpset.s                       0x00000000   Number         0  rt_memclr.o ABSOLUTE
    ../clib/memcpset.s                       0x00000000   Number         0  rt_memclr_w.o ABSOLUTE
    ../clib/signal.c                         0x00000000   Number         0  defsig_rtmem_outer.o ABSOLUTE
    ../clib/signal.c                         0x00000000   Number         0  defsig_rtmem_formal.o ABSOLUTE
    ../clib/signal.c                         0x00000000   Number         0  defsig_exit.o ABSOLUTE
    ../clib/signal.c                         0x00000000   Number         0  defsig_rtmem_inner.o ABSOLUTE
    ../clib/signal.c                         0x00000000   Number         0  __raise.o ABSOLUTE
    ../clib/signal.c                         0x00000000   Number         0  defsig_general.o ABSOLUTE
    ../clib/signal.c                         0x00000000   Number         0  defsig_abrt_inner.o ABSOLUTE
    ../clib/signal.c                         0x00000000   Number         0  defsig_fpe_inner.o ABSOLUTE
    ../clib/signal.c                         0x00000000   Number         0  defsig_rtred_inner.o ABSOLUTE
    ../clib/signal.c                         0x00000000   Number         0  defsig_stak_inner.o ABSOLUTE
    ../clib/signal.c                         0x00000000   Number         0  defsig_pvfn_inner.o ABSOLUTE
    ../clib/signal.c                         0x00000000   Number         0  defsig_cppl_inner.o ABSOLUTE
    ../clib/signal.c                         0x00000000   Number         0  defsig_segv_inner.o ABSOLUTE
    ../clib/signal.c                         0x00000000   Number         0  defsig_other.o ABSOLUTE
    ../clib/signal.s                         0x00000000   Number         0  defsig.o ABSOLUTE
    ../clib/stdlib.c                         0x00000000   Number         0  exit.o ABSOLUTE
    ../fplib/fpinit.s                        0x00000000   Number         0  fpinit.o ABSOLUTE
    RTE/Device/nRF52832_xxAA/arm_startup_nrf52.s 0x00000000   Number         0  arm_startup_nrf52.o ABSOLUTE
    app.c                                    0x00000000   Number         0  app.o ABSOLUTE
    clocks.c                                 0x00000000   Number         0  clocks.o ABSOLUTE
    dc.s                                     0x00000000   Number         0  dc.o ABSOLUTE
    led.c                                    0x00000000   Number         0  led.o ABSOLUTE
    main.c                                   0x00000000   Number         0  main.o ABSOLUTE
    pwm.c                                    0x00000000   Number         0  pwm.o ABSOLUTE
    radio.c                                  0x00000000   Number         0  radio.o ABSOLUTE
    system_nrf52.c                           0x00000000   Number         0  system_nrf52.o ABSOLUTE
    timeout.c                                0x00000000   Number         0  timeout.o ABSOLUTE
    uart.c                                   0x00000000   Number         0  uart.o ABSOLUTE
    RESET                                    0x00000000   Section      512  arm_startup_nrf52.o(RESET)
    !!!main                                  0x00000200   Section        8  __main.o(!!!main)
    !!!scatter                               0x00000208   Section       52  __scatter.o(!!!scatter)
    !!handler_copy                           0x0000023c   Section       26  __scatter_copy.o(!!handler_copy)
    !!handler_zi                             0x00000258   Section       28  __scatter_zi.o(!!handler_zi)
    .ARM.Collect$$libinit$$00000000          0x00000274   Section        2  libinit.o(.ARM.Collect$$libinit$$00000000)
    .ARM.Collect$$libinit$$00000001          0x00000276   Section        4  libinit2.o(.ARM.Collect$$libinit$$00000001)
    .ARM.Collect$$libinit$$00000004          0x0000027a   Section        0  libinit2.o(.ARM.Collect$$libinit$$00000004)
    .ARM.Collect$$libinit$$0000000A          0x0000027a   Section        0  libinit2.o(.ARM.Collect$$libinit$$0000000A)
    .ARM.Collect$$libinit$$0000000C          0x0000027a   Section        0  libinit2.o(.ARM.Collect$$libinit$$0000000C)
    .ARM.Collect$$libinit$$0000000E          0x0000027a   Section        0  libinit2.o(.ARM.Collect$$libinit$$0000000E)
    .ARM.Collect$$libinit$$00000011          0x0000027a   Section        0  libinit2.o(.ARM.Collect$$libinit$$00000011)
    .ARM.Collect$$libinit$$00000013          0x0000027a   Section        0  libinit2.o(.ARM.Collect$$libinit$$00000013)
    .ARM.Collect$$libinit$$00000015          0x0000027a   Section        0  libinit2.o(.ARM.Collect$$libinit$$00000015)
    .ARM.Collect$$libinit$$00000017          0x0000027a   Section        0  libinit2.o(.ARM.Collect$$libinit$$00000017)
    .ARM.Collect$$libinit$$00000019          0x0000027a   Section        0  libinit2.o(.ARM.Collect$$libinit$$00000019)
    .ARM.Collect$$libinit$$0000001B          0x0000027a   Section        0  libinit2.o(.ARM.Collect$$libinit$$0000001B)
    .ARM.Collect$$libinit$$0000001D          0x0000027a   Section        0  libinit2.o(.ARM.Collect$$libinit$$0000001D)
    .ARM.Collect$$libinit$$0000001F          0x0000027a   Section        0  libinit2.o(.ARM.Collect$$libinit$$0000001F)
    .ARM.Collect$$libinit$$00000021          0x0000027a   Section        0  libinit2.o(.ARM.Collect$$libinit$$00000021)
    .ARM.Collect$$libinit$$00000023          0x0000027a   Section        0  libinit2.o(.ARM.Collect$$libinit$$00000023)
    .ARM.Collect$$libinit$$00000025          0x0000027a   Section        0  libinit2.o(.ARM.Collect$$libinit$$00000025)
    .ARM.Collect$$libinit$$0000002C          0x0000027a   Section        0  libinit2.o(.ARM.Collect$$libinit$$0000002C)
    .ARM.Collect$$libinit$$0000002E          0x0000027a   Section        0  libinit2.o(.ARM.Collect$$libinit$$0000002E)
    .ARM.Collect$$libinit$$00000030          0x0000027a   Section        0  libinit2.o(.ARM.Collect$$libinit$$00000030)
    .ARM.Collect$$libinit$$00000032          0x0000027a   Section        0  libinit2.o(.ARM.Collect$$libinit$$00000032)
    .ARM.Collect$$libinit$$00000033          0x0000027a   Section        2  libinit2.o(.ARM.Collect$$libinit$$00000033)
    .ARM.Collect$$libshutdown$$00000000      0x0000027c   Section        2  libshutdown.o(.ARM.Collect$$libshutdown$$00000000)
    .ARM.Collect$$libshutdown$$00000002      0x0000027e   Section        0  libshutdown2.o(.ARM.Collect$$libshutdown$$00000002)
    .ARM.Collect$$libshutdown$$00000004      0x0000027e   Section        0  libshutdown2.o(.ARM.Collect$$libshutdown$$00000004)
    .ARM.Collect$$libshutdown$$00000007      0x0000027e   Section        0  libshutdown2.o(.ARM.Collect$$libshutdown$$00000007)
    .ARM.Collect$$libshutdown$$0000000A      0x0000027e   Section        0  libshutdown2.o(.ARM.Collect$$libshutdown$$0000000A)
    .ARM.Collect$$libshutdown$$0000000C      0x0000027e   Section        0  libshutdown2.o(.ARM.Collect$$libshutdown$$0000000C)
    .ARM.Collect$$libshutdown$$0000000F      0x0000027e   Section        0  libshutdown2.o(.ARM.Collect$$libshutdown$$0000000F)
    .ARM.Collect$$libshutdown$$00000010      0x0000027e   Section        2  libshutdown2.o(.ARM.Collect$$libshutdown$$00000010)
    .ARM.Collect$$rtentry$$00000000          0x00000280   Section        0  __rtentry.o(.ARM.Collect$$rtentry$$00000000)
    .ARM.Collect$$rtentry$$00000002          0x00000280   Section        0  __rtentry2.o(.ARM.Collect$$rtentry$$00000002)
    .ARM.Collect$$rtentry$$00000004          0x00000280   Section        6  __rtentry4.o(.ARM.Collect$$rtentry$$00000004)
    .ARM.Collect$$rtentry$$00000009          0x00000286   Section        0  __rtentry2.o(.ARM.Collect$$rtentry$$00000009)
    .ARM.Collect$$rtentry$$0000000A          0x00000286   Section        4  __rtentry2.o(.ARM.Collect$$rtentry$$0000000A)
    .ARM.Collect$$rtentry$$0000000C          0x0000028a   Section        0  __rtentry2.o(.ARM.Collect$$rtentry$$0000000C)
    .ARM.Collect$$rtentry$$0000000D          0x0000028a   Section        8  __rtentry2.o(.ARM.Collect$$rtentry$$0000000D)
    .ARM.Collect$$rtexit$$00000000           0x00000292   Section        2  rtexit.o(.ARM.Collect$$rtexit$$00000000)
    .ARM.Collect$$rtexit$$00000002           0x00000294   Section        0  rtexit2.o(.ARM.Collect$$rtexit$$00000002)
    .ARM.Collect$$rtexit$$00000003           0x00000294   Section        4  rtexit2.o(.ARM.Collect$$rtexit$$00000003)
    .ARM.Collect$$rtexit$$00000004           0x00000298   Section        6  rtexit2.o(.ARM.Collect$$rtexit$$00000004)
    $v0                                      0x000002a0   Number         0  arm_startup_nrf52.o(.text)
    .text                                    0x000002a0   Section       64  arm_startup_nrf52.o(.text)
    .text                                    0x000002e0   Section       68  rt_memclr.o(.text)
    .text                                    0x00000324   Section        0  heapauxi.o(.text)
    .text                                    0x0000032a   Section       78  rt_memclr_w.o(.text)
    .text                                    0x00000378   Section       74  sys_stackheap_outer.o(.text)
    .text                                    0x000003c2   Section        0  exit.o(.text)
    .text                                    0x000003d4   Section        8  libspace.o(.text)
    .text                                    0x000003dc   Section        0  sys_exit.o(.text)
    .text                                    0x000003e8   Section        2  use_no_semi.o(.text)
    .text                                    0x000003ea   Section        0  indicate_semi.o(.text)
    [Anonymous Symbol]                       0x000003ec   Section        0  app.o(.text.App_Config)
    [Anonymous Symbol]                       0x00000484   Section        0  app.o(.text.App_Mainloop)
    [Anonymous Symbol]                       0x000004c0   Section        0  clocks.o(.text.Clock_HFCLK_Xtal_Start_Request)
    [Anonymous Symbol]                       0x000004ec   Section        0  clocks.o(.text.Clock_HFCLK_Xtal_Started)
    [Anonymous Symbol]                       0x000004fc   Section        0  clocks.o(.text.Clock_HFCLK_Xtal_Wait_Until_Ready)
    [Anonymous Symbol]                       0x0000050c   Section        0  clocks.o(.text.Clock_Init)
    [Anonymous Symbol]                       0x00000514   Section        0  clocks.o(.text.Clock_LFCLK_RC_Start)
    [Anonymous Symbol]                       0x00000544   Section        0  clocks.o(.text.Clock_Struct_Init)
    [Anonymous Symbol]                       0x0000055c   Section        0  led.o(.text.LED_Init)
    [Anonymous Symbol]                       0x00000578   Section        0  radio.o(.text.RADIO_IRQHandler)
    [Anonymous Symbol]                       0x000005ac   Section        0  timeout.o(.text.RTC0_IRQHandler)
    [Anonymous Symbol]                       0x000005e8   Section        0  radio.o(.text.Radio_CRC_Calculate_Block)
    [Anonymous Symbol]                       0x0000060c   Section        0  radio.o(.text.Radio_CRC_Calculate_Byte)
    [Anonymous Symbol]                       0x00000634   Section        0  radio.o(.text.Radio_HFCLK_Stop)
    [Anonymous Symbol]                       0x00000658   Section        0  radio.o(.text.Radio_Init)
    [Anonymous Symbol]                       0x00000668   Section        0  radio.o(.text.Radio_Len_PID_Update)
    [Anonymous Symbol]                       0x00000678   Section        0  radio.o(.text.Radio_Mode_Disable)
    [Anonymous Symbol]                       0x000006b4   Section        0  radio.o(.text.Radio_Power_Disable)
    [Anonymous Symbol]                       0x000006ec   Section        0  radio.o(.text.Radio_Power_Down)
    [Anonymous Symbol]                       0x00000704   Section        0  radio.o(.text.Radio_Power_Enable)
    [Anonymous Symbol]                       0x00000738   Section        0  radio.o(.text.Radio_Reg_Init)
    [Anonymous Symbol]                       0x000007bc   Section        0  radio.o(.text.Radio_Struct_Init)
    [Anonymous Symbol]                       0x00000814   Section        0  radio.o(.text.Radio_Tx_Complete_Handler)
    [Anonymous Symbol]                       0x00000830   Section        0  radio.o(.text.Radio_Tx_Packet)
    [Anonymous Symbol]                       0x000008e4   Section        0  system_nrf52.o(.text.SystemCoreClockUpdate)
    [Anonymous Symbol]                       0x000008f8   Section        0  system_nrf52.o(.text.SystemInit)
    [Anonymous Symbol]                       0x00000a80   Section        0  timeout.o(.text.Timeout_Clear_Events)
    [Anonymous Symbol]                       0x00000ab8   Section        0  timeout.o(.text.Timeout_Error_Assign)
    [Anonymous Symbol]                       0x00000ae4   Section        0  timeout.o(.text.Timeout_Error_Clear)
    [Anonymous Symbol]                       0x00000af4   Section        0  timeout.o(.text.Timeout_Init)
    [Anonymous Symbol]                       0x00000b00   Section        0  timeout.o(.text.Timeout_Occured_Flag_Get)
    [Anonymous Symbol]                       0x00000b0c   Section        0  timeout.o(.text.Timeout_Reg_Init)
    [Anonymous Symbol]                       0x00000b3c   Section        0  timeout.o(.text.Timeout_Set_MicroSeconds)
    [Anonymous Symbol]                       0x00000b78   Section        0  timeout.o(.text.Timeout_Struct_Init)
    __NVIC_EnableIRQ                         0x00000b8d   Thumb Code    16  timeout.o(.text.__NVIC_EnableIRQ)
    [Anonymous Symbol]                       0x00000b8c   Section        0  timeout.o(.text.__NVIC_EnableIRQ)
    __NVIC_EnableIRQ                         0x00000b9d   Thumb Code    14  radio.o(.text.__NVIC_EnableIRQ)
    [Anonymous Symbol]                       0x00000b9c   Section        0  radio.o(.text.__NVIC_EnableIRQ)
    [Anonymous Symbol]                       0x00000bac   Section        0  main.o(.text.main)
    nrf52_configuration_249                  0x00000bb9   Thumb Code    40  system_nrf52.o(.text.nrf52_configuration_249)
    [Anonymous Symbol]                       0x00000bb8   Section        0  system_nrf52.o(.text.nrf52_configuration_249)
    nrf52_errata_108                         0x00000be1   Thumb Code    34  system_nrf52.o(.text.nrf52_errata_108)
    [Anonymous Symbol]                       0x00000be0   Section        0  system_nrf52.o(.text.nrf52_errata_108)
    nrf52_errata_12                          0x00000c05   Thumb Code    34  system_nrf52.o(.text.nrf52_errata_12)
    [Anonymous Symbol]                       0x00000c04   Section        0  system_nrf52.o(.text.nrf52_errata_12)
    nrf52_errata_136                         0x00000c29   Thumb Code    34  system_nrf52.o(.text.nrf52_errata_136)
    [Anonymous Symbol]                       0x00000c28   Section        0  system_nrf52.o(.text.nrf52_errata_136)
    nrf52_errata_16                          0x00000c4d   Thumb Code    42  system_nrf52.o(.text.nrf52_errata_16)
    [Anonymous Symbol]                       0x00000c4c   Section        0  system_nrf52.o(.text.nrf52_errata_16)
    nrf52_errata_182                         0x00000c79   Thumb Code    48  system_nrf52.o(.text.nrf52_errata_182)
    [Anonymous Symbol]                       0x00000c78   Section        0  system_nrf52.o(.text.nrf52_errata_182)
    nrf52_errata_31                          0x00000ca9   Thumb Code    34  system_nrf52.o(.text.nrf52_errata_31)
    [Anonymous Symbol]                       0x00000ca8   Section        0  system_nrf52.o(.text.nrf52_errata_31)
    nrf52_errata_32                          0x00000ccd   Thumb Code    42  system_nrf52.o(.text.nrf52_errata_32)
    [Anonymous Symbol]                       0x00000ccc   Section        0  system_nrf52.o(.text.nrf52_errata_32)
    nrf52_errata_36                          0x00000cf9   Thumb Code    34  system_nrf52.o(.text.nrf52_errata_36)
    [Anonymous Symbol]                       0x00000cf8   Section        0  system_nrf52.o(.text.nrf52_errata_36)
    nrf52_errata_37                          0x00000d1d   Thumb Code    42  system_nrf52.o(.text.nrf52_errata_37)
    [Anonymous Symbol]                       0x00000d1c   Section        0  system_nrf52.o(.text.nrf52_errata_37)
    nrf52_errata_57                          0x00000d49   Thumb Code    42  system_nrf52.o(.text.nrf52_errata_57)
    [Anonymous Symbol]                       0x00000d48   Section        0  system_nrf52.o(.text.nrf52_errata_57)
    nrf52_errata_66                          0x00000d75   Thumb Code    74  system_nrf52.o(.text.nrf52_errata_66)
    [Anonymous Symbol]                       0x00000d74   Section        0  system_nrf52.o(.text.nrf52_errata_66)
    nrf52_handle_approtect                   0x00000dc1   Thumb Code    34  system_nrf52.o(.text.nrf52_handle_approtect)
    [Anonymous Symbol]                       0x00000dc0   Section        0  system_nrf52.o(.text.nrf52_handle_approtect)
    $v0                                      0x00000de2   Number         0  fpinit.o(x$fpl$fpinit)
    x$fpl$fpinit                             0x00000de2   Section       26  fpinit.o(x$fpl$fpinit)
    __tagsym$$used.0                         0x20000000   Number         0  system_nrf52.o(.data.SystemCoreClock)
    .bss                                     0x20000008   Section       96  libspace.o(.bss)
    Clocks.0                                 0x20000068   Data           1  clocks.o(.bss.Clocks.0)
    [Anonymous Symbol]                       0x20000068   Section        0  clocks.o(.bss.Clocks.0)
    Clocks.1                                 0x20000069   Data           1  clocks.o(.bss.Clocks.1)
    [Anonymous Symbol]                       0x20000069   Section        0  clocks.o(.bss.Clocks.1)
    Radio                                    0x20000070   Data         152  radio.o(.bss.Radio)
    [Anonymous Symbol]                       0x20000070   Section        0  radio.o(.bss.Radio)
    Timeout                                  0x20000108   Data           4  timeout.o(.bss.Timeout)
    [Anonymous Symbol]                       0x20000108   Section        0  timeout.o(.bss.Timeout)
    Heap_Mem                                 0x20000138   Data        4096  arm_startup_nrf52.o(HEAP)
    HEAP                                     0x20000138   Section     4096  arm_startup_nrf52.o(HEAP)
    Stack_Mem                                0x20001138   Data        4096  arm_startup_nrf52.o(STACK)
    STACK                                    0x20001138   Section     4096  arm_startup_nrf52.o(STACK)
    __initial_sp                             0x20002138   Data           0  arm_startup_nrf52.o(STACK)

    Global Symbols

    Symbol Name                              Value     Ov Type        Size  Object(Section)

    BuildAttributes$$THM_ISAv4$E$P$D$K$B$S$7EM$VFPi3$EXTD16$VFPS$VFMA$PE$A:L22UL41UL21$X:L11$S22US41US21$IEEE1$IW$~IW$USESV6$~STKCKD$USESV7$~SHL$OTIME$ROPI$EBA8$UX$STANDARDLIB$REQ8$PRES8$EABIv2 0x00000000   Number         0  anon$$obj.o ABSOLUTE
    __Vectors                                0x00000000   Data           4  arm_startup_nrf52.o(RESET)
    __ARM_exceptions_init                     - Undefined Weak Reference
    __alloca_initialize                       - Undefined Weak Reference
    __arm_preinit_                            - Undefined Weak Reference
    __cpp_initialize__aeabi_                  - Undefined Weak Reference
    __cxa_finalize                            - Undefined Weak Reference
    __rt_locale                               - Undefined Weak Reference
    __sigvec_lookup                           - Undefined Weak Reference
    _atexit_init                              - Undefined Weak Reference
    _call_atexit_fns                          - Undefined Weak Reference
    _clock_init                               - Undefined Weak Reference
    _fp_trap_init                             - Undefined Weak Reference
    _fp_trap_shutdown                         - Undefined Weak Reference
    _get_lc_collate                           - Undefined Weak Reference
    _get_lc_ctype                             - Undefined Weak Reference
    _get_lc_monetary                          - Undefined Weak Reference
    _get_lc_numeric                           - Undefined Weak Reference
    _get_lc_time                              - Undefined Weak Reference
    _getenv_init                              - Undefined Weak Reference
    _handle_redirection                       - Undefined Weak Reference
    _init_alloc                               - Undefined Weak Reference
    _init_user_alloc                          - Undefined Weak Reference
    _initio                                   - Undefined Weak Reference
    _rand_init                                - Undefined Weak Reference
    _signal_finish                            - Undefined Weak Reference
    _signal_init                              - Undefined Weak Reference
    _terminate_alloc                          - Undefined Weak Reference
    _terminate_user_alloc                     - Undefined Weak Reference
    _terminateio                              - Undefined Weak Reference
    __Vectors_End                            0x00000200   Data           0  arm_startup_nrf52.o(RESET)
    __Vectors_Size                           0x00000200   Number         0  arm_startup_nrf52.o ABSOLUTE
    __main                                   0x00000201   Thumb Code     8  __main.o(!!!main)
    __scatterload                            0x00000209   Thumb Code     0  __scatter.o(!!!scatter)
    __scatterload_rt2                        0x00000209   Thumb Code    44  __scatter.o(!!!scatter)
    __scatterload_rt2_thumb_only             0x00000209   Thumb Code     0  __scatter.o(!!!scatter)
    __scatterload_null                       0x00000217   Thumb Code     0  __scatter.o(!!!scatter)
    __scatterload_copy                       0x0000023d   Thumb Code    26  __scatter_copy.o(!!handler_copy)
    __scatterload_zeroinit                   0x00000259   Thumb Code    28  __scatter_zi.o(!!handler_zi)
    __rt_lib_init                            0x00000275   Thumb Code     0  libinit.o(.ARM.Collect$$libinit$$00000000)
    __rt_lib_init_fp_1                       0x00000277   Thumb Code     0  libinit2.o(.ARM.Collect$$libinit$$00000001)
    __rt_lib_init_alloca_1                   0x0000027b   Thumb Code     0  libinit2.o(.ARM.Collect$$libinit$$0000002E)
    __rt_lib_init_argv_1                     0x0000027b   Thumb Code     0  libinit2.o(.ARM.Collect$$libinit$$0000002C)
    __rt_lib_init_atexit_1                   0x0000027b   Thumb Code     0  libinit2.o(.ARM.Collect$$libinit$$0000001B)
    __rt_lib_init_clock_1                    0x0000027b   Thumb Code     0  libinit2.o(.ARM.Collect$$libinit$$00000021)
    __rt_lib_init_cpp_1                      0x0000027b   Thumb Code     0  libinit2.o(.ARM.Collect$$libinit$$00000032)
    __rt_lib_init_exceptions_1               0x0000027b   Thumb Code     0  libinit2.o(.ARM.Collect$$libinit$$00000030)
    __rt_lib_init_fp_trap_1                  0x0000027b   Thumb Code     0  libinit2.o(.ARM.Collect$$libinit$$0000001F)
    __rt_lib_init_getenv_1                   0x0000027b   Thumb Code     0  libinit2.o(.ARM.Collect$$libinit$$00000023)
    __rt_lib_init_heap_1                     0x0000027b   Thumb Code     0  libinit2.o(.ARM.Collect$$libinit$$0000000A)
    __rt_lib_init_lc_collate_1               0x0000027b   Thumb Code     0  libinit2.o(.ARM.Collect$$libinit$$00000011)
    __rt_lib_init_lc_ctype_1                 0x0000027b   Thumb Code     0  libinit2.o(.ARM.Collect$$libinit$$00000013)
    __rt_lib_init_lc_monetary_1              0x0000027b   Thumb Code     0  libinit2.o(.ARM.Collect$$libinit$$00000015)
    __rt_lib_init_lc_numeric_1               0x0000027b   Thumb Code     0  libinit2.o(.ARM.Collect$$libinit$$00000017)
    __rt_lib_init_lc_time_1                  0x0000027b   Thumb Code     0  libinit2.o(.ARM.Collect$$libinit$$00000019)
    __rt_lib_init_preinit_1                  0x0000027b   Thumb Code     0  libinit2.o(.ARM.Collect$$libinit$$00000004)
    __rt_lib_init_rand_1                     0x0000027b   Thumb Code     0  libinit2.o(.ARM.Collect$$libinit$$0000000E)
    __rt_lib_init_return                     0x0000027b   Thumb Code     0  libinit2.o(.ARM.Collect$$libinit$$00000033)
    __rt_lib_init_signal_1                   0x0000027b   Thumb Code     0  libinit2.o(.ARM.Collect$$libinit$$0000001D)
    __rt_lib_init_stdio_1                    0x0000027b   Thumb Code     0  libinit2.o(.ARM.Collect$$libinit$$00000025)
    __rt_lib_init_user_alloc_1               0x0000027b   Thumb Code     0  libinit2.o(.ARM.Collect$$libinit$$0000000C)
    __rt_lib_shutdown                        0x0000027d   Thumb Code     0  libshutdown.o(.ARM.Collect$$libshutdown$$00000000)
    __rt_lib_shutdown_cpp_1                  0x0000027f   Thumb Code     0  libshutdown2.o(.ARM.Collect$$libshutdown$$00000002)
    __rt_lib_shutdown_fp_trap_1              0x0000027f   Thumb Code     0  libshutdown2.o(.ARM.Collect$$libshutdown$$00000007)
    __rt_lib_shutdown_heap_1                 0x0000027f   Thumb Code     0  libshutdown2.o(.ARM.Collect$$libshutdown$$0000000F)
    __rt_lib_shutdown_return                 0x0000027f   Thumb Code     0  libshutdown2.o(.ARM.Collect$$libshutdown$$00000010)
    __rt_lib_shutdown_signal_1               0x0000027f   Thumb Code     0  libshutdown2.o(.ARM.Collect$$libshutdown$$0000000A)
    __rt_lib_shutdown_stdio_1                0x0000027f   Thumb Code     0  libshutdown2.o(.ARM.Collect$$libshutdown$$00000004)
    __rt_lib_shutdown_user_alloc_1           0x0000027f   Thumb Code     0  libshutdown2.o(.ARM.Collect$$libshutdown$$0000000C)
    __rt_entry                               0x00000281   Thumb Code     0  __rtentry.o(.ARM.Collect$$rtentry$$00000000)
    __rt_entry_presh_1                       0x00000281   Thumb Code     0  __rtentry2.o(.ARM.Collect$$rtentry$$00000002)
    __rt_entry_sh                            0x00000281   Thumb Code     0  __rtentry4.o(.ARM.Collect$$rtentry$$00000004)
    __rt_entry_li                            0x00000287   Thumb Code     0  __rtentry2.o(.ARM.Collect$$rtentry$$0000000A)
    __rt_entry_postsh_1                      0x00000287   Thumb Code     0  __rtentry2.o(.ARM.Collect$$rtentry$$00000009)
    __rt_entry_main                          0x0000028b   Thumb Code     0  __rtentry2.o(.ARM.Collect$$rtentry$$0000000D)
    __rt_entry_postli_1                      0x0000028b   Thumb Code     0  __rtentry2.o(.ARM.Collect$$rtentry$$0000000C)
    __rt_exit                                0x00000293   Thumb Code     0  rtexit.o(.ARM.Collect$$rtexit$$00000000)
    __rt_exit_ls                             0x00000295   Thumb Code     0  rtexit2.o(.ARM.Collect$$rtexit$$00000003)
    __rt_exit_prels_1                        0x00000295   Thumb Code     0  rtexit2.o(.ARM.Collect$$rtexit$$00000002)
    __rt_exit_exit                           0x00000299   Thumb Code     0  rtexit2.o(.ARM.Collect$$rtexit$$00000004)
    Reset_Handler                            0x000002a1   Thumb Code     8  arm_startup_nrf52.o(.text)
    NMI_Handler                              0x000002a9   Thumb Code     2  arm_startup_nrf52.o(.text)
    HardFault_Handler                        0x000002ab   Thumb Code     2  arm_startup_nrf52.o(.text)
    MemoryManagement_Handler                 0x000002ad   Thumb Code     2  arm_startup_nrf52.o(.text)
    BusFault_Handler                         0x000002af   Thumb Code     2  arm_startup_nrf52.o(.text)
    UsageFault_Handler                       0x000002b1   Thumb Code     2  arm_startup_nrf52.o(.text)
    SVC_Handler                              0x000002b3   Thumb Code     2  arm_startup_nrf52.o(.text)
    DebugMon_Handler                         0x000002b5   Thumb Code     2  arm_startup_nrf52.o(.text)
    PendSV_Handler                           0x000002b7   Thumb Code     2  arm_startup_nrf52.o(.text)
    SysTick_Handler                          0x000002b9   Thumb Code     2  arm_startup_nrf52.o(.text)
    CCM_AAR_IRQHandler                       0x000002bb   Thumb Code     0  arm_startup_nrf52.o(.text)
    COMP_LPCOMP_IRQHandler                   0x000002bb   Thumb Code     0  arm_startup_nrf52.o(.text)
    ECB_IRQHandler                           0x000002bb   Thumb Code     0  arm_startup_nrf52.o(.text)
    FPU_IRQHandler                           0x000002bb   Thumb Code     0  arm_startup_nrf52.o(.text)
    GPIOTE_IRQHandler                        0x000002bb   Thumb Code     0  arm_startup_nrf52.o(.text)
    I2S_IRQHandler                           0x000002bb   Thumb Code     0  arm_startup_nrf52.o(.text)
    MWU_IRQHandler                           0x000002bb   Thumb Code     0  arm_startup_nrf52.o(.text)
    NFCT_IRQHandler                          0x000002bb   Thumb Code     0  arm_startup_nrf52.o(.text)
    PDM_IRQHandler                           0x000002bb   Thumb Code     0  arm_startup_nrf52.o(.text)
    POWER_CLOCK_IRQHandler                   0x000002bb   Thumb Code     0  arm_startup_nrf52.o(.text)
    PWM0_IRQHandler                          0x000002bb   Thumb Code     0  arm_startup_nrf52.o(.text)
    PWM1_IRQHandler                          0x000002bb   Thumb Code     0  arm_startup_nrf52.o(.text)
    PWM2_IRQHandler                          0x000002bb   Thumb Code     0  arm_startup_nrf52.o(.text)
    QDEC_IRQHandler                          0x000002bb   Thumb Code     0  arm_startup_nrf52.o(.text)
    RNG_IRQHandler                           0x000002bb   Thumb Code     0  arm_startup_nrf52.o(.text)
    RTC1_IRQHandler                          0x000002bb   Thumb Code     0  arm_startup_nrf52.o(.text)
    RTC2_IRQHandler                          0x000002bb   Thumb Code     0  arm_startup_nrf52.o(.text)
    SAADC_IRQHandler                         0x000002bb   Thumb Code     0  arm_startup_nrf52.o(.text)
    SPIM0_SPIS0_TWIM0_TWIS0_SPI0_TWI0_IRQHandler 0x000002bb   Thumb Code     0  arm_startup_nrf52.o(.text)
    SPIM1_SPIS1_TWIM1_TWIS1_SPI1_TWI1_IRQHandler 0x000002bb   Thumb Code     0  arm_startup_nrf52.o(.text)
    SPIM2_SPIS2_SPI2_IRQHandler              0x000002bb   Thumb Code     0  arm_startup_nrf52.o(.text)
    SWI0_EGU0_IRQHandler                     0x000002bb   Thumb Code     0  arm_startup_nrf52.o(.text)
    SWI1_EGU1_IRQHandler                     0x000002bb   Thumb Code     0  arm_startup_nrf52.o(.text)
    SWI2_EGU2_IRQHandler                     0x000002bb   Thumb Code     0  arm_startup_nrf52.o(.text)
    SWI3_EGU3_IRQHandler                     0x000002bb   Thumb Code     0  arm_startup_nrf52.o(.text)
    SWI4_EGU4_IRQHandler                     0x000002bb   Thumb Code     0  arm_startup_nrf52.o(.text)
    SWI5_EGU5_IRQHandler                     0x000002bb   Thumb Code     0  arm_startup_nrf52.o(.text)
    TEMP_IRQHandler                          0x000002bb   Thumb Code     0  arm_startup_nrf52.o(.text)
    TIMER0_IRQHandler                        0x000002bb   Thumb Code     0  arm_startup_nrf52.o(.text)
    TIMER1_IRQHandler                        0x000002bb   Thumb Code     0  arm_startup_nrf52.o(.text)
    TIMER2_IRQHandler                        0x000002bb   Thumb Code     0  arm_startup_nrf52.o(.text)
    TIMER3_IRQHandler                        0x000002bb   Thumb Code     0  arm_startup_nrf52.o(.text)
    TIMER4_IRQHandler                        0x000002bb   Thumb Code     0  arm_startup_nrf52.o(.text)
    UARTE0_UART0_IRQHandler                  0x000002bb   Thumb Code     0  arm_startup_nrf52.o(.text)
    WDT_IRQHandler                           0x000002bb   Thumb Code     0  arm_startup_nrf52.o(.text)
    __user_initial_stackheap                 0x000002bd   Thumb Code    10  arm_startup_nrf52.o(.text)
    __aeabi_memclr                           0x000002e1   Thumb Code     0  rt_memclr.o(.text)
    __rt_memclr                              0x000002e1   Thumb Code     0  rt_memclr.o(.text)
    _memset                                  0x000002e5   Thumb Code    64  rt_memclr.o(.text)
    __use_two_region_memory                  0x00000325   Thumb Code     2  heapauxi.o(.text)
    __rt_heap_escrow$2region                 0x00000327   Thumb Code     2  heapauxi.o(.text)
    __rt_heap_expand$2region                 0x00000329   Thumb Code     2  heapauxi.o(.text)
    __aeabi_memclr4                          0x0000032b   Thumb Code     0  rt_memclr_w.o(.text)
    __aeabi_memclr8                          0x0000032b   Thumb Code     0  rt_memclr_w.o(.text)
    __rt_memclr_w                            0x0000032b   Thumb Code     0  rt_memclr_w.o(.text)
    _memset_w                                0x0000032f   Thumb Code    74  rt_memclr_w.o(.text)
    __user_setup_stackheap                   0x00000379   Thumb Code    74  sys_stackheap_outer.o(.text)
    exit                                     0x000003c3   Thumb Code    18  exit.o(.text)
    __user_libspace                          0x000003d5   Thumb Code     8  libspace.o(.text)
    __user_perproc_libspace                  0x000003d5   Thumb Code     0  libspace.o(.text)
    __user_perthread_libspace                0x000003d5   Thumb Code     0  libspace.o(.text)
    _sys_exit                                0x000003dd   Thumb Code     8  sys_exit.o(.text)
    __I$use$semihosting                      0x000003e9   Thumb Code     0  use_no_semi.o(.text)
    __use_no_semihosting_swi                 0x000003e9   Thumb Code     2  use_no_semi.o(.text)
    __semihosting_library_function           0x000003eb   Thumb Code     0  indicate_semi.o(.text)
    App_Config                               0x000003ed   Thumb Code   150  app.o(.text.App_Config)
    App_Mainloop                             0x00000485   Thumb Code    60  app.o(.text.App_Mainloop)
    Clock_HFCLK_Xtal_Start_Request           0x000004c1   Thumb Code    44  clocks.o(.text.Clock_HFCLK_Xtal_Start_Request)
    Clock_HFCLK_Xtal_Started                 0x000004ed   Thumb Code    14  clocks.o(.text.Clock_HFCLK_Xtal_Started)
    Clock_HFCLK_Xtal_Wait_Until_Ready        0x000004fd   Thumb Code    14  clocks.o(.text.Clock_HFCLK_Xtal_Wait_Until_Ready)
    Clock_Init                               0x0000050d   Thumb Code     8  clocks.o(.text.Clock_Init)
    Clock_LFCLK_RC_Start                     0x00000515   Thumb Code    48  clocks.o(.text.Clock_LFCLK_RC_Start)
    Clock_Struct_Init                        0x00000545   Thumb Code    24  clocks.o(.text.Clock_Struct_Init)
    LED_Init                                 0x0000055d   Thumb Code    26  led.o(.text.LED_Init)
    RADIO_IRQHandler                         0x00000579   Thumb Code    50  radio.o(.text.RADIO_IRQHandler)
    RTC0_IRQHandler                          0x000005ad   Thumb Code    58  timeout.o(.text.RTC0_IRQHandler)
    Radio_CRC_Calculate_Block                0x000005e9   Thumb Code    36  radio.o(.text.Radio_CRC_Calculate_Block)
    Radio_CRC_Calculate_Byte                 0x0000060d   Thumb Code    40  radio.o(.text.Radio_CRC_Calculate_Byte)
    Radio_HFCLK_Stop                         0x00000635   Thumb Code    36  radio.o(.text.Radio_HFCLK_Stop)
    Radio_Init                               0x00000659   Thumb Code    16  radio.o(.text.Radio_Init)
    Radio_Len_PID_Update                     0x00000669   Thumb Code    16  radio.o(.text.Radio_Len_PID_Update)
    Radio_Mode_Disable                       0x00000679   Thumb Code    60  radio.o(.text.Radio_Mode_Disable)
    Radio_Power_Disable                      0x000006b5   Thumb Code    54  radio.o(.text.Radio_Power_Disable)
    Radio_Power_Down                         0x000006ed   Thumb Code    24  radio.o(.text.Radio_Power_Down)
    Radio_Power_Enable                       0x00000705   Thumb Code    52  radio.o(.text.Radio_Power_Enable)
    Radio_Reg_Init                           0x00000739   Thumb Code   132  radio.o(.text.Radio_Reg_Init)
    Radio_Struct_Init                        0x000007bd   Thumb Code    88  radio.o(.text.Radio_Struct_Init)
    Radio_Tx_Complete_Handler                0x00000815   Thumb Code    28  radio.o(.text.Radio_Tx_Complete_Handler)
    Radio_Tx_Packet                          0x00000831   Thumb Code   180  radio.o(.text.Radio_Tx_Packet)
    SystemCoreClockUpdate                    0x000008e5   Thumb Code    20  system_nrf52.o(.text.SystemCoreClockUpdate)
    SystemInit                               0x000008f9   Thumb Code   392  system_nrf52.o(.text.SystemInit)
    Timeout_Clear_Events                     0x00000a81   Thumb Code    54  timeout.o(.text.Timeout_Clear_Events)
    Timeout_Error_Assign                     0x00000ab9   Thumb Code    42  timeout.o(.text.Timeout_Error_Assign)
    Timeout_Error_Clear                      0x00000ae5   Thumb Code    14  timeout.o(.text.Timeout_Error_Clear)
    Timeout_Init                             0x00000af5   Thumb Code    12  timeout.o(.text.Timeout_Init)
    Timeout_Occured_Flag_Get                 0x00000b01   Thumb Code    12  timeout.o(.text.Timeout_Occured_Flag_Get)
    Timeout_Reg_Init                         0x00000b0d   Thumb Code    46  timeout.o(.text.Timeout_Reg_Init)
    Timeout_Set_MicroSeconds                 0x00000b3d   Thumb Code    60  timeout.o(.text.Timeout_Set_MicroSeconds)
    Timeout_Struct_Init                      0x00000b79   Thumb Code    20  timeout.o(.text.Timeout_Struct_Init)
    main                                     0x00000bad   Thumb Code    10  main.o(.text.main)
    _fp_init                                 0x00000de3   Thumb Code    26  fpinit.o(x$fpl$fpinit)
    __fplib_config_fpu_vfp                   0x00000dfb   Thumb Code     0  fpinit.o(x$fpl$fpinit)
    __fplib_config_pureend_doubles           0x00000dfb   Thumb Code     0  fpinit.o(x$fpl$fpinit)
    Region$$Table$$Base                      0x00000dfc   Number         0  anon$$obj.o(Region$$Table)
    Region$$Table$$Limit                     0x00000e1c   Number         0  anon$$obj.o(Region$$Table)
    SystemCoreClock                          0x20000000   Data           4  system_nrf52.o(.data.SystemCoreClock)
    __libspace_start                         0x20000008   Data          96  libspace.o(.bss)
    __temporary_stack_top$libspace           0x20000068   Data           0  libspace.o(.bss)
    buf                                      0x2000010c   Data          40  app.o(.bss.buf)



==============================================================================

Memory Map of the image

  Image Entry point : 0x000002a1

  Load Region LR_1 (Base: 0x00000000, Size: 0x00000e20, Max: 0xffffffff, ABSOLUTE)

    Execution Region ER_RO (Exec base: 0x00000000, Load base: 0x00000000, Size: 0x00000e1c, Max: 0xffffffff, ABSOLUTE)

    Exec Addr    Load Addr    Size         Type   Attr      Idx    E Section Name        Object

    0x00000000   0x00000000   0x00000200   Data   RO          405    RESET               arm_startup_nrf52.o
    0x00000200   0x00000200   0x00000008   Code   RO          461  * !!!main             c_w.l(__main.o)
    0x00000208   0x00000208   0x00000034   Code   RO          626    !!!scatter          c_w.l(__scatter.o)
    0x0000023c   0x0000023c   0x0000001a   Code   RO          628    !!handler_copy      c_w.l(__scatter_copy.o)
    0x00000256   0x00000256   0x00000002   PAD
    0x00000258   0x00000258   0x0000001c   Code   RO          630    !!handler_zi        c_w.l(__scatter_zi.o)
    0x00000274   0x00000274   0x00000002   Code   RO          490    .ARM.Collect$$libinit$$00000000  c_w.l(libinit.o)
    0x00000276   0x00000276   0x00000004   Code   RO          496    .ARM.Collect$$libinit$$00000001  c_w.l(libinit2.o)
    0x0000027a   0x0000027a   0x00000000   Code   RO          499    .ARM.Collect$$libinit$$00000004  c_w.l(libinit2.o)
    0x0000027a   0x0000027a   0x00000000   Code   RO          502    .ARM.Collect$$libinit$$0000000A  c_w.l(libinit2.o)
    0x0000027a   0x0000027a   0x00000000   Code   RO          504    .ARM.Collect$$libinit$$0000000C  c_w.l(libinit2.o)
    0x0000027a   0x0000027a   0x00000000   Code   RO          506    .ARM.Collect$$libinit$$0000000E  c_w.l(libinit2.o)
    0x0000027a   0x0000027a   0x00000000   Code   RO          509    .ARM.Collect$$libinit$$00000011  c_w.l(libinit2.o)
    0x0000027a   0x0000027a   0x00000000   Code   RO          511    .ARM.Collect$$libinit$$00000013  c_w.l(libinit2.o)
    0x0000027a   0x0000027a   0x00000000   Code   RO          513    .ARM.Collect$$libinit$$00000015  c_w.l(libinit2.o)
    0x0000027a   0x0000027a   0x00000000   Code   RO          515    .ARM.Collect$$libinit$$00000017  c_w.l(libinit2.o)
    0x0000027a   0x0000027a   0x00000000   Code   RO          517    .ARM.Collect$$libinit$$00000019  c_w.l(libinit2.o)
    0x0000027a   0x0000027a   0x00000000   Code   RO          519    .ARM.Collect$$libinit$$0000001B  c_w.l(libinit2.o)
    0x0000027a   0x0000027a   0x00000000   Code   RO          521    .ARM.Collect$$libinit$$0000001D  c_w.l(libinit2.o)
    0x0000027a   0x0000027a   0x00000000   Code   RO          523    .ARM.Collect$$libinit$$0000001F  c_w.l(libinit2.o)
    0x0000027a   0x0000027a   0x00000000   Code   RO          525    .ARM.Collect$$libinit$$00000021  c_w.l(libinit2.o)
    0x0000027a   0x0000027a   0x00000000   Code   RO          527    .ARM.Collect$$libinit$$00000023  c_w.l(libinit2.o)
    0x0000027a   0x0000027a   0x00000000   Code   RO          529    .ARM.Collect$$libinit$$00000025  c_w.l(libinit2.o)
    0x0000027a   0x0000027a   0x00000000   Code   RO          533    .ARM.Collect$$libinit$$0000002C  c_w.l(libinit2.o)
    0x0000027a   0x0000027a   0x00000000   Code   RO          535    .ARM.Collect$$libinit$$0000002E  c_w.l(libinit2.o)
    0x0000027a   0x0000027a   0x00000000   Code   RO          537    .ARM.Collect$$libinit$$00000030  c_w.l(libinit2.o)
    0x0000027a   0x0000027a   0x00000000   Code   RO          539    .ARM.Collect$$libinit$$00000032  c_w.l(libinit2.o)
    0x0000027a   0x0000027a   0x00000002   Code   RO          540    .ARM.Collect$$libinit$$00000033  c_w.l(libinit2.o)
    0x0000027c   0x0000027c   0x00000002   Code   RO          562    .ARM.Collect$$libshutdown$$00000000  c_w.l(libshutdown.o)
    0x0000027e   0x0000027e   0x00000000   Code   RO          577    .ARM.Collect$$libshutdown$$00000002  c_w.l(libshutdown2.o)
    0x0000027e   0x0000027e   0x00000000   Code   RO          579    .ARM.Collect$$libshutdown$$00000004  c_w.l(libshutdown2.o)
    0x0000027e   0x0000027e   0x00000000   Code   RO          582    .ARM.Collect$$libshutdown$$00000007  c_w.l(libshutdown2.o)
    0x0000027e   0x0000027e   0x00000000   Code   RO          585    .ARM.Collect$$libshutdown$$0000000A  c_w.l(libshutdown2.o)
    0x0000027e   0x0000027e   0x00000000   Code   RO          587    .ARM.Collect$$libshutdown$$0000000C  c_w.l(libshutdown2.o)
    0x0000027e   0x0000027e   0x00000000   Code   RO          590    .ARM.Collect$$libshutdown$$0000000F  c_w.l(libshutdown2.o)
    0x0000027e   0x0000027e   0x00000002   Code   RO          591    .ARM.Collect$$libshutdown$$00000010  c_w.l(libshutdown2.o)
    0x00000280   0x00000280   0x00000000   Code   RO          463    .ARM.Collect$$rtentry$$00000000  c_w.l(__rtentry.o)
    0x00000280   0x00000280   0x00000000   Code   RO          467    .ARM.Collect$$rtentry$$00000002  c_w.l(__rtentry2.o)
    0x00000280   0x00000280   0x00000006   Code   RO          479    .ARM.Collect$$rtentry$$00000004  c_w.l(__rtentry4.o)
    0x00000286   0x00000286   0x00000000   Code   RO          469    .ARM.Collect$$rtentry$$00000009  c_w.l(__rtentry2.o)
    0x00000286   0x00000286   0x00000004   Code   RO          470    .ARM.Collect$$rtentry$$0000000A  c_w.l(__rtentry2.o)
    0x0000028a   0x0000028a   0x00000000   Code   RO          472    .ARM.Collect$$rtentry$$0000000C  c_w.l(__rtentry2.o)
    0x0000028a   0x0000028a   0x00000008   Code   RO          473    .ARM.Collect$$rtentry$$0000000D  c_w.l(__rtentry2.o)
    0x00000292   0x00000292   0x00000002   Code   RO          494    .ARM.Collect$$rtexit$$00000000  c_w.l(rtexit.o)
    0x00000294   0x00000294   0x00000000   Code   RO          542    .ARM.Collect$$rtexit$$00000002  c_w.l(rtexit2.o)
    0x00000294   0x00000294   0x00000004   Code   RO          543    .ARM.Collect$$rtexit$$00000003  c_w.l(rtexit2.o)
    0x00000298   0x00000298   0x00000006   Code   RO          544    .ARM.Collect$$rtexit$$00000004  c_w.l(rtexit2.o)
    0x0000029e   0x0000029e   0x00000002   PAD
    0x000002a0   0x000002a0   0x00000040   Code   RO          406  * .text               arm_startup_nrf52.o
    0x000002e0   0x000002e0   0x00000044   Code   RO          457    .text               c_w.l(rt_memclr.o)
    0x00000324   0x00000324   0x00000006   Code   RO          459    .text               c_w.l(heapauxi.o)
    0x0000032a   0x0000032a   0x0000004e   Code   RO          464    .text               c_w.l(rt_memclr_w.o)
    0x00000378   0x00000378   0x0000004a   Code   RO          481    .text               c_w.l(sys_stackheap_outer.o)
    0x000003c2   0x000003c2   0x00000012   Code   RO          483    .text               c_w.l(exit.o)
    0x000003d4   0x000003d4   0x00000008   Code   RO          491    .text               c_w.l(libspace.o)
    0x000003dc   0x000003dc   0x0000000c   Code   RO          552    .text               c_w.l(sys_exit.o)
    0x000003e8   0x000003e8   0x00000002   Code   RO          567    .text               c_w.l(use_no_semi.o)
    0x000003ea   0x000003ea   0x00000000   Code   RO          569    .text               c_w.l(indicate_semi.o)
    0x000003ea   0x000003ea   0x00000002   PAD
    0x000003ec   0x000003ec   0x00000096   Code   RO            2    .text.App_Config    app.o
    0x00000482   0x00000482   0x00000002   PAD
    0x00000484   0x00000484   0x0000003c   Code   RO            4    .text.App_Mainloop  app.o
    0x000004c0   0x000004c0   0x0000002c   Code   RO          328    .text.Clock_HFCLK_Xtal_Start_Request  clocks.o
    0x000004ec   0x000004ec   0x0000000e   Code   RO          330    .text.Clock_HFCLK_Xtal_Started  clocks.o
    0x000004fa   0x000004fa   0x00000002   PAD
    0x000004fc   0x000004fc   0x0000000e   Code   RO          332    .text.Clock_HFCLK_Xtal_Wait_Until_Ready  clocks.o
    0x0000050a   0x0000050a   0x00000002   PAD
    0x0000050c   0x0000050c   0x00000008   Code   RO          360    .text.Clock_Init    clocks.o
    0x00000514   0x00000514   0x00000030   Code   RO          350    .text.Clock_LFCLK_RC_Start  clocks.o
    0x00000544   0x00000544   0x00000018   Code   RO          326    .text.Clock_Struct_Init  clocks.o
    0x0000055c   0x0000055c   0x0000001a   Code   RO          371    .text.LED_Init      led.o
    0x00000576   0x00000576   0x00000002   PAD
    0x00000578   0x00000578   0x00000032   Code   RO          142    .text.RADIO_IRQHandler  radio.o
    0x000005aa   0x000005aa   0x00000002   PAD
    0x000005ac   0x000005ac   0x0000003a   Code   RO           31    .text.RTC0_IRQHandler  timeout.o
    0x000005e6   0x000005e6   0x00000002   PAD
    0x000005e8   0x000005e8   0x00000024   Code   RO          104    .text.Radio_CRC_Calculate_Block  radio.o
    0x0000060c   0x0000060c   0x00000028   Code   RO          102    .text.Radio_CRC_Calculate_Byte  radio.o
    0x00000634   0x00000634   0x00000024   Code   RO          108    .text.Radio_HFCLK_Stop  radio.o
    0x00000658   0x00000658   0x00000010   Code   RO          156    .text.Radio_Init    radio.o
    0x00000668   0x00000668   0x00000010   Code   RO           84    .text.Radio_Len_PID_Update  radio.o
    0x00000678   0x00000678   0x0000003c   Code   RO          122    .text.Radio_Mode_Disable  radio.o
    0x000006b4   0x000006b4   0x00000036   Code   RO          116    .text.Radio_Power_Disable  radio.o
    0x000006ea   0x000006ea   0x00000002   PAD
    0x000006ec   0x000006ec   0x00000018   Code   RO          120    .text.Radio_Power_Down  radio.o
    0x00000704   0x00000704   0x00000034   Code   RO          114    .text.Radio_Power_Enable  radio.o
    0x00000738   0x00000738   0x00000084   Code   RO          110    .text.Radio_Reg_Init  radio.o
    0x000007bc   0x000007bc   0x00000058   Code   RO           72    .text.Radio_Struct_Init  radio.o
    0x00000814   0x00000814   0x0000001c   Code   RO          144    .text.Radio_Tx_Complete_Handler  radio.o
    0x00000830   0x00000830   0x000000b4   Code   RO          140    .text.Radio_Tx_Packet  radio.o
    0x000008e4   0x000008e4   0x00000014   Code   RO          417    .text.SystemCoreClockUpdate  system_nrf52.o
    0x000008f8   0x000008f8   0x00000188   Code   RO          419    .text.SystemInit    system_nrf52.o
    0x00000a80   0x00000a80   0x00000036   Code   RO           33    .text.Timeout_Clear_Events  timeout.o
    0x00000ab6   0x00000ab6   0x00000002   PAD
    0x00000ab8   0x00000ab8   0x0000002a   Code   RO           37    .text.Timeout_Error_Assign  timeout.o
    0x00000ae2   0x00000ae2   0x00000002   PAD
    0x00000ae4   0x00000ae4   0x0000000e   Code   RO           45    .text.Timeout_Error_Clear  timeout.o
    0x00000af2   0x00000af2   0x00000002   PAD
    0x00000af4   0x00000af4   0x0000000c   Code   RO           61    .text.Timeout_Init  timeout.o
    0x00000b00   0x00000b00   0x0000000c   Code   RO           39    .text.Timeout_Occured_Flag_Get  timeout.o
    0x00000b0c   0x00000b0c   0x0000002e   Code   RO           27    .text.Timeout_Reg_Init  timeout.o
    0x00000b3a   0x00000b3a   0x00000002   PAD
    0x00000b3c   0x00000b3c   0x0000003c   Code   RO           35    .text.Timeout_Set_MicroSeconds  timeout.o
    0x00000b78   0x00000b78   0x00000014   Code   RO           25    .text.Timeout_Struct_Init  timeout.o
    0x00000b8c   0x00000b8c   0x00000010   Code   RO           29    .text.__NVIC_EnableIRQ  timeout.o
    0x00000b9c   0x00000b9c   0x0000000e   Code   RO          112    .text.__NVIC_EnableIRQ  radio.o
    0x00000baa   0x00000baa   0x00000002   PAD
    0x00000bac   0x00000bac   0x0000000a   Code   RO           16    .text.main          main.o
    0x00000bb6   0x00000bb6   0x00000002   PAD
    0x00000bb8   0x00000bb8   0x00000028   Code   RO          445    .text.nrf52_configuration_249  system_nrf52.o
    0x00000be0   0x00000be0   0x00000022   Code   RO          437    .text.nrf52_errata_108  system_nrf52.o
    0x00000c02   0x00000c02   0x00000002   PAD
    0x00000c04   0x00000c04   0x00000022   Code   RO          421    .text.nrf52_errata_12  system_nrf52.o
    0x00000c26   0x00000c26   0x00000002   PAD
    0x00000c28   0x00000c28   0x00000022   Code   RO          439    .text.nrf52_errata_136  system_nrf52.o
    0x00000c4a   0x00000c4a   0x00000002   PAD
    0x00000c4c   0x00000c4c   0x0000002a   Code   RO          423    .text.nrf52_errata_16  system_nrf52.o
    0x00000c76   0x00000c76   0x00000002   PAD
    0x00000c78   0x00000c78   0x00000030   Code   RO          441    .text.nrf52_errata_182  system_nrf52.o
    0x00000ca8   0x00000ca8   0x00000022   Code   RO          425    .text.nrf52_errata_31  system_nrf52.o
    0x00000cca   0x00000cca   0x00000002   PAD
    0x00000ccc   0x00000ccc   0x0000002a   Code   RO          427    .text.nrf52_errata_32  system_nrf52.o
    0x00000cf6   0x00000cf6   0x00000002   PAD
    0x00000cf8   0x00000cf8   0x00000022   Code   RO          429    .text.nrf52_errata_36  system_nrf52.o
    0x00000d1a   0x00000d1a   0x00000002   PAD
    0x00000d1c   0x00000d1c   0x0000002a   Code   RO          431    .text.nrf52_errata_37  system_nrf52.o
    0x00000d46   0x00000d46   0x00000002   PAD
    0x00000d48   0x00000d48   0x0000002a   Code   RO          433    .text.nrf52_errata_57  system_nrf52.o
    0x00000d72   0x00000d72   0x00000002   PAD
    0x00000d74   0x00000d74   0x0000004a   Code   RO          435    .text.nrf52_errata_66  system_nrf52.o
    0x00000dbe   0x00000dbe   0x00000002   PAD
    0x00000dc0   0x00000dc0   0x00000022   Code   RO          443    .text.nrf52_handle_approtect  system_nrf52.o
    0x00000de2   0x00000de2   0x0000001a   Code   RO          550    x$fpl$fpinit        fz_wm.l(fpinit.o)
    0x00000dfc   0x00000dfc   0x00000020   Data   RO          625    Region$$Table       anon$$obj.o


    Execution Region ER_RW (Exec base: 0x20000000, Load base: 0x00000e1c, Size: 0x00000004, Max: 0xffffffff, ABSOLUTE)

    Exec Addr    Load Addr    Size         Type   Attr      Idx    E Section Name        Object

    0x20000000   0x00000e1c   0x00000004   Data   RW          447    .data.SystemCoreClock  system_nrf52.o


    Execution Region ER_ZI (Exec base: 0x20000008, Load base: 0x00000e20, Size: 0x00002130, Max: 0xffffffff, ABSOLUTE)

    Exec Addr    Load Addr    Size         Type   Attr      Idx    E Section Name        Object

    0x20000008        -       0x00000060   Zero   RW          492    .bss                c_w.l(libspace.o)
    0x20000068        -       0x00000001   Zero   RW          362    .bss.Clocks.0       clocks.o
    0x20000069        -       0x00000001   Zero   RW          363    .bss.Clocks.1       clocks.o
    0x2000006a   0x00000e20   0x00000006   PAD
    0x20000070        -       0x00000098   Zero   RW          158    .bss.Radio          radio.o
    0x20000108        -       0x00000004   Zero   RW           63    .bss.Timeout        timeout.o
    0x2000010c        -       0x00000028   Zero   RW            8    .bss.buf            app.o
    0x20000134   0x00000e20   0x00000004   PAD
    0x20000138        -       0x00001000   Zero   RW          404    HEAP                arm_startup_nrf52.o
    0x20001138        -       0x00001000   Zero   RW          403    STACK               arm_startup_nrf52.o


==============================================================================

Image component sizes


      Code (inc. data)   RO Data    RW Data    ZI Data      Debug   Object Name

       210          0          0          0         40       3072   app.o
        64         26        512          0       8192        948   arm_startup_nrf52.o
       152          0          0          0          2       3734   clocks.o
        26          0          0          0          0       1667   led.o
        10          0          0          0          0        362   main.o
       826          0          0          0        152      13287   radio.o
       946          0          0          4          0       9078   system_nrf52.o
       334          0          0          0          4       5170   timeout.o

    ----------------------------------------------------------------------
      2614         26        544          4       8400      37318   Object Totals
         0          0         32          0          0          0   (incl. Generated)
        46          0          0          0         10          0   (incl. Padding)

    ----------------------------------------------------------------------

      Code (inc. data)   RO Data    RW Data    ZI Data      Debug   Library Member Name

         8          0          0          0          0         68   __main.o
         0          0          0          0          0          0   __rtentry.o
        12          0          0          0          0          0   __rtentry2.o
         6          0          0          0          0          0   __rtentry4.o
        52          8          0          0          0          0   __scatter.o
        26          0          0          0          0          0   __scatter_copy.o
        28          0          0          0          0          0   __scatter_zi.o
        18          0          0          0          0         80   exit.o
         6          0          0          0          0        152   heapauxi.o
         0          0          0          0          0          0   indicate_semi.o
         2          0          0          0          0          0   libinit.o
         6          0          0          0          0          0   libinit2.o
         2          0          0          0          0          0   libshutdown.o
         2          0          0          0          0          0   libshutdown2.o
         8          4          0          0         96         68   libspace.o
        68          0          0          0          0         68   rt_memclr.o
        78          0          0          0          0         80   rt_memclr_w.o
         2          0          0          0          0          0   rtexit.o
        10          0          0          0          0          0   rtexit2.o
        12          4          0          0          0         68   sys_exit.o
        74          0          0          0          0         80   sys_stackheap_outer.o
         2          0          0          0          0         68   use_no_semi.o
        26          0          0          0          0        116   fpinit.o

    ----------------------------------------------------------------------
       454         16          0          0         96        848   Library Totals
         6          0          0          0          0          0   (incl. Padding)

    ----------------------------------------------------------------------

      Code (inc. data)   RO Data    RW Data    ZI Data      Debug   Library Name

       422         16          0          0         96        732   c_w.l
        26          0          0          0          0        116   fz_wm.l

    ----------------------------------------------------------------------
       454         16          0          0         96        848   Library Totals

    ----------------------------------------------------------------------

==============================================================================


      Code (inc. data)   RO Data    RW Data    ZI Data      Debug   

      3068         42        544          4       8496      37786   Grand Totals
      3068         42        544          4       8496      37786   ELF Image Totals
      3068         42        544          4          0          0   ROM Totals

==============================================================================

    Total RO  Size (Code + RO Data)                 3612 (   3.53kB)
    Total RW  Size (RW Data + ZI Data)              8500 (   8.30kB)
    Total ROM Size (Code + RO Data + RW Data)       3616 (   3.53kB)

==============================================================================

